ARM GAS  C:\Users\user\AppData\Local\Temp\ccAxEFAH.s 			page 1


   1              		.cpu cortex-m4
   2              		.arch armv7e-m
   3              		.fpu fpv4-sp-d16
   4              		.eabi_attribute 27, 1
   5              		.eabi_attribute 28, 1
   6              		.eabi_attribute 20, 1
   7              		.eabi_attribute 21, 1
   8              		.eabi_attribute 23, 3
   9              		.eabi_attribute 24, 1
  10              		.eabi_attribute 25, 1
  11              		.eabi_attribute 26, 1
  12              		.eabi_attribute 30, 1
  13              		.eabi_attribute 34, 1
  14              		.eabi_attribute 18, 4
  15              		.file	"bsp_spi.c"
  16              		.text
  17              	.Ltext0:
  18              		.cfi_sections	.debug_frame
  19              		.file 1 "bsp/Src/bsp_spi.c"
  20              		.section	.text.SPI1_Init_BareMetal,"ax",%progbits
  21              		.align	1
  22              		.global	SPI1_Init_BareMetal
  23              		.syntax unified
  24              		.thumb
  25              		.thumb_func
  27              	SPI1_Init_BareMetal:
  28              	.LFB134:
   1:bsp/Src/bsp_spi.c **** /**
   2:bsp/Src/bsp_spi.c ****   ******************************************************************************
   3:bsp/Src/bsp_spi.c ****   * @file    bsp_spi.c
   4:bsp/Src/bsp_spi.c ****   * @brief   Bare-metal SPI1 Driver Implementation
   5:bsp/Src/bsp_spi.c ****   ******************************************************************************
   6:bsp/Src/bsp_spi.c ****   */
   7:bsp/Src/bsp_spi.c **** #include "bsp_spi.h"
   8:bsp/Src/bsp_spi.c **** 
   9:bsp/Src/bsp_spi.c **** /**
  10:bsp/Src/bsp_spi.c ****  * @brief  初始化 SPI1 與 GPIO 腳位
  11:bsp/Src/bsp_spi.c ****  * @note   - PA5(CLK), PA6(MISO), PA7(MOSI) 設為硬體 AF5
  12:bsp/Src/bsp_spi.c ****  *         - PB6(D10) 設為一般推挽輸出，作為軟體控制的 CS 腳位
  13:bsp/Src/bsp_spi.c ****  *         - 速度降為 2MHz 確保杜邦線傳輸穩定
  14:bsp/Src/bsp_spi.c ****  */
  15:bsp/Src/bsp_spi.c **** void SPI1_Init_BareMetal(void) {
  29              		.loc 1 15 32 view -0
  30              		.cfi_startproc
  31              		@ args = 0, pretend = 0, frame = 0
  32              		@ frame_needed = 0, uses_anonymous_args = 0
  33              		@ link register save eliminated.
  16:bsp/Src/bsp_spi.c ****     // 1. 開啟 GPIOA, GPIOB 與 SPI1 的時鐘
  17:bsp/Src/bsp_spi.c ****     RCC->AHB1ENR |= RCC_AHB1ENR_GPIOAEN | RCC_AHB1ENR_GPIOBEN;
  34              		.loc 1 17 5 view .LVU1
  35              		.loc 1 17 8 is_stmt 0 view .LVU2
  36 0000 224B     		ldr	r3, .L2
  37 0002 1A6B     		ldr	r2, [r3, #48]
  38              		.loc 1 17 18 view .LVU3
  39 0004 42F00302 		orr	r2, r2, #3
  40 0008 1A63     		str	r2, [r3, #48]
  18:bsp/Src/bsp_spi.c ****     RCC->APB2ENR |= RCC_APB2ENR_SPI1EN; 
ARM GAS  C:\Users\user\AppData\Local\Temp\ccAxEFAH.s 			page 2


  41              		.loc 1 18 5 is_stmt 1 view .LVU4
  42              		.loc 1 18 8 is_stmt 0 view .LVU5
  43 000a 5A6C     		ldr	r2, [r3, #68]
  44              		.loc 1 18 18 view .LVU6
  45 000c 42F48052 		orr	r2, r2, #4096
  46 0010 5A64     		str	r2, [r3, #68]
  19:bsp/Src/bsp_spi.c **** 
  20:bsp/Src/bsp_spi.c ****     // 2. 設定 PA5, PA6, PA7 為 Alternate Function (AF5)
  21:bsp/Src/bsp_spi.c ****     GPIOA->MODER &= ~(GPIO_MODER_MODER5 | GPIO_MODER_MODER6 | GPIO_MODER_MODER7);
  47              		.loc 1 21 5 is_stmt 1 view .LVU7
  48              		.loc 1 21 10 is_stmt 0 view .LVU8
  49 0012 A3F56053 		sub	r3, r3, #14336
  50 0016 1A68     		ldr	r2, [r3]
  51              		.loc 1 21 18 view .LVU9
  52 0018 22F47C42 		bic	r2, r2, #64512
  53 001c 1A60     		str	r2, [r3]
  22:bsp/Src/bsp_spi.c ****     GPIOA->MODER |= (GPIO_MODER_MODER5_1 | GPIO_MODER_MODER6_1 | GPIO_MODER_MODER7_1);
  54              		.loc 1 22 5 is_stmt 1 view .LVU10
  55              		.loc 1 22 10 is_stmt 0 view .LVU11
  56 001e 1A68     		ldr	r2, [r3]
  57              		.loc 1 22 18 view .LVU12
  58 0020 42F42842 		orr	r2, r2, #43008
  59 0024 1A60     		str	r2, [r3]
  23:bsp/Src/bsp_spi.c ****     GPIOA->OSPEEDR |= (GPIO_OSPEEDER_OSPEEDR5 | GPIO_OSPEEDER_OSPEEDR6 | GPIO_OSPEEDER_OSPEEDR7);
  60              		.loc 1 23 5 is_stmt 1 view .LVU13
  61              		.loc 1 23 10 is_stmt 0 view .LVU14
  62 0026 9A68     		ldr	r2, [r3, #8]
  63              		.loc 1 23 20 view .LVU15
  64 0028 42F47C42 		orr	r2, r2, #64512
  65 002c 9A60     		str	r2, [r3, #8]
  24:bsp/Src/bsp_spi.c ****     GPIOA->AFR[0] &= ~((0xF << 20) | (0xF << 24) | (0xF << 28));
  66              		.loc 1 24 5 is_stmt 1 view .LVU16
  67              		.loc 1 24 15 is_stmt 0 view .LVU17
  68 002e 1A6A     		ldr	r2, [r3, #32]
  69              		.loc 1 24 19 view .LVU18
  70 0030 C2F31302 		ubfx	r2, r2, #0, #20
  71 0034 1A62     		str	r2, [r3, #32]
  25:bsp/Src/bsp_spi.c ****     GPIOA->AFR[0] |= ((5 << 20) | (5 << 24) | (5 << 28));
  72              		.loc 1 25 5 is_stmt 1 view .LVU19
  73              		.loc 1 25 15 is_stmt 0 view .LVU20
  74 0036 1A6A     		ldr	r2, [r3, #32]
  75              		.loc 1 25 19 view .LVU21
  76 0038 42F0AA42 		orr	r2, r2, #1426063360
  77 003c 42F4A002 		orr	r2, r2, #5242880
  78 0040 1A62     		str	r2, [r3, #32]
  26:bsp/Src/bsp_spi.c **** 
  27:bsp/Src/bsp_spi.c ****     // 3. 設定 PB6 為 Output (作為 Software CS 腳)
  28:bsp/Src/bsp_spi.c ****     GPIOB->MODER &= ~GPIO_MODER_MODER6;
  79              		.loc 1 28 5 is_stmt 1 view .LVU22
  80              		.loc 1 28 10 is_stmt 0 view .LVU23
  81 0042 03F58063 		add	r3, r3, #1024
  82 0046 1A68     		ldr	r2, [r3]
  83              		.loc 1 28 18 view .LVU24
  84 0048 22F44052 		bic	r2, r2, #12288
  85 004c 1A60     		str	r2, [r3]
  29:bsp/Src/bsp_spi.c ****     GPIOB->MODER |= GPIO_MODER_MODER6_0;
  86              		.loc 1 29 5 is_stmt 1 view .LVU25
ARM GAS  C:\Users\user\AppData\Local\Temp\ccAxEFAH.s 			page 3


  87              		.loc 1 29 10 is_stmt 0 view .LVU26
  88 004e 1A68     		ldr	r2, [r3]
  89              		.loc 1 29 18 view .LVU27
  90 0050 42F48052 		orr	r2, r2, #4096
  91 0054 1A60     		str	r2, [r3]
  30:bsp/Src/bsp_spi.c ****     GPIOB->OSPEEDR |= GPIO_OSPEEDER_OSPEEDR6; 
  92              		.loc 1 30 5 is_stmt 1 view .LVU28
  93              		.loc 1 30 10 is_stmt 0 view .LVU29
  94 0056 9A68     		ldr	r2, [r3, #8]
  95              		.loc 1 30 20 view .LVU30
  96 0058 42F44052 		orr	r2, r2, #12288
  97 005c 9A60     		str	r2, [r3, #8]
  31:bsp/Src/bsp_spi.c ****     GPIOB->BSRR = GPIO_BSRR_BS_6; // 預設拉高 (取消選取)
  98              		.loc 1 31 5 is_stmt 1 view .LVU31
  99              		.loc 1 31 17 is_stmt 0 view .LVU32
 100 005e 4022     		movs	r2, #64
 101 0060 9A61     		str	r2, [r3, #24]
  32:bsp/Src/bsp_spi.c **** 
  33:bsp/Src/bsp_spi.c ****     // 4. 設定 SPI1 控制暫存器
  34:bsp/Src/bsp_spi.c ****     SPI1->CR1 = 0; 
 102              		.loc 1 34 5 is_stmt 1 view .LVU33
 103              		.loc 1 34 15 is_stmt 0 view .LVU34
 104 0062 A3F55443 		sub	r3, r3, #54272
 105 0066 0022     		movs	r2, #0
 106 0068 1A60     		str	r2, [r3]
  35:bsp/Src/bsp_spi.c ****     SPI1->CR1 |= (2 << 3);              // BR[2:0] = 010 (fPCLK/8 = 2MHz)
 107              		.loc 1 35 5 is_stmt 1 view .LVU35
 108              		.loc 1 35 9 is_stmt 0 view .LVU36
 109 006a 1A68     		ldr	r2, [r3]
 110              		.loc 1 35 15 view .LVU37
 111 006c 42F01002 		orr	r2, r2, #16
 112 0070 1A60     		str	r2, [r3]
  36:bsp/Src/bsp_spi.c ****     SPI1->CR1 |= SPI_CR1_SSM | SPI_CR1_SSI; // 軟體 NSS 管理
 113              		.loc 1 36 5 is_stmt 1 view .LVU38
 114              		.loc 1 36 9 is_stmt 0 view .LVU39
 115 0072 1A68     		ldr	r2, [r3]
 116              		.loc 1 36 15 view .LVU40
 117 0074 42F44072 		orr	r2, r2, #768
 118 0078 1A60     		str	r2, [r3]
  37:bsp/Src/bsp_spi.c ****     SPI1->CR1 |= SPI_CR1_MSTR;          // Master 模式
 119              		.loc 1 37 5 is_stmt 1 view .LVU41
 120              		.loc 1 37 9 is_stmt 0 view .LVU42
 121 007a 1A68     		ldr	r2, [r3]
 122              		.loc 1 37 15 view .LVU43
 123 007c 42F00402 		orr	r2, r2, #4
 124 0080 1A60     		str	r2, [r3]
  38:bsp/Src/bsp_spi.c ****     SPI1->CR1 |= SPI_CR1_SPE;           // 啟動 SPI
 125              		.loc 1 38 5 is_stmt 1 view .LVU44
 126              		.loc 1 38 9 is_stmt 0 view .LVU45
 127 0082 1A68     		ldr	r2, [r3]
 128              		.loc 1 38 15 view .LVU46
 129 0084 42F04002 		orr	r2, r2, #64
 130 0088 1A60     		str	r2, [r3]
  39:bsp/Src/bsp_spi.c **** }
 131              		.loc 1 39 1 view .LVU47
 132 008a 7047     		bx	lr
 133              	.L3:
ARM GAS  C:\Users\user\AppData\Local\Temp\ccAxEFAH.s 			page 4


 134              		.align	2
 135              	.L2:
 136 008c 00380240 		.word	1073887232
 137              		.cfi_endproc
 138              	.LFE134:
 140              		.section	.text.SPI1_TxRxByte,"ax",%progbits
 141              		.align	1
 142              		.global	SPI1_TxRxByte
 143              		.syntax unified
 144              		.thumb
 145              		.thumb_func
 147              	SPI1_TxRxByte:
 148              	.LFB135:
  40:bsp/Src/bsp_spi.c **** 
  41:bsp/Src/bsp_spi.c **** /**
  42:bsp/Src/bsp_spi.c ****  * @brief  SPI 全雙工收發 1 Byte
  43:bsp/Src/bsp_spi.c ****  * @note   將資料送進暫存器，並等待硬體時鐘交換完畢後，回傳收到的資料
  44:bsp/Src/bsp_spi.c ****  */
  45:bsp/Src/bsp_spi.c **** uint8_t SPI1_TxRxByte(uint8_t tx_data) {
 149              		.loc 1 45 40 is_stmt 1 view -0
 150              		.cfi_startproc
 151              		@ args = 0, pretend = 0, frame = 0
 152              		@ frame_needed = 0, uses_anonymous_args = 0
 153              		@ link register save eliminated.
 154              	.LVL0:
 155              	.L5:
  46:bsp/Src/bsp_spi.c ****     // 等待發送緩衝區淨空 (TXE = 1)
  47:bsp/Src/bsp_spi.c ****     while (!(SPI1->SR & SPI_SR_TXE));
 156              		.loc 1 47 12 discriminator 1 view .LVU49
 157              		.loc 1 47 18 is_stmt 0 discriminator 1 view .LVU50
 158 0000 074B     		ldr	r3, .L7
 159 0002 9B68     		ldr	r3, [r3, #8]
 160              		.loc 1 47 12 discriminator 1 view .LVU51
 161 0004 13F0020F 		tst	r3, #2
 162 0008 FAD0     		beq	.L5
  48:bsp/Src/bsp_spi.c ****     
  49:bsp/Src/bsp_spi.c ****     // 寫入資料以啟動時鐘傳輸
  50:bsp/Src/bsp_spi.c ****     SPI1->DR = tx_data;
 163              		.loc 1 50 5 is_stmt 1 view .LVU52
 164              		.loc 1 50 14 is_stmt 0 view .LVU53
 165 000a 054B     		ldr	r3, .L7
 166 000c D860     		str	r0, [r3, #12]
  51:bsp/Src/bsp_spi.c ****     
  52:bsp/Src/bsp_spi.c ****     // 等待接收緩衝區收到資料 (RXNE = 1)
  53:bsp/Src/bsp_spi.c ****     while (!(SPI1->SR & SPI_SR_RXNE));
 167              		.loc 1 53 5 is_stmt 1 view .LVU54
 168              	.L6:
 169              		.loc 1 53 12 discriminator 1 view .LVU55
 170              		.loc 1 53 18 is_stmt 0 discriminator 1 view .LVU56
 171 000e 044B     		ldr	r3, .L7
 172 0010 9B68     		ldr	r3, [r3, #8]
 173              		.loc 1 53 12 discriminator 1 view .LVU57
 174 0012 13F0010F 		tst	r3, #1
 175 0016 FAD0     		beq	.L6
  54:bsp/Src/bsp_spi.c ****     
  55:bsp/Src/bsp_spi.c ****     // 讀取並回傳交換回來的資料
  56:bsp/Src/bsp_spi.c ****     return SPI1->DR;
ARM GAS  C:\Users\user\AppData\Local\Temp\ccAxEFAH.s 			page 5


 176              		.loc 1 56 5 is_stmt 1 view .LVU58
 177              		.loc 1 56 16 is_stmt 0 view .LVU59
 178 0018 014B     		ldr	r3, .L7
 179 001a D868     		ldr	r0, [r3, #12]
 180              	.LVL1:
  57:bsp/Src/bsp_spi.c **** }...
 181              		.loc 1 57 1 view .LVU60
 182 001c C0B2     		uxtb	r0, r0
 183 001e 7047     		bx	lr
 184              	.L8:
 185              		.align	2
 186              	.L7:
 187 0020 00300140 		.word	1073819648
 188              		.cfi_endproc
 189              	.LFE135:
 191              		.text
 192              	.Letext0:
 193              		.file 2 "C:/arm-gnu-toolchain-15.3.rel1-mingw-w64-i686-arm-none-eabi/arm-none-eabi/include/machine
 194              		.file 3 "C:/arm-gnu-toolchain-15.3.rel1-mingw-w64-i686-arm-none-eabi/arm-none-eabi/include/sys/_st
 195              		.file 4 "Drivers/CMSIS/Device/ST/STM32F4xx/Include/stm32f446xx.h"
ARM GAS  C:\Users\user\AppData\Local\Temp\ccAxEFAH.s 			page 6


DEFINED SYMBOLS
                            *ABS*:00000000 bsp_spi.c
C:\Users\user\AppData\Local\Temp\ccAxEFAH.s:21     .text.SPI1_Init_BareMetal:00000000 $t
C:\Users\user\AppData\Local\Temp\ccAxEFAH.s:27     .text.SPI1_Init_BareMetal:00000000 SPI1_Init_BareMetal
C:\Users\user\AppData\Local\Temp\ccAxEFAH.s:136    .text.SPI1_Init_BareMetal:0000008c $d
C:\Users\user\AppData\Local\Temp\ccAxEFAH.s:141    .text.SPI1_TxRxByte:00000000 $t
C:\Users\user\AppData\Local\Temp\ccAxEFAH.s:147    .text.SPI1_TxRxByte:00000000 SPI1_TxRxByte
C:\Users\user\AppData\Local\Temp\ccAxEFAH.s:187    .text.SPI1_TxRxByte:00000020 $d

NO UNDEFINED SYMBOLS
