ARM GAS  C:\Users\user\AppData\Local\Temp\ccMxwcNF.s 			page 1


   1              		.cpu cortex-m4
   2              		.arch armv7e-m
   3              		.fpu fpv4-sp-d16
   4              		.eabi_attribute 27, 1
   5              		.eabi_attribute 28, 1
   6              		.eabi_attribute 20, 1
   7              		.eabi_attribute 21, 1
   8              		.eabi_attribute 23, 3
   9              		.eabi_attribute 24, 1
  10              		.eabi_attribute 25, 1
  11              		.eabi_attribute 26, 1
  12              		.eabi_attribute 30, 1
  13              		.eabi_attribute 34, 1
  14              		.eabi_attribute 18, 4
  15              		.file	"gpio.c"
  16              		.text
  17              	.Ltext0:
  18              		.cfi_sections	.debug_frame
  19              		.file 1 "Core/Src/gpio.c"
  20              		.section	.text.MX_GPIO_Init,"ax",%progbits
  21              		.align	1
  22              		.global	MX_GPIO_Init
  23              		.syntax unified
  24              		.thumb
  25              		.thumb_func
  27              	MX_GPIO_Init:
  28              	.LFB134:
   1:Core/Src/gpio.c **** /* USER CODE BEGIN Header */
   2:Core/Src/gpio.c **** /**
   3:Core/Src/gpio.c ****   ******************************************************************************
   4:Core/Src/gpio.c ****   * @file    gpio.c
   5:Core/Src/gpio.c ****   * @brief   This file provides code for the configuration
   6:Core/Src/gpio.c ****   *          of all used GPIO pins.
   7:Core/Src/gpio.c ****   ******************************************************************************
   8:Core/Src/gpio.c ****   * @attention
   9:Core/Src/gpio.c ****   *
  10:Core/Src/gpio.c ****   * Copyright (c) 2026 STMicroelectronics.
  11:Core/Src/gpio.c ****   * All rights reserved.
  12:Core/Src/gpio.c ****   *
  13:Core/Src/gpio.c ****   * This software is licensed under terms that can be found in the LICENSE file
  14:Core/Src/gpio.c ****   * in the root directory of this software component.
  15:Core/Src/gpio.c ****   * If no LICENSE file comes with this software, it is provided AS-IS.
  16:Core/Src/gpio.c ****   *
  17:Core/Src/gpio.c ****   ******************************************************************************
  18:Core/Src/gpio.c ****   */
  19:Core/Src/gpio.c **** /* USER CODE END Header */
  20:Core/Src/gpio.c **** 
  21:Core/Src/gpio.c **** /* Includes ------------------------------------------------------------------*/
  22:Core/Src/gpio.c **** #include "gpio.h"
  23:Core/Src/gpio.c **** 
  24:Core/Src/gpio.c **** /* USER CODE BEGIN 0 */
  25:Core/Src/gpio.c **** 
  26:Core/Src/gpio.c **** /* USER CODE END 0 */
  27:Core/Src/gpio.c **** 
  28:Core/Src/gpio.c **** /*----------------------------------------------------------------------------*/
  29:Core/Src/gpio.c **** /* Configure GPIO                                                             */
  30:Core/Src/gpio.c **** /*----------------------------------------------------------------------------*/
ARM GAS  C:\Users\user\AppData\Local\Temp\ccMxwcNF.s 			page 2


  31:Core/Src/gpio.c **** /* USER CODE BEGIN 1 */
  32:Core/Src/gpio.c **** 
  33:Core/Src/gpio.c **** /* USER CODE END 1 */
  34:Core/Src/gpio.c **** 
  35:Core/Src/gpio.c **** /** Configure pins as
  36:Core/Src/gpio.c ****         * Analog
  37:Core/Src/gpio.c ****         * Input
  38:Core/Src/gpio.c ****         * Output
  39:Core/Src/gpio.c ****         * EVENT_OUT
  40:Core/Src/gpio.c ****         * EXTI
  41:Core/Src/gpio.c **** */
  42:Core/Src/gpio.c **** void MX_GPIO_Init(void)
  43:Core/Src/gpio.c **** {
  29              		.loc 1 43 1 view -0
  30              		.cfi_startproc
  31              		@ args = 0, pretend = 0, frame = 32
  32              		@ frame_needed = 0, uses_anonymous_args = 0
  33 0000 10B5     		push	{r4, lr}
  34              	.LCFI0:
  35              		.cfi_def_cfa_offset 8
  36              		.cfi_offset 4, -8
  37              		.cfi_offset 14, -4
  38 0002 88B0     		sub	sp, sp, #32
  39              	.LCFI1:
  40              		.cfi_def_cfa_offset 40
  44:Core/Src/gpio.c ****   GPIO_InitTypeDef GPIO_InitStruct = {0};
  41              		.loc 1 44 3 view .LVU1
  42              		.loc 1 44 20 is_stmt 0 view .LVU2
  43 0004 03A9     		add	r1, sp, #12
  44 0006 0024     		movs	r4, #0
  45 0008 0394     		str	r4, [sp, #12]
  46 000a 4C60     		str	r4, [r1, #4]
  47 000c 8C60     		str	r4, [r1, #8]
  48 000e CC60     		str	r4, [r1, #12]
  49 0010 0C61     		str	r4, [r1, #16]
  45:Core/Src/gpio.c **** 
  46:Core/Src/gpio.c ****   /* GPIO Ports Clock Enable */
  47:Core/Src/gpio.c ****   __HAL_RCC_GPIOC_CLK_ENABLE(); /* 打開 GPIOC 的時鐘 (PC13 在這裡) */
  50              		.loc 1 47 3 is_stmt 1 view .LVU3
  51              	.LBB2:
  52              		.loc 1 47 3 view .LVU4
  53 0012 0194     		str	r4, [sp, #4]
  54              		.loc 1 47 3 view .LVU5
  55 0014 134B     		ldr	r3, .L3
  56 0016 1A6B     		ldr	r2, [r3, #48]
  57 0018 42F00402 		orr	r2, r2, #4
  58 001c 1A63     		str	r2, [r3, #48]
  59              		.loc 1 47 3 view .LVU6
  60 001e 1A6B     		ldr	r2, [r3, #48]
  61 0020 02F00402 		and	r2, r2, #4
  62 0024 0192     		str	r2, [sp, #4]
  63              		.loc 1 47 3 view .LVU7
  64 0026 019A     		ldr	r2, [sp, #4]
  65              	.LBE2:
  66              		.loc 1 47 3 view .LVU8
  48:Core/Src/gpio.c ****   __HAL_RCC_GPIOA_CLK_ENABLE(); /* 打開 GPIOA 的時鐘 */
  67              		.loc 1 48 3 view .LVU9
ARM GAS  C:\Users\user\AppData\Local\Temp\ccMxwcNF.s 			page 3


  68              	.LBB3:
  69              		.loc 1 48 3 view .LVU10
  70 0028 0294     		str	r4, [sp, #8]
  71              		.loc 1 48 3 view .LVU11
  72 002a 1A6B     		ldr	r2, [r3, #48]
  73 002c 42F00102 		orr	r2, r2, #1
  74 0030 1A63     		str	r2, [r3, #48]
  75              		.loc 1 48 3 view .LVU12
  76 0032 1B6B     		ldr	r3, [r3, #48]
  77 0034 03F00103 		and	r3, r3, #1
  78 0038 0293     		str	r3, [sp, #8]
  79              		.loc 1 48 3 view .LVU13
  80 003a 029B     		ldr	r3, [sp, #8]
  81              	.LBE3:
  82              		.loc 1 48 3 view .LVU14
  49:Core/Src/gpio.c **** 
  50:Core/Src/gpio.c ****   /* Configure GPIO pin : PC13 (User Button) */
  51:Core/Src/gpio.c ****   GPIO_InitStruct.Pin = GPIO_PIN_13;
  83              		.loc 1 51 3 view .LVU15
  84              		.loc 1 51 23 is_stmt 0 view .LVU16
  85 003c 4FF40053 		mov	r3, #8192
  86 0040 0393     		str	r3, [sp, #12]
  52:Core/Src/gpio.c ****   GPIO_InitStruct.Mode = GPIO_MODE_IT_FALLING; /* 設為下降沿觸發 (按下按鈕的瞬間) */
  87              		.loc 1 52 3 is_stmt 1 view .LVU17
  88              		.loc 1 52 24 is_stmt 0 view .LVU18
  89 0042 4FF40413 		mov	r3, #2162688
  90 0046 0493     		str	r3, [sp, #16]
  53:Core/Src/gpio.c ****   GPIO_InitStruct.Pull = GPIO_NOPULL;
  91              		.loc 1 53 3 is_stmt 1 view .LVU19
  54:Core/Src/gpio.c ****   HAL_GPIO_Init(GPIOC, &GPIO_InitStruct);
  92              		.loc 1 54 3 view .LVU20
  93 0048 0748     		ldr	r0, .L3+4
  94 004a FFF7FEFF 		bl	HAL_GPIO_Init
  95              	.LVL0:
  55:Core/Src/gpio.c **** 
  56:Core/Src/gpio.c ****   /* EXTI interrupt init*/
  57:Core/Src/gpio.c ****   /* 🌟 重要：FreeRTOS 環境下，呼叫 FromISR API 的中斷優先權必須 >= 5 */
  58:Core/Src/gpio.c ****   HAL_NVIC_SetPriority(EXTI15_10_IRQn, 6, 0); 
  96              		.loc 1 58 3 view .LVU21
  97 004e 2246     		mov	r2, r4
  98 0050 0621     		movs	r1, #6
  99 0052 2820     		movs	r0, #40
 100 0054 FFF7FEFF 		bl	HAL_NVIC_SetPriority
 101              	.LVL1:
  59:Core/Src/gpio.c ****   HAL_NVIC_EnableIRQ(EXTI15_10_IRQn);
 102              		.loc 1 59 3 view .LVU22
 103 0058 2820     		movs	r0, #40
 104 005a FFF7FEFF 		bl	HAL_NVIC_EnableIRQ
 105              	.LVL2:
  60:Core/Src/gpio.c **** }
 106              		.loc 1 60 1 is_stmt 0 view .LVU23
 107 005e 08B0     		add	sp, sp, #32
 108              	.LCFI2:
 109              		.cfi_def_cfa_offset 8
 110              		@ sp needed
 111 0060 10BD     		pop	{r4, pc}
 112              	.L4:
ARM GAS  C:\Users\user\AppData\Local\Temp\ccMxwcNF.s 			page 4


 113 0062 00BF     		.align	2
 114              	.L3:
 115 0064 00380240 		.word	1073887232
 116 0068 00080240 		.word	1073874944
 117              		.cfi_endproc
 118              	.LFE134:
 120              		.text
 121              	.Letext0:
 122              		.file 2 "Drivers/CMSIS/Device/ST/STM32F4xx/Include/stm32f446xx.h"
 123              		.file 3 "C:/arm-gnu-toolchain-15.3.rel1-mingw-w64-i686-arm-none-eabi/arm-none-eabi/include/machine
 124              		.file 4 "C:/arm-gnu-toolchain-15.3.rel1-mingw-w64-i686-arm-none-eabi/arm-none-eabi/include/sys/_st
 125              		.file 5 "Drivers/STM32F4xx_HAL_Driver/Inc/stm32f4xx_hal_gpio.h"
 126              		.file 6 "Drivers/STM32F4xx_HAL_Driver/Inc/stm32f4xx_hal_cortex.h"
ARM GAS  C:\Users\user\AppData\Local\Temp\ccMxwcNF.s 			page 5


DEFINED SYMBOLS
                            *ABS*:00000000 gpio.c
C:\Users\user\AppData\Local\Temp\ccMxwcNF.s:21     .text.MX_GPIO_Init:00000000 $t
C:\Users\user\AppData\Local\Temp\ccMxwcNF.s:27     .text.MX_GPIO_Init:00000000 MX_GPIO_Init
C:\Users\user\AppData\Local\Temp\ccMxwcNF.s:115    .text.MX_GPIO_Init:00000064 $d

UNDEFINED SYMBOLS
HAL_GPIO_Init
HAL_NVIC_SetPriority
HAL_NVIC_EnableIRQ
