ARM GAS  C:\Users\user\AppData\Local\Temp\cc4pwk3g.s 			page 1


   1              		.cpu cortex-m4
   2              		.arch armv7e-m
   3              		.fpu fpv4-sp-d16
   4              		.eabi_attribute 27, 1
   5              		.eabi_attribute 28, 1
   6              		.eabi_attribute 20, 1
   7              		.eabi_attribute 21, 1
   8              		.eabi_attribute 23, 3
   9              		.eabi_attribute 24, 1
  10              		.eabi_attribute 25, 1
  11              		.eabi_attribute 26, 1
  12              		.eabi_attribute 30, 1
  13              		.eabi_attribute 34, 1
  14              		.eabi_attribute 18, 4
  15              		.file	"list.c"
  16              		.text
  17              	.Ltext0:
  18              		.cfi_sections	.debug_frame
  19              		.file 1 "FreeRTOS/src/list.c"
  20              		.section	.text.vListInitialise,"ax",%progbits
  21              		.align	1
  22              		.global	vListInitialise
  23              		.syntax unified
  24              		.thumb
  25              		.thumb_func
  27              	vListInitialise:
  28              	.LVL0:
  29              	.LFB138:
   1:FreeRTOS/src/list.c **** /*
   2:FreeRTOS/src/list.c ****  * FreeRTOS Kernel <DEVELOPMENT BRANCH>
   3:FreeRTOS/src/list.c ****  * Copyright (C) 2021 Amazon.com, Inc. or its affiliates. All Rights Reserved.
   4:FreeRTOS/src/list.c ****  *
   5:FreeRTOS/src/list.c ****  * SPDX-License-Identifier: MIT
   6:FreeRTOS/src/list.c ****  *
   7:FreeRTOS/src/list.c ****  * Permission is hereby granted, free of charge, to any person obtaining a copy of
   8:FreeRTOS/src/list.c ****  * this software and associated documentation files (the "Software"), to deal in
   9:FreeRTOS/src/list.c ****  * the Software without restriction, including without limitation the rights to
  10:FreeRTOS/src/list.c ****  * use, copy, modify, merge, publish, distribute, sublicense, and/or sell copies of
  11:FreeRTOS/src/list.c ****  * the Software, and to permit persons to whom the Software is furnished to do so,
  12:FreeRTOS/src/list.c ****  * subject to the following conditions:
  13:FreeRTOS/src/list.c ****  *
  14:FreeRTOS/src/list.c ****  * The above copyright notice and this permission notice shall be included in all
  15:FreeRTOS/src/list.c ****  * copies or substantial portions of the Software.
  16:FreeRTOS/src/list.c ****  *
  17:FreeRTOS/src/list.c ****  * THE SOFTWARE IS PROVIDED "AS IS", WITHOUT WARRANTY OF ANY KIND, EXPRESS OR
  18:FreeRTOS/src/list.c ****  * IMPLIED, INCLUDING BUT NOT LIMITED TO THE WARRANTIES OF MERCHANTABILITY, FITNESS
  19:FreeRTOS/src/list.c ****  * FOR A PARTICULAR PURPOSE AND NONINFRINGEMENT. IN NO EVENT SHALL THE AUTHORS OR
  20:FreeRTOS/src/list.c ****  * COPYRIGHT HOLDERS BE LIABLE FOR ANY CLAIM, DAMAGES OR OTHER LIABILITY, WHETHER
  21:FreeRTOS/src/list.c ****  * IN AN ACTION OF CONTRACT, TORT OR OTHERWISE, ARISING FROM, OUT OF OR IN
  22:FreeRTOS/src/list.c ****  * CONNECTION WITH THE SOFTWARE OR THE USE OR OTHER DEALINGS IN THE SOFTWARE.
  23:FreeRTOS/src/list.c ****  *
  24:FreeRTOS/src/list.c ****  * https://www.FreeRTOS.org
  25:FreeRTOS/src/list.c ****  * https://github.com/FreeRTOS
  26:FreeRTOS/src/list.c ****  *
  27:FreeRTOS/src/list.c ****  */
  28:FreeRTOS/src/list.c **** 
  29:FreeRTOS/src/list.c **** 
ARM GAS  C:\Users\user\AppData\Local\Temp\cc4pwk3g.s 			page 2


  30:FreeRTOS/src/list.c **** #include <stdlib.h>
  31:FreeRTOS/src/list.c **** 
  32:FreeRTOS/src/list.c **** /* Defining MPU_WRAPPERS_INCLUDED_FROM_API_FILE prevents task.h from redefining
  33:FreeRTOS/src/list.c ****  * all the API functions to use the MPU wrappers.  That should only be done when
  34:FreeRTOS/src/list.c ****  * task.h is included from an application file. */
  35:FreeRTOS/src/list.c **** #define MPU_WRAPPERS_INCLUDED_FROM_API_FILE
  36:FreeRTOS/src/list.c **** 
  37:FreeRTOS/src/list.c **** #include "FreeRTOS.h"
  38:FreeRTOS/src/list.c **** #include "list.h"
  39:FreeRTOS/src/list.c **** 
  40:FreeRTOS/src/list.c **** /* The MPU ports require MPU_WRAPPERS_INCLUDED_FROM_API_FILE to be
  41:FreeRTOS/src/list.c ****  * defined for the header files above, but not in this file, in order to
  42:FreeRTOS/src/list.c ****  * generate the correct privileged Vs unprivileged linkage and placement. */
  43:FreeRTOS/src/list.c **** #undef MPU_WRAPPERS_INCLUDED_FROM_API_FILE
  44:FreeRTOS/src/list.c **** 
  45:FreeRTOS/src/list.c **** /*-----------------------------------------------------------
  46:FreeRTOS/src/list.c **** * PUBLIC LIST API documented in list.h
  47:FreeRTOS/src/list.c **** *----------------------------------------------------------*/
  48:FreeRTOS/src/list.c **** 
  49:FreeRTOS/src/list.c **** void vListInitialise( List_t * const pxList )
  50:FreeRTOS/src/list.c **** {
  30              		.loc 1 50 1 view -0
  31              		.cfi_startproc
  32              		@ args = 0, pretend = 0, frame = 0
  33              		@ frame_needed = 0, uses_anonymous_args = 0
  34              		@ link register save eliminated.
  51:FreeRTOS/src/list.c ****     traceENTER_vListInitialise( pxList );
  35              		.loc 1 51 41 view .LVU1
  52:FreeRTOS/src/list.c **** 
  53:FreeRTOS/src/list.c ****     /* The list structure contains a list item which is used to mark the
  54:FreeRTOS/src/list.c ****      * end of the list.  To initialise the list the list end is inserted
  55:FreeRTOS/src/list.c ****      * as the only list entry. */
  56:FreeRTOS/src/list.c ****     pxList->pxIndex = ( ListItem_t * ) &( pxList->xListEnd );
  36              		.loc 1 56 5 view .LVU2
  37              		.loc 1 56 40 is_stmt 0 view .LVU3
  38 0000 00F10803 		add	r3, r0, #8
  39              		.loc 1 56 21 view .LVU4
  40 0004 4360     		str	r3, [r0, #4]
  57:FreeRTOS/src/list.c **** 
  58:FreeRTOS/src/list.c ****     listSET_FIRST_LIST_ITEM_INTEGRITY_CHECK_VALUE( &( pxList->xListEnd ) );
  41              		.loc 1 58 75 is_stmt 1 view .LVU5
  59:FreeRTOS/src/list.c **** 
  60:FreeRTOS/src/list.c ****     /* The list end value is the highest possible value in the list to
  61:FreeRTOS/src/list.c ****      * ensure it remains at the end of the list. */
  62:FreeRTOS/src/list.c ****     pxList->xListEnd.xItemValue = portMAX_DELAY;
  42              		.loc 1 62 5 view .LVU6
  43              		.loc 1 62 33 is_stmt 0 view .LVU7
  44 0006 4FF0FF32 		mov	r2, #-1
  45 000a 8260     		str	r2, [r0, #8]
  63:FreeRTOS/src/list.c **** 
  64:FreeRTOS/src/list.c ****     /* The list end next and previous pointers point to itself so we know
  65:FreeRTOS/src/list.c ****      * when the list is empty. */
  66:FreeRTOS/src/list.c ****     pxList->xListEnd.pxNext = ( ListItem_t * ) &( pxList->xListEnd );
  46              		.loc 1 66 5 is_stmt 1 view .LVU8
  47              		.loc 1 66 29 is_stmt 0 view .LVU9
  48 000c C360     		str	r3, [r0, #12]
  67:FreeRTOS/src/list.c ****     pxList->xListEnd.pxPrevious = ( ListItem_t * ) &( pxList->xListEnd );
ARM GAS  C:\Users\user\AppData\Local\Temp\cc4pwk3g.s 			page 3


  49              		.loc 1 67 5 is_stmt 1 view .LVU10
  50              		.loc 1 67 33 is_stmt 0 view .LVU11
  51 000e 0361     		str	r3, [r0, #16]
  68:FreeRTOS/src/list.c **** 
  69:FreeRTOS/src/list.c ****     /* Initialize the remaining fields of xListEnd when it is a proper ListItem_t */
  70:FreeRTOS/src/list.c ****     #if ( configUSE_MINI_LIST_ITEM == 0 )
  71:FreeRTOS/src/list.c ****     {
  72:FreeRTOS/src/list.c ****         pxList->xListEnd.pvOwner = NULL;
  73:FreeRTOS/src/list.c ****         pxList->xListEnd.pxContainer = NULL;
  74:FreeRTOS/src/list.c ****         listSET_SECOND_LIST_ITEM_INTEGRITY_CHECK_VALUE( &( pxList->xListEnd ) );
  75:FreeRTOS/src/list.c ****     }
  76:FreeRTOS/src/list.c ****     #endif
  77:FreeRTOS/src/list.c **** 
  78:FreeRTOS/src/list.c ****     pxList->uxNumberOfItems = ( UBaseType_t ) 0U;
  52              		.loc 1 78 5 is_stmt 1 view .LVU12
  53              		.loc 1 78 29 is_stmt 0 view .LVU13
  54 0010 0023     		movs	r3, #0
  55 0012 0360     		str	r3, [r0]
  79:FreeRTOS/src/list.c **** 
  80:FreeRTOS/src/list.c ****     /* Write known values into the list if
  81:FreeRTOS/src/list.c ****      * configUSE_LIST_DATA_INTEGRITY_CHECK_BYTES is set to 1. */
  82:FreeRTOS/src/list.c ****     listSET_LIST_INTEGRITY_CHECK_1_VALUE( pxList );
  56              		.loc 1 82 51 is_stmt 1 view .LVU14
  83:FreeRTOS/src/list.c ****     listSET_LIST_INTEGRITY_CHECK_2_VALUE( pxList );
  57              		.loc 1 83 51 view .LVU15
  84:FreeRTOS/src/list.c **** 
  85:FreeRTOS/src/list.c ****     traceRETURN_vListInitialise();
  58              		.loc 1 85 34 view .LVU16
  86:FreeRTOS/src/list.c **** }
  59              		.loc 1 86 1 is_stmt 0 view .LVU17
  60 0014 7047     		bx	lr
  61              		.cfi_endproc
  62              	.LFE138:
  64              		.section	.text.vListInitialiseItem,"ax",%progbits
  65              		.align	1
  66              		.global	vListInitialiseItem
  67              		.syntax unified
  68              		.thumb
  69              		.thumb_func
  71              	vListInitialiseItem:
  72              	.LVL1:
  73              	.LFB139:
  87:FreeRTOS/src/list.c **** /*-----------------------------------------------------------*/
  88:FreeRTOS/src/list.c **** 
  89:FreeRTOS/src/list.c **** void vListInitialiseItem( ListItem_t * const pxItem )
  90:FreeRTOS/src/list.c **** {
  74              		.loc 1 90 1 is_stmt 1 view -0
  75              		.cfi_startproc
  76              		@ args = 0, pretend = 0, frame = 0
  77              		@ frame_needed = 0, uses_anonymous_args = 0
  78              		@ link register save eliminated.
  91:FreeRTOS/src/list.c ****     traceENTER_vListInitialiseItem( pxItem );
  79              		.loc 1 91 45 view .LVU19
  92:FreeRTOS/src/list.c **** 
  93:FreeRTOS/src/list.c ****     /* Make sure the list item is not recorded as being on a list. */
  94:FreeRTOS/src/list.c ****     pxItem->pxContainer = NULL;
  80              		.loc 1 94 5 view .LVU20
ARM GAS  C:\Users\user\AppData\Local\Temp\cc4pwk3g.s 			page 4


  81              		.loc 1 94 25 is_stmt 0 view .LVU21
  82 0000 0023     		movs	r3, #0
  83 0002 0361     		str	r3, [r0, #16]
  95:FreeRTOS/src/list.c **** 
  96:FreeRTOS/src/list.c ****     /* Write known values into the list item if
  97:FreeRTOS/src/list.c ****      * configUSE_LIST_DATA_INTEGRITY_CHECK_BYTES is set to 1. */
  98:FreeRTOS/src/list.c ****     listSET_FIRST_LIST_ITEM_INTEGRITY_CHECK_VALUE( pxItem );
  84              		.loc 1 98 60 is_stmt 1 view .LVU22
  99:FreeRTOS/src/list.c ****     listSET_SECOND_LIST_ITEM_INTEGRITY_CHECK_VALUE( pxItem );
  85              		.loc 1 99 61 view .LVU23
 100:FreeRTOS/src/list.c **** 
 101:FreeRTOS/src/list.c ****     traceRETURN_vListInitialiseItem();
  86              		.loc 1 101 38 view .LVU24
 102:FreeRTOS/src/list.c **** }
  87              		.loc 1 102 1 is_stmt 0 view .LVU25
  88 0004 7047     		bx	lr
  89              		.cfi_endproc
  90              	.LFE139:
  92              		.section	.text.vListInsertEnd,"ax",%progbits
  93              		.align	1
  94              		.global	vListInsertEnd
  95              		.syntax unified
  96              		.thumb
  97              		.thumb_func
  99              	vListInsertEnd:
 100              	.LVL2:
 101              	.LFB140:
 103:FreeRTOS/src/list.c **** /*-----------------------------------------------------------*/
 104:FreeRTOS/src/list.c **** 
 105:FreeRTOS/src/list.c **** void vListInsertEnd( List_t * const pxList,
 106:FreeRTOS/src/list.c ****                      ListItem_t * const pxNewListItem )
 107:FreeRTOS/src/list.c **** {
 102              		.loc 1 107 1 is_stmt 1 view -0
 103              		.cfi_startproc
 104              		@ args = 0, pretend = 0, frame = 0
 105              		@ frame_needed = 0, uses_anonymous_args = 0
 106              		@ link register save eliminated.
 108:FreeRTOS/src/list.c ****     ListItem_t * const pxIndex = pxList->pxIndex;
 107              		.loc 1 108 5 view .LVU27
 108              		.loc 1 108 24 is_stmt 0 view .LVU28
 109 0000 4368     		ldr	r3, [r0, #4]
 110              	.LVL3:
 109:FreeRTOS/src/list.c **** 
 110:FreeRTOS/src/list.c ****     traceENTER_vListInsertEnd( pxList, pxNewListItem );
 111              		.loc 1 110 55 is_stmt 1 view .LVU29
 111:FreeRTOS/src/list.c **** 
 112:FreeRTOS/src/list.c ****     /* Only effective when configASSERT() is also defined, these tests may catch
 113:FreeRTOS/src/list.c ****      * the list data structures being overwritten in memory.  They will not catch
 114:FreeRTOS/src/list.c ****      * data errors caused by incorrect configuration or use of FreeRTOS. */
 115:FreeRTOS/src/list.c ****     listTEST_LIST_INTEGRITY( pxList );
 112              		.loc 1 115 38 view .LVU30
 116:FreeRTOS/src/list.c ****     listTEST_LIST_ITEM_INTEGRITY( pxNewListItem );
 113              		.loc 1 116 50 view .LVU31
 117:FreeRTOS/src/list.c **** 
 118:FreeRTOS/src/list.c ****     /* Insert a new list item into pxList, but rather than sort the list,
 119:FreeRTOS/src/list.c ****      * makes the new list item the last item to be removed by a call to
 120:FreeRTOS/src/list.c ****      * listGET_OWNER_OF_NEXT_ENTRY(). */
ARM GAS  C:\Users\user\AppData\Local\Temp\cc4pwk3g.s 			page 5


 121:FreeRTOS/src/list.c ****     pxNewListItem->pxNext = pxIndex;
 114              		.loc 1 121 5 view .LVU32
 115              		.loc 1 121 27 is_stmt 0 view .LVU33
 116 0002 4B60     		str	r3, [r1, #4]
 122:FreeRTOS/src/list.c ****     pxNewListItem->pxPrevious = pxIndex->pxPrevious;
 117              		.loc 1 122 5 is_stmt 1 view .LVU34
 118              		.loc 1 122 40 is_stmt 0 view .LVU35
 119 0004 9A68     		ldr	r2, [r3, #8]
 120              		.loc 1 122 31 view .LVU36
 121 0006 8A60     		str	r2, [r1, #8]
 123:FreeRTOS/src/list.c **** 
 124:FreeRTOS/src/list.c ****     /* Only used during decision coverage testing. */
 125:FreeRTOS/src/list.c ****     mtCOVERAGE_TEST_DELAY();
 122              		.loc 1 125 28 is_stmt 1 view .LVU37
 126:FreeRTOS/src/list.c **** 
 127:FreeRTOS/src/list.c ****     pxIndex->pxPrevious->pxNext = pxNewListItem;
 123              		.loc 1 127 5 view .LVU38
 124              		.loc 1 127 33 is_stmt 0 view .LVU39
 125 0008 5160     		str	r1, [r2, #4]
 128:FreeRTOS/src/list.c ****     pxIndex->pxPrevious = pxNewListItem;
 126              		.loc 1 128 5 is_stmt 1 view .LVU40
 127              		.loc 1 128 25 is_stmt 0 view .LVU41
 128 000a 9960     		str	r1, [r3, #8]
 129:FreeRTOS/src/list.c **** 
 130:FreeRTOS/src/list.c ****     /* Remember which list the item is in. */
 131:FreeRTOS/src/list.c ****     pxNewListItem->pxContainer = pxList;
 129              		.loc 1 131 5 is_stmt 1 view .LVU42
 130              		.loc 1 131 32 is_stmt 0 view .LVU43
 131 000c 0861     		str	r0, [r1, #16]
 132:FreeRTOS/src/list.c **** 
 133:FreeRTOS/src/list.c ****     ( pxList->uxNumberOfItems ) = ( UBaseType_t ) ( pxList->uxNumberOfItems + 1U );
 132              		.loc 1 133 5 is_stmt 1 view .LVU44
 133              		.loc 1 133 59 is_stmt 0 view .LVU45
 134 000e 0368     		ldr	r3, [r0]
 135              	.LVL4:
 136              		.loc 1 133 35 view .LVU46
 137 0010 0133     		adds	r3, r3, #1
 138              		.loc 1 133 33 view .LVU47
 139 0012 0360     		str	r3, [r0]
 134:FreeRTOS/src/list.c **** 
 135:FreeRTOS/src/list.c ****     traceRETURN_vListInsertEnd();
 140              		.loc 1 135 33 is_stmt 1 view .LVU48
 136:FreeRTOS/src/list.c **** }
 141              		.loc 1 136 1 is_stmt 0 view .LVU49
 142 0014 7047     		bx	lr
 143              		.cfi_endproc
 144              	.LFE140:
 146              		.section	.text.vListInsert,"ax",%progbits
 147              		.align	1
 148              		.global	vListInsert
 149              		.syntax unified
 150              		.thumb
 151              		.thumb_func
 153              	vListInsert:
 154              	.LVL5:
 155              	.LFB141:
 137:FreeRTOS/src/list.c **** /*-----------------------------------------------------------*/
ARM GAS  C:\Users\user\AppData\Local\Temp\cc4pwk3g.s 			page 6


 138:FreeRTOS/src/list.c **** 
 139:FreeRTOS/src/list.c **** void vListInsert( List_t * const pxList,
 140:FreeRTOS/src/list.c ****                   ListItem_t * const pxNewListItem )
 141:FreeRTOS/src/list.c **** {
 156              		.loc 1 141 1 is_stmt 1 view -0
 157              		.cfi_startproc
 158              		@ args = 0, pretend = 0, frame = 0
 159              		@ frame_needed = 0, uses_anonymous_args = 0
 160              		@ link register save eliminated.
 161              		.loc 1 141 1 is_stmt 0 view .LVU51
 162 0000 10B4     		push	{r4}
 163              	.LCFI0:
 164              		.cfi_def_cfa_offset 4
 165              		.cfi_offset 4, -4
 166 0002 0246     		mov	r2, r0
 167 0004 0846     		mov	r0, r1
 168              	.LVL6:
 142:FreeRTOS/src/list.c ****     ListItem_t * pxIterator;
 169              		.loc 1 142 5 is_stmt 1 view .LVU52
 143:FreeRTOS/src/list.c ****     const TickType_t xValueOfInsertion = pxNewListItem->xItemValue;
 170              		.loc 1 143 5 view .LVU53
 171              		.loc 1 143 22 is_stmt 0 view .LVU54
 172 0006 D1F800C0 		ldr	ip, [r1]
 173              	.LVL7:
 144:FreeRTOS/src/list.c **** 
 145:FreeRTOS/src/list.c ****     traceENTER_vListInsert( pxList, pxNewListItem );
 174              		.loc 1 145 52 is_stmt 1 view .LVU55
 146:FreeRTOS/src/list.c **** 
 147:FreeRTOS/src/list.c ****     /* Only effective when configASSERT() is also defined, these tests may catch
 148:FreeRTOS/src/list.c ****      * the list data structures being overwritten in memory.  They will not catch
 149:FreeRTOS/src/list.c ****      * data errors caused by incorrect configuration or use of FreeRTOS. */
 150:FreeRTOS/src/list.c ****     listTEST_LIST_INTEGRITY( pxList );
 175              		.loc 1 150 38 view .LVU56
 151:FreeRTOS/src/list.c ****     listTEST_LIST_ITEM_INTEGRITY( pxNewListItem );
 176              		.loc 1 151 50 view .LVU57
 152:FreeRTOS/src/list.c **** 
 153:FreeRTOS/src/list.c ****     /* Insert the new list item into the list, sorted in xItemValue order.
 154:FreeRTOS/src/list.c ****      *
 155:FreeRTOS/src/list.c ****      * If the list already contains a list item with the same item value then the
 156:FreeRTOS/src/list.c ****      * new list item should be placed after it.  This ensures that TCBs which are
 157:FreeRTOS/src/list.c ****      * stored in ready lists (all of which have the same xItemValue value) get a
 158:FreeRTOS/src/list.c ****      * share of the CPU.  However, if the xItemValue is the same as the back marker
 159:FreeRTOS/src/list.c ****      * the iteration loop below will not end.  Therefore the value is checked
 160:FreeRTOS/src/list.c ****      * first, and the algorithm slightly modified if necessary. */
 161:FreeRTOS/src/list.c ****     if( xValueOfInsertion == portMAX_DELAY )
 177              		.loc 1 161 5 view .LVU58
 178              		.loc 1 161 7 is_stmt 0 view .LVU59
 179 000a BCF1FF3F 		cmp	ip, #-1
 180 000e 11D0     		beq	.L9
 162:FreeRTOS/src/list.c ****     {
 163:FreeRTOS/src/list.c ****         pxIterator = pxList->xListEnd.pxPrevious;
 164:FreeRTOS/src/list.c ****     }
 165:FreeRTOS/src/list.c ****     else
 166:FreeRTOS/src/list.c ****     {
 167:FreeRTOS/src/list.c ****         /* *** NOTE ***********************************************************
 168:FreeRTOS/src/list.c ****         *  If you find your application is crashing here then likely causes are
 169:FreeRTOS/src/list.c ****         *  listed below.  In addition see https://www.freertos.org/Why-FreeRTOS/FAQs for
ARM GAS  C:\Users\user\AppData\Local\Temp\cc4pwk3g.s 			page 7


 170:FreeRTOS/src/list.c ****         *  more tips, and ensure configASSERT() is defined!
 171:FreeRTOS/src/list.c ****         *  https://www.FreeRTOS.org/a00110.html#configASSERT
 172:FreeRTOS/src/list.c ****         *
 173:FreeRTOS/src/list.c ****         *   1) Stack overflow -
 174:FreeRTOS/src/list.c ****         *      see https://www.FreeRTOS.org/Stacks-and-stack-overflow-checking.html
 175:FreeRTOS/src/list.c ****         *   2) Incorrect interrupt priority assignment, especially on Cortex-M
 176:FreeRTOS/src/list.c ****         *      parts where numerically high priority values denote low actual
 177:FreeRTOS/src/list.c ****         *      interrupt priorities, which can seem counter intuitive.  See
 178:FreeRTOS/src/list.c ****         *      https://www.FreeRTOS.org/RTOS-Cortex-M3-M4.html and the definition
 179:FreeRTOS/src/list.c ****         *      of configMAX_SYSCALL_INTERRUPT_PRIORITY on
 180:FreeRTOS/src/list.c ****         *      https://www.FreeRTOS.org/a00110.html
 181:FreeRTOS/src/list.c ****         *   3) Calling an API function from within a critical section or when
 182:FreeRTOS/src/list.c ****         *      the scheduler is suspended, or calling an API function that does
 183:FreeRTOS/src/list.c ****         *      not end in "FromISR" from an interrupt.
 184:FreeRTOS/src/list.c ****         *   4) Using a queue or semaphore before it has been initialised or
 185:FreeRTOS/src/list.c ****         *      before the scheduler has been started (are interrupts firing
 186:FreeRTOS/src/list.c ****         *      before vTaskStartScheduler() has been called?).
 187:FreeRTOS/src/list.c ****         *   5) If the FreeRTOS port supports interrupt nesting then ensure that
 188:FreeRTOS/src/list.c ****         *      the priority of the tick interrupt is at or below
 189:FreeRTOS/src/list.c ****         *      configMAX_SYSCALL_INTERRUPT_PRIORITY.
 190:FreeRTOS/src/list.c ****         **********************************************************************/
 191:FreeRTOS/src/list.c **** 
 192:FreeRTOS/src/list.c ****         for( pxIterator = ( ListItem_t * ) &( pxList->xListEnd ); pxIterator->pxNext->xItemValue <=
 181              		.loc 1 192 9 is_stmt 1 view .LVU60
 182              		.loc 1 192 25 is_stmt 0 view .LVU61
 183 0010 02F10803 		add	r3, r2, #8
 184              	.LVL8:
 185              	.L7:
 186              		.loc 1 192 98 is_stmt 1 discriminator 1 view .LVU62
 187 0014 1946     		mov	r1, r3
 188              		.loc 1 192 77 is_stmt 0 discriminator 1 view .LVU63
 189 0016 5B68     		ldr	r3, [r3, #4]
 190              	.LVL9:
 191              		.loc 1 192 98 discriminator 1 view .LVU64
 192 0018 1C68     		ldr	r4, [r3]
 193 001a 6445     		cmp	r4, ip
 194 001c FAD9     		bls	.L7
 195              	.L6:
 193:FreeRTOS/src/list.c ****         {
 194:FreeRTOS/src/list.c ****             /* There is nothing to do here, just iterating to the wanted
 195:FreeRTOS/src/list.c ****              * insertion position.
 196:FreeRTOS/src/list.c ****              * IF YOU FIND YOUR CODE STUCK HERE, SEE THE NOTE JUST ABOVE.
 197:FreeRTOS/src/list.c ****              */
 198:FreeRTOS/src/list.c ****         }
 199:FreeRTOS/src/list.c ****     }
 200:FreeRTOS/src/list.c **** 
 201:FreeRTOS/src/list.c ****     pxNewListItem->pxNext = pxIterator->pxNext;
 196              		.loc 1 201 5 is_stmt 1 view .LVU65
 197              		.loc 1 201 39 is_stmt 0 view .LVU66
 198 001e 4B68     		ldr	r3, [r1, #4]
 199              		.loc 1 201 27 view .LVU67
 200 0020 4360     		str	r3, [r0, #4]
 202:FreeRTOS/src/list.c ****     pxNewListItem->pxNext->pxPrevious = pxNewListItem;
 201              		.loc 1 202 5 is_stmt 1 view .LVU68
 202              		.loc 1 202 39 is_stmt 0 view .LVU69
 203 0022 9860     		str	r0, [r3, #8]
 203:FreeRTOS/src/list.c ****     pxNewListItem->pxPrevious = pxIterator;
ARM GAS  C:\Users\user\AppData\Local\Temp\cc4pwk3g.s 			page 8


 204              		.loc 1 203 5 is_stmt 1 view .LVU70
 205              		.loc 1 203 31 is_stmt 0 view .LVU71
 206 0024 8160     		str	r1, [r0, #8]
 204:FreeRTOS/src/list.c ****     pxIterator->pxNext = pxNewListItem;
 207              		.loc 1 204 5 is_stmt 1 view .LVU72
 208              		.loc 1 204 24 is_stmt 0 view .LVU73
 209 0026 4860     		str	r0, [r1, #4]
 205:FreeRTOS/src/list.c **** 
 206:FreeRTOS/src/list.c ****     /* Remember which list the item is in.  This allows fast removal of the
 207:FreeRTOS/src/list.c ****      * item later. */
 208:FreeRTOS/src/list.c ****     pxNewListItem->pxContainer = pxList;
 210              		.loc 1 208 5 is_stmt 1 view .LVU74
 211              		.loc 1 208 32 is_stmt 0 view .LVU75
 212 0028 0261     		str	r2, [r0, #16]
 209:FreeRTOS/src/list.c **** 
 210:FreeRTOS/src/list.c ****     ( pxList->uxNumberOfItems ) = ( UBaseType_t ) ( pxList->uxNumberOfItems + 1U );
 213              		.loc 1 210 5 is_stmt 1 view .LVU76
 214              		.loc 1 210 59 is_stmt 0 view .LVU77
 215 002a 1368     		ldr	r3, [r2]
 216              		.loc 1 210 35 view .LVU78
 217 002c 0133     		adds	r3, r3, #1
 218              		.loc 1 210 33 view .LVU79
 219 002e 1360     		str	r3, [r2]
 211:FreeRTOS/src/list.c **** 
 212:FreeRTOS/src/list.c ****     traceRETURN_vListInsert();
 220              		.loc 1 212 30 is_stmt 1 view .LVU80
 213:FreeRTOS/src/list.c **** }
 221              		.loc 1 213 1 is_stmt 0 view .LVU81
 222 0030 10BC     		pop	{r4}
 223              	.LCFI1:
 224              		.cfi_remember_state
 225              		.cfi_restore 4
 226              		.cfi_def_cfa_offset 0
 227 0032 7047     		bx	lr
 228              	.LVL10:
 229              	.L9:
 230              	.LCFI2:
 231              		.cfi_restore_state
 163:FreeRTOS/src/list.c ****     }
 232              		.loc 1 163 9 is_stmt 1 view .LVU82
 163:FreeRTOS/src/list.c ****     }
 233              		.loc 1 163 20 is_stmt 0 view .LVU83
 234 0034 1169     		ldr	r1, [r2, #16]
 235              	.LVL11:
 163:FreeRTOS/src/list.c ****     }
 236              		.loc 1 163 20 view .LVU84
 237 0036 F2E7     		b	.L6
 238              		.cfi_endproc
 239              	.LFE141:
 241              		.section	.text.uxListRemove,"ax",%progbits
 242              		.align	1
 243              		.global	uxListRemove
 244              		.syntax unified
 245              		.thumb
 246              		.thumb_func
 248              	uxListRemove:
 249              	.LVL12:
ARM GAS  C:\Users\user\AppData\Local\Temp\cc4pwk3g.s 			page 9


 250              	.LFB142:
 214:FreeRTOS/src/list.c **** /*-----------------------------------------------------------*/
 215:FreeRTOS/src/list.c **** 
 216:FreeRTOS/src/list.c **** 
 217:FreeRTOS/src/list.c **** UBaseType_t uxListRemove( ListItem_t * const pxItemToRemove )
 218:FreeRTOS/src/list.c **** {
 251              		.loc 1 218 1 is_stmt 1 view -0
 252              		.cfi_startproc
 253              		@ args = 0, pretend = 0, frame = 0
 254              		@ frame_needed = 0, uses_anonymous_args = 0
 255              		@ link register save eliminated.
 219:FreeRTOS/src/list.c ****     /* The list item knows which list it is in.  Obtain the list from the list
 220:FreeRTOS/src/list.c ****      * item. */
 221:FreeRTOS/src/list.c ****     List_t * const pxList = pxItemToRemove->pxContainer;
 256              		.loc 1 221 5 view .LVU86
 257              		.loc 1 221 20 is_stmt 0 view .LVU87
 258 0000 0369     		ldr	r3, [r0, #16]
 259              	.LVL13:
 222:FreeRTOS/src/list.c **** 
 223:FreeRTOS/src/list.c ****     traceENTER_uxListRemove( pxItemToRemove );
 260              		.loc 1 223 46 is_stmt 1 view .LVU88
 224:FreeRTOS/src/list.c **** 
 225:FreeRTOS/src/list.c ****     pxItemToRemove->pxNext->pxPrevious = pxItemToRemove->pxPrevious;
 261              		.loc 1 225 5 view .LVU89
 262              		.loc 1 225 19 is_stmt 0 view .LVU90
 263 0002 4168     		ldr	r1, [r0, #4]
 264              		.loc 1 225 56 view .LVU91
 265 0004 8268     		ldr	r2, [r0, #8]
 266              		.loc 1 225 40 view .LVU92
 267 0006 8A60     		str	r2, [r1, #8]
 226:FreeRTOS/src/list.c ****     pxItemToRemove->pxPrevious->pxNext = pxItemToRemove->pxNext;
 268              		.loc 1 226 5 is_stmt 1 view .LVU93
 269              		.loc 1 226 56 is_stmt 0 view .LVU94
 270 0008 4168     		ldr	r1, [r0, #4]
 271              		.loc 1 226 40 view .LVU95
 272 000a 5160     		str	r1, [r2, #4]
 227:FreeRTOS/src/list.c **** 
 228:FreeRTOS/src/list.c ****     /* Only used during decision coverage testing. */
 229:FreeRTOS/src/list.c ****     mtCOVERAGE_TEST_DELAY();
 273              		.loc 1 229 28 is_stmt 1 view .LVU96
 230:FreeRTOS/src/list.c **** 
 231:FreeRTOS/src/list.c ****     /* Make sure the index is left pointing to a valid item. */
 232:FreeRTOS/src/list.c ****     if( pxList->pxIndex == pxItemToRemove )
 274              		.loc 1 232 5 view .LVU97
 275              		.loc 1 232 15 is_stmt 0 view .LVU98
 276 000c 5A68     		ldr	r2, [r3, #4]
 277              		.loc 1 232 7 view .LVU99
 278 000e 8242     		cmp	r2, r0
 279 0010 05D0     		beq	.L12
 280              	.L11:
 233:FreeRTOS/src/list.c ****     {
 234:FreeRTOS/src/list.c ****         pxList->pxIndex = pxItemToRemove->pxPrevious;
 235:FreeRTOS/src/list.c ****     }
 236:FreeRTOS/src/list.c ****     else
 237:FreeRTOS/src/list.c ****     {
 238:FreeRTOS/src/list.c ****         mtCOVERAGE_TEST_MARKER();
 281              		.loc 1 238 33 is_stmt 1 view .LVU100
ARM GAS  C:\Users\user\AppData\Local\Temp\cc4pwk3g.s 			page 10


 239:FreeRTOS/src/list.c ****     }
 240:FreeRTOS/src/list.c **** 
 241:FreeRTOS/src/list.c ****     pxItemToRemove->pxContainer = NULL;
 282              		.loc 1 241 5 view .LVU101
 283              		.loc 1 241 33 is_stmt 0 view .LVU102
 284 0012 0022     		movs	r2, #0
 285 0014 0261     		str	r2, [r0, #16]
 242:FreeRTOS/src/list.c ****     ( pxList->uxNumberOfItems ) = ( UBaseType_t ) ( pxList->uxNumberOfItems - 1U );
 286              		.loc 1 242 5 is_stmt 1 view .LVU103
 287              		.loc 1 242 59 is_stmt 0 view .LVU104
 288 0016 1868     		ldr	r0, [r3]
 289              	.LVL14:
 290              		.loc 1 242 35 view .LVU105
 291 0018 0138     		subs	r0, r0, #1
 292              		.loc 1 242 33 view .LVU106
 293 001a 1860     		str	r0, [r3]
 243:FreeRTOS/src/list.c **** 
 244:FreeRTOS/src/list.c ****     traceRETURN_uxListRemove( pxList->uxNumberOfItems );
 294              		.loc 1 244 56 is_stmt 1 view .LVU107
 245:FreeRTOS/src/list.c **** 
 246:FreeRTOS/src/list.c ****     return pxList->uxNumberOfItems;
 295              		.loc 1 246 5 view .LVU108
 247:FreeRTOS/src/list.c **** }
 296              		.loc 1 247 1 is_stmt 0 view .LVU109
 297 001c 7047     		bx	lr
 298              	.LVL15:
 299              	.L12:
 234:FreeRTOS/src/list.c ****     }
 300              		.loc 1 234 9 is_stmt 1 view .LVU110
 234:FreeRTOS/src/list.c ****     }
 301              		.loc 1 234 41 is_stmt 0 view .LVU111
 302 001e 8268     		ldr	r2, [r0, #8]
 234:FreeRTOS/src/list.c ****     }
 303              		.loc 1 234 25 view .LVU112
 304 0020 5A60     		str	r2, [r3, #4]
 305 0022 F6E7     		b	.L11
 306              		.cfi_endproc
 307              	.LFE142:
 309              		.text
 310              	.Letext0:
 311              		.file 2 "C:/arm-gnu-toolchain-15.3.rel1-mingw-w64-i686-arm-none-eabi/arm-none-eabi/include/machine
 312              		.file 3 "C:/arm-gnu-toolchain-15.3.rel1-mingw-w64-i686-arm-none-eabi/arm-none-eabi/include/sys/_st
 313              		.file 4 "FreeRTOS/portable/GCC/ARM_CM4F/portmacro.h"
 314              		.file 5 "FreeRTOS/inc/list.h"
ARM GAS  C:\Users\user\AppData\Local\Temp\cc4pwk3g.s 			page 11


DEFINED SYMBOLS
                            *ABS*:00000000 list.c
C:\Users\user\AppData\Local\Temp\cc4pwk3g.s:21     .text.vListInitialise:00000000 $t
C:\Users\user\AppData\Local\Temp\cc4pwk3g.s:27     .text.vListInitialise:00000000 vListInitialise
C:\Users\user\AppData\Local\Temp\cc4pwk3g.s:65     .text.vListInitialiseItem:00000000 $t
C:\Users\user\AppData\Local\Temp\cc4pwk3g.s:71     .text.vListInitialiseItem:00000000 vListInitialiseItem
C:\Users\user\AppData\Local\Temp\cc4pwk3g.s:93     .text.vListInsertEnd:00000000 $t
C:\Users\user\AppData\Local\Temp\cc4pwk3g.s:99     .text.vListInsertEnd:00000000 vListInsertEnd
C:\Users\user\AppData\Local\Temp\cc4pwk3g.s:147    .text.vListInsert:00000000 $t
C:\Users\user\AppData\Local\Temp\cc4pwk3g.s:153    .text.vListInsert:00000000 vListInsert
C:\Users\user\AppData\Local\Temp\cc4pwk3g.s:242    .text.uxListRemove:00000000 $t
C:\Users\user\AppData\Local\Temp\cc4pwk3g.s:248    .text.uxListRemove:00000000 uxListRemove

NO UNDEFINED SYMBOLS
