ARM GAS  C:\Users\user\AppData\Local\Temp\ccQjwRFr.s 			page 1


   1              		.cpu cortex-m4
   2              		.arch armv7e-m
   3              		.fpu fpv4-sp-d16
   4              		.eabi_attribute 27, 1
   5              		.eabi_attribute 28, 1
   6              		.eabi_attribute 20, 1
   7              		.eabi_attribute 21, 1
   8              		.eabi_attribute 23, 3
   9              		.eabi_attribute 24, 1
  10              		.eabi_attribute 25, 1
  11              		.eabi_attribute 26, 1
  12              		.eabi_attribute 30, 1
  13              		.eabi_attribute 34, 1
  14              		.eabi_attribute 18, 4
  15              		.file	"ring_buffer.c"
  16              		.text
  17              	.Ltext0:
  18              		.cfi_sections	.debug_frame
  19              		.file 1 "app/Src/ring_buffer.c"
  20              		.section	.text.RingBuffer_Init,"ax",%progbits
  21              		.align	1
  22              		.global	RingBuffer_Init
  23              		.syntax unified
  24              		.thumb
  25              		.thumb_func
  27              	RingBuffer_Init:
  28              	.LVL0:
  29              	.LFB0:
   1:app/Src/ring_buffer.c **** #include "ring_buffer.h"
   2:app/Src/ring_buffer.c **** 
   3:app/Src/ring_buffer.c **** /* 單核 Cortex-M 上 ISR 與 Task 同核，只需擋編譯器重排 */
   4:app/Src/ring_buffer.c **** #define COMPILER_BARRIER() __asm volatile("" ::: "memory")
   5:app/Src/ring_buffer.c **** 
   6:app/Src/ring_buffer.c **** /* 初始化 Ring Buffer 的讀寫指標與丟棄計數器 */
   7:app/Src/ring_buffer.c **** void RingBuffer_Init(RingBuffer_t *rb) {
  30              		.loc 1 7 40 view -0
  31              		.cfi_startproc
  32              		@ args = 0, pretend = 0, frame = 0
  33              		@ frame_needed = 0, uses_anonymous_args = 0
  34              		@ link register save eliminated.
   8:app/Src/ring_buffer.c ****     rb->head = 0;
  35              		.loc 1 8 5 view .LVU1
  36              		.loc 1 8 14 is_stmt 0 view .LVU2
  37 0000 0023     		movs	r3, #0
  38 0002 C0F80031 		str	r3, [r0, #256]
   9:app/Src/ring_buffer.c ****     rb->tail = 0;
  39              		.loc 1 9 5 is_stmt 1 view .LVU3
  40              		.loc 1 9 14 is_stmt 0 view .LVU4
  41 0006 C0F80431 		str	r3, [r0, #260]
  10:app/Src/ring_buffer.c ****     rb->dropped = 0;
  42              		.loc 1 10 5 is_stmt 1 view .LVU5
  43              		.loc 1 10 17 is_stmt 0 view .LVU6
  44 000a C0F80831 		str	r3, [r0, #264]
  11:app/Src/ring_buffer.c **** }
  45              		.loc 1 11 1 view .LVU7
  46 000e 7047     		bx	lr
  47              		.cfi_endproc
ARM GAS  C:\Users\user\AppData\Local\Temp\ccQjwRFr.s 			page 2


  48              	.LFE0:
  50              		.section	.text.RingBuffer_Count,"ax",%progbits
  51              		.align	1
  52              		.global	RingBuffer_Count
  53              		.syntax unified
  54              		.thumb
  55              		.thumb_func
  57              	RingBuffer_Count:
  58              	.LVL1:
  59              	.LFB1:
  12:app/Src/ring_buffer.c **** 
  13:app/Src/ring_buffer.c **** /* 計算目前 Buffer 內已儲存的有效資料數量（利用無號數相減自然環繞） */
  14:app/Src/ring_buffer.c **** uint32_t RingBuffer_Count(RingBuffer_t *rb) {
  60              		.loc 1 14 45 is_stmt 1 view -0
  61              		.cfi_startproc
  62              		@ args = 0, pretend = 0, frame = 0
  63              		@ frame_needed = 0, uses_anonymous_args = 0
  64              		@ link register save eliminated.
  15:app/Src/ring_buffer.c ****     return (rb->head - rb->tail) & RING_BUFFER_MASK;
  65              		.loc 1 15 5 view .LVU9
  66              		.loc 1 15 15 is_stmt 0 view .LVU10
  67 0000 D0F80031 		ldr	r3, [r0, #256]
  68              		.loc 1 15 26 view .LVU11
  69 0004 D0F80401 		ldr	r0, [r0, #260]
  70              	.LVL2:
  71              		.loc 1 15 22 view .LVU12
  72 0008 181A     		subs	r0, r3, r0
  16:app/Src/ring_buffer.c **** }
  73              		.loc 1 16 1 view .LVU13
  74 000a C0B2     		uxtb	r0, r0
  75 000c 7047     		bx	lr
  76              		.cfi_endproc
  77              	.LFE1:
  79              		.section	.text.RingBuffer_Dropped,"ax",%progbits
  80              		.align	1
  81              		.global	RingBuffer_Dropped
  82              		.syntax unified
  83              		.thumb
  84              		.thumb_func
  86              	RingBuffer_Dropped:
  87              	.LVL3:
  88              	.LFB2:
  17:app/Src/ring_buffer.c **** 
  18:app/Src/ring_buffer.c **** uint32_t RingBuffer_Dropped(RingBuffer_t *rb) {
  89              		.loc 1 18 47 is_stmt 1 view -0
  90              		.cfi_startproc
  91              		@ args = 0, pretend = 0, frame = 0
  92              		@ frame_needed = 0, uses_anonymous_args = 0
  93              		@ link register save eliminated.
  19:app/Src/ring_buffer.c ****     return rb->dropped;
  94              		.loc 1 19 5 view .LVU15
  95              		.loc 1 19 14 is_stmt 0 view .LVU16
  96 0000 D0F80801 		ldr	r0, [r0, #264]
  97              	.LVL4:
  20:app/Src/ring_buffer.c **** }
  98              		.loc 1 20 1 view .LVU17
  99 0004 7047     		bx	lr
ARM GAS  C:\Users\user\AppData\Local\Temp\ccQjwRFr.s 			page 3


 100              		.cfi_endproc
 101              	.LFE2:
 103              		.section	.text.RingBuffer_Put,"ax",%progbits
 104              		.align	1
 105              		.global	RingBuffer_Put
 106              		.syntax unified
 107              		.thumb
 108              		.thumb_func
 110              	RingBuffer_Put:
 111              	.LVL5:
 112              	.LFB3:
  21:app/Src/ring_buffer.c **** 
  22:app/Src/ring_buffer.c **** /* 將單一字元寫入 Buffer，若空間已滿則增加丟棄計數並回傳失敗 */
  23:app/Src/ring_buffer.c **** bool RingBuffer_Put(RingBuffer_t *rb, rb_item_t data) {
 113              		.loc 1 23 55 is_stmt 1 view -0
 114              		.cfi_startproc
 115              		@ args = 0, pretend = 0, frame = 0
 116              		@ frame_needed = 0, uses_anonymous_args = 0
 117              		.loc 1 23 55 is_stmt 0 view .LVU19
 118 0000 38B5     		push	{r3, r4, r5, lr}
 119              	.LCFI0:
 120              		.cfi_def_cfa_offset 16
 121              		.cfi_offset 3, -16
 122              		.cfi_offset 4, -12
 123              		.cfi_offset 5, -8
 124              		.cfi_offset 14, -4
 125 0002 0446     		mov	r4, r0
 126 0004 0D46     		mov	r5, r1
  24:app/Src/ring_buffer.c ****     if (RingBuffer_Count(rb) == RING_BUFFER_MASK) {
 127              		.loc 1 24 5 is_stmt 1 view .LVU20
 128              		.loc 1 24 9 is_stmt 0 view .LVU21
 129 0006 FFF7FEFF 		bl	RingBuffer_Count
 130              	.LVL6:
 131              		.loc 1 24 8 discriminator 1 view .LVU22
 132 000a FF28     		cmp	r0, #255
 133 000c 0AD0     		beq	.L8
  25:app/Src/ring_buffer.c ****         rb->dropped++;
  26:app/Src/ring_buffer.c ****         return false;
  27:app/Src/ring_buffer.c ****     }
  28:app/Src/ring_buffer.c ****     
  29:app/Src/ring_buffer.c ****     rb->buffer[rb->head & RING_BUFFER_MASK] = data;
 134              		.loc 1 29 5 is_stmt 1 view .LVU23
 135              		.loc 1 29 18 is_stmt 0 view .LVU24
 136 000e D4F80031 		ldr	r3, [r4, #256]
 137              		.loc 1 29 25 view .LVU25
 138 0012 DBB2     		uxtb	r3, r3
 139              		.loc 1 29 45 view .LVU26
 140 0014 E554     		strb	r5, [r4, r3]
  30:app/Src/ring_buffer.c ****     COMPILER_BARRIER();
 141              		.loc 1 30 5 is_stmt 1 view .LVU27
  31:app/Src/ring_buffer.c ****     rb->head++; 
 142              		.loc 1 31 5 view .LVU28
 143              		.loc 1 31 7 is_stmt 0 view .LVU29
 144 0016 D4F80031 		ldr	r3, [r4, #256]
 145              		.loc 1 31 13 view .LVU30
 146 001a 0133     		adds	r3, r3, #1
 147 001c C4F80031 		str	r3, [r4, #256]
ARM GAS  C:\Users\user\AppData\Local\Temp\ccQjwRFr.s 			page 4


  32:app/Src/ring_buffer.c ****     return true;
 148              		.loc 1 32 5 is_stmt 1 view .LVU31
 149              		.loc 1 32 12 is_stmt 0 view .LVU32
 150 0020 0120     		movs	r0, #1
 151              	.L6:
  33:app/Src/ring_buffer.c **** }
 152              		.loc 1 33 1 view .LVU33
 153 0022 38BD     		pop	{r3, r4, r5, pc}
 154              	.LVL7:
 155              	.L8:
  25:app/Src/ring_buffer.c ****         return false;
 156              		.loc 1 25 9 is_stmt 1 view .LVU34
  25:app/Src/ring_buffer.c ****         return false;
 157              		.loc 1 25 11 is_stmt 0 view .LVU35
 158 0024 D4F80831 		ldr	r3, [r4, #264]
  25:app/Src/ring_buffer.c ****         return false;
 159              		.loc 1 25 20 view .LVU36
 160 0028 0133     		adds	r3, r3, #1
 161 002a C4F80831 		str	r3, [r4, #264]
  26:app/Src/ring_buffer.c ****     }
 162              		.loc 1 26 9 is_stmt 1 view .LVU37
  26:app/Src/ring_buffer.c ****     }
 163              		.loc 1 26 16 is_stmt 0 view .LVU38
 164 002e 0020     		movs	r0, #0
 165 0030 F7E7     		b	.L6
 166              		.cfi_endproc
 167              	.LFE3:
 169              		.section	.text.RingBuffer_Get,"ax",%progbits
 170              		.align	1
 171              		.global	RingBuffer_Get
 172              		.syntax unified
 173              		.thumb
 174              		.thumb_func
 176              	RingBuffer_Get:
 177              	.LVL8:
 178              	.LFB4:
  34:app/Src/ring_buffer.c **** 
  35:app/Src/ring_buffer.c **** /* 從 Buffer 中讀取單一字元，若為空則回傳失敗 */
  36:app/Src/ring_buffer.c **** bool RingBuffer_Get(RingBuffer_t *rb, rb_item_t *data) {
 179              		.loc 1 36 56 is_stmt 1 view -0
 180              		.cfi_startproc
 181              		@ args = 0, pretend = 0, frame = 0
 182              		@ frame_needed = 0, uses_anonymous_args = 0
 183              		.loc 1 36 56 is_stmt 0 view .LVU40
 184 0000 38B5     		push	{r3, r4, r5, lr}
 185              	.LCFI1:
 186              		.cfi_def_cfa_offset 16
 187              		.cfi_offset 3, -16
 188              		.cfi_offset 4, -12
 189              		.cfi_offset 5, -8
 190              		.cfi_offset 14, -4
 191 0002 0446     		mov	r4, r0
 192 0004 0D46     		mov	r5, r1
  37:app/Src/ring_buffer.c ****     if (RingBuffer_Count(rb) == 0) {
 193              		.loc 1 37 5 is_stmt 1 view .LVU41
 194              		.loc 1 37 9 is_stmt 0 view .LVU42
 195 0006 FFF7FEFF 		bl	RingBuffer_Count
ARM GAS  C:\Users\user\AppData\Local\Temp\ccQjwRFr.s 			page 5


 196              	.LVL9:
 197              		.loc 1 37 8 discriminator 1 view .LVU43
 198 000a 50B1     		cbz	r0, .L10
  38:app/Src/ring_buffer.c ****         return false;
  39:app/Src/ring_buffer.c ****     }
  40:app/Src/ring_buffer.c ****     
  41:app/Src/ring_buffer.c ****     *data = rb->buffer[rb->tail & RING_BUFFER_MASK];
 199              		.loc 1 41 5 is_stmt 1 view .LVU44
 200              		.loc 1 41 26 is_stmt 0 view .LVU45
 201 000c D4F80431 		ldr	r3, [r4, #260]
 202              		.loc 1 41 33 view .LVU46
 203 0010 DBB2     		uxtb	r3, r3
 204              		.loc 1 41 23 view .LVU47
 205 0012 E35C     		ldrb	r3, [r4, r3]	@ zero_extendqisi2
 206              		.loc 1 41 11 view .LVU48
 207 0014 2B70     		strb	r3, [r5]
  42:app/Src/ring_buffer.c ****     COMPILER_BARRIER();
 208              		.loc 1 42 5 is_stmt 1 view .LVU49
  43:app/Src/ring_buffer.c ****     rb->tail++;
 209              		.loc 1 43 5 view .LVU50
 210              		.loc 1 43 7 is_stmt 0 view .LVU51
 211 0016 D4F80431 		ldr	r3, [r4, #260]
 212              		.loc 1 43 13 view .LVU52
 213 001a 0133     		adds	r3, r3, #1
 214 001c C4F80431 		str	r3, [r4, #260]
  44:app/Src/ring_buffer.c ****     return true;
 215              		.loc 1 44 5 is_stmt 1 view .LVU53
 216              		.loc 1 44 12 is_stmt 0 view .LVU54
 217 0020 0120     		movs	r0, #1
 218              	.L10:
  45:app/Src/ring_buffer.c **** }...
 219              		.loc 1 45 1 view .LVU55
 220 0022 38BD     		pop	{r3, r4, r5, pc}
 221              		.loc 1 45 1 view .LVU56
 222              		.cfi_endproc
 223              	.LFE4:
 225              		.text
 226              	.Letext0:
 227              		.file 2 "C:/arm-gnu-toolchain-15.3.rel1-mingw-w64-i686-arm-none-eabi/arm-none-eabi/include/machine
 228              		.file 3 "C:/arm-gnu-toolchain-15.3.rel1-mingw-w64-i686-arm-none-eabi/arm-none-eabi/include/sys/_st
 229              		.file 4 "app/inc/ring_buffer.h"
ARM GAS  C:\Users\user\AppData\Local\Temp\ccQjwRFr.s 			page 6


DEFINED SYMBOLS
                            *ABS*:00000000 ring_buffer.c
C:\Users\user\AppData\Local\Temp\ccQjwRFr.s:21     .text.RingBuffer_Init:00000000 $t
C:\Users\user\AppData\Local\Temp\ccQjwRFr.s:27     .text.RingBuffer_Init:00000000 RingBuffer_Init
C:\Users\user\AppData\Local\Temp\ccQjwRFr.s:51     .text.RingBuffer_Count:00000000 $t
C:\Users\user\AppData\Local\Temp\ccQjwRFr.s:57     .text.RingBuffer_Count:00000000 RingBuffer_Count
C:\Users\user\AppData\Local\Temp\ccQjwRFr.s:80     .text.RingBuffer_Dropped:00000000 $t
C:\Users\user\AppData\Local\Temp\ccQjwRFr.s:86     .text.RingBuffer_Dropped:00000000 RingBuffer_Dropped
C:\Users\user\AppData\Local\Temp\ccQjwRFr.s:104    .text.RingBuffer_Put:00000000 $t
C:\Users\user\AppData\Local\Temp\ccQjwRFr.s:110    .text.RingBuffer_Put:00000000 RingBuffer_Put
C:\Users\user\AppData\Local\Temp\ccQjwRFr.s:170    .text.RingBuffer_Get:00000000 $t
C:\Users\user\AppData\Local\Temp\ccQjwRFr.s:176    .text.RingBuffer_Get:00000000 RingBuffer_Get

NO UNDEFINED SYMBOLS
