Archive member included to satisfy reference by file (symbol)

C:/arm-gnu-toolchain-15.3.rel1-mingw-w64-i686-arm-none-eabi/bin/../lib/gcc/arm-none-eabi/15.3.1/../../../../arm-none-eabi/lib/thumb/v7e-m+fp/hard\libc_nano.a(libc_a-exit.o)
                              C:/arm-gnu-toolchain-15.3.rel1-mingw-w64-i686-arm-none-eabi/bin/../lib/gcc/arm-none-eabi/15.3.1/../../../../arm-none-eabi/lib/thumb/v7e-m+fp/hard/crt0.o (exit)
C:/arm-gnu-toolchain-15.3.rel1-mingw-w64-i686-arm-none-eabi/bin/../lib/gcc/arm-none-eabi/15.3.1/../../../../arm-none-eabi/lib/thumb/v7e-m+fp/hard\libc_nano.a(libc_a-findfp.o)
                              C:/arm-gnu-toolchain-15.3.rel1-mingw-w64-i686-arm-none-eabi/bin/../lib/gcc/arm-none-eabi/15.3.1/../../../../arm-none-eabi/lib/thumb/v7e-m+fp/hard\libc_nano.a(libc_a-exit.o) (__stdio_exit_handler)
C:/arm-gnu-toolchain-15.3.rel1-mingw-w64-i686-arm-none-eabi/bin/../lib/gcc/arm-none-eabi/15.3.1/../../../../arm-none-eabi/lib/thumb/v7e-m+fp/hard\libc_nano.a(libc_a-fwalk.o)
                              C:/arm-gnu-toolchain-15.3.rel1-mingw-w64-i686-arm-none-eabi/bin/../lib/gcc/arm-none-eabi/15.3.1/../../../../arm-none-eabi/lib/thumb/v7e-m+fp/hard\libc_nano.a(libc_a-findfp.o) (_fwalk_sglue)
C:/arm-gnu-toolchain-15.3.rel1-mingw-w64-i686-arm-none-eabi/bin/../lib/gcc/arm-none-eabi/15.3.1/../../../../arm-none-eabi/lib/thumb/v7e-m+fp/hard\libc_nano.a(libc_a-snprintf.o)
                              build/app_logger.o (snprintf)
C:/arm-gnu-toolchain-15.3.rel1-mingw-w64-i686-arm-none-eabi/bin/../lib/gcc/arm-none-eabi/15.3.1/../../../../arm-none-eabi/lib/thumb/v7e-m+fp/hard\libc_nano.a(libc_a-sprintf.o)
                              build/lab6.o (sprintf)
C:/arm-gnu-toolchain-15.3.rel1-mingw-w64-i686-arm-none-eabi/bin/../lib/gcc/arm-none-eabi/15.3.1/../../../../arm-none-eabi/lib/thumb/v7e-m+fp/hard\libc_nano.a(libc_a-stdio.o)
                              C:/arm-gnu-toolchain-15.3.rel1-mingw-w64-i686-arm-none-eabi/bin/../lib/gcc/arm-none-eabi/15.3.1/../../../../arm-none-eabi/lib/thumb/v7e-m+fp/hard\libc_nano.a(libc_a-findfp.o) (__sread)
C:/arm-gnu-toolchain-15.3.rel1-mingw-w64-i686-arm-none-eabi/bin/../lib/gcc/arm-none-eabi/15.3.1/../../../../arm-none-eabi/lib/thumb/v7e-m+fp/hard\libc_nano.a(libc_a-vsnprintf.o)
                              build/cli_task.o (vsnprintf)
C:/arm-gnu-toolchain-15.3.rel1-mingw-w64-i686-arm-none-eabi/bin/../lib/gcc/arm-none-eabi/15.3.1/../../../../arm-none-eabi/lib/thumb/v7e-m+fp/hard\libc_nano.a(libc_a-memset.o)
                              C:/arm-gnu-toolchain-15.3.rel1-mingw-w64-i686-arm-none-eabi/bin/../lib/gcc/arm-none-eabi/15.3.1/../../../../arm-none-eabi/lib/thumb/v7e-m+fp/hard/crt0.o (memset)
C:/arm-gnu-toolchain-15.3.rel1-mingw-w64-i686-arm-none-eabi/bin/../lib/gcc/arm-none-eabi/15.3.1/../../../../arm-none-eabi/lib/thumb/v7e-m+fp/hard\libc_nano.a(libc_a-closer.o)
                              C:/arm-gnu-toolchain-15.3.rel1-mingw-w64-i686-arm-none-eabi/bin/../lib/gcc/arm-none-eabi/15.3.1/../../../../arm-none-eabi/lib/thumb/v7e-m+fp/hard\libc_nano.a(libc_a-stdio.o) (_close_r)
C:/arm-gnu-toolchain-15.3.rel1-mingw-w64-i686-arm-none-eabi/bin/../lib/gcc/arm-none-eabi/15.3.1/../../../../arm-none-eabi/lib/thumb/v7e-m+fp/hard\libc_nano.a(libc_a-reent.o)
                              C:/arm-gnu-toolchain-15.3.rel1-mingw-w64-i686-arm-none-eabi/bin/../lib/gcc/arm-none-eabi/15.3.1/../../../../arm-none-eabi/lib/thumb/v7e-m+fp/hard\libc_nano.a(libc_a-closer.o) (errno)
C:/arm-gnu-toolchain-15.3.rel1-mingw-w64-i686-arm-none-eabi/bin/../lib/gcc/arm-none-eabi/15.3.1/../../../../arm-none-eabi/lib/thumb/v7e-m+fp/hard\libc_nano.a(libc_a-impure.o)
                              C:/arm-gnu-toolchain-15.3.rel1-mingw-w64-i686-arm-none-eabi/bin/../lib/gcc/arm-none-eabi/15.3.1/../../../../arm-none-eabi/lib/thumb/v7e-m+fp/hard\libc_nano.a(libc_a-snprintf.o) (_impure_ptr)
C:/arm-gnu-toolchain-15.3.rel1-mingw-w64-i686-arm-none-eabi/bin/../lib/gcc/arm-none-eabi/15.3.1/../../../../arm-none-eabi/lib/thumb/v7e-m+fp/hard\libc_nano.a(libc_a-lseekr.o)
                              C:/arm-gnu-toolchain-15.3.rel1-mingw-w64-i686-arm-none-eabi/bin/../lib/gcc/arm-none-eabi/15.3.1/../../../../arm-none-eabi/lib/thumb/v7e-m+fp/hard\libc_nano.a(libc_a-stdio.o) (_lseek_r)
C:/arm-gnu-toolchain-15.3.rel1-mingw-w64-i686-arm-none-eabi/bin/../lib/gcc/arm-none-eabi/15.3.1/../../../../arm-none-eabi/lib/thumb/v7e-m+fp/hard\libc_nano.a(libc_a-readr.o)
                              C:/arm-gnu-toolchain-15.3.rel1-mingw-w64-i686-arm-none-eabi/bin/../lib/gcc/arm-none-eabi/15.3.1/../../../../arm-none-eabi/lib/thumb/v7e-m+fp/hard\libc_nano.a(libc_a-stdio.o) (_read_r)
C:/arm-gnu-toolchain-15.3.rel1-mingw-w64-i686-arm-none-eabi/bin/../lib/gcc/arm-none-eabi/15.3.1/../../../../arm-none-eabi/lib/thumb/v7e-m+fp/hard\libc_nano.a(libc_a-writer.o)
[...]
Memory Configuration

Name             Origin             Length             Attributes
RAM              0x20000000         0x00020000         xrw
FLASH            0x08000000         0x00080000         xr
*default*        0x00000000         0xffffffff

Linker script and memory map

LOAD C:/arm-gnu-toolchain-15.3.rel1-mingw-w64-i686-arm-none-eabi/bin/../lib/gcc/arm-none-eabi/15.3.1/thumb/v7e-m+fp/hard/crti.o
LOAD C:/arm-gnu-toolchain-15.3.rel1-mingw-w64-i686-arm-none-eabi/bin/../lib/gcc/arm-none-eabi/15.3.1/thumb/v7e-m+fp/hard/crtbegin.o
LOAD C:/arm-gnu-toolchain-15.3.rel1-mingw-w64-i686-arm-none-eabi/bin/../lib/gcc/arm-none-eabi/15.3.1/../../../../arm-none-eabi/lib/thumb/v7e-m+fp/hard/crt0.o
LOAD build/lab6.o
LOAD build/gpio.o
LOAD build/usart.o
LOAD build/stm32f4xx_it.o
LOAD build/stm32f4xx_hal_msp.o
LOAD build/stm32f4xx_hal_timebase_tim.o
LOAD build/stm32f4xx_hal_tim.o
LOAD build/stm32f4xx_hal_tim_ex.o
LOAD build/stm32f4xx_hal_uart.o
LOAD build/stm32f4xx_hal_rcc.o
LOAD build/stm32f4xx_hal_rcc_ex.o
LOAD build/stm32f4xx_hal_flash.o
LOAD build/stm32f4xx_hal_flash_ex.o
LOAD build/stm32f4xx_hal_flash_ramfunc.o
LOAD build/stm32f4xx_hal_gpio.o
LOAD build/stm32f4xx_hal_dma_ex.o
LOAD build/stm32f4xx_hal_dma.o
LOAD build/stm32f4xx_hal_pwr.o
LOAD build/stm32f4xx_hal_pwr_ex.o
LOAD build/stm32f4xx_hal_cortex.o
LOAD build/stm32f4xx_hal.o
LOAD build/stm32f4xx_hal_exti.o
LOAD build/system_stm32f4xx.o
LOAD build/sysmem.o
LOAD build/syscalls.o
LOAD build/app_logger.o
LOAD build/cli_task.o
LOAD build/ring_buffer.o
LOAD build/bsp_spi.o
LOAD build/bsp_i2c.o
LOAD build/bsp_w25q64.o
LOAD build/bsp_ssd1306.o
LOAD build/bsp_lm75.o
LOAD build/croutine.o
LOAD build/event_groups.o
LOAD build/list.o
LOAD build/queue.o
LOAD build/stream_buffer.o
LOAD build/tasks.o
LOAD build/timers.o
LOAD build/heap_4.o
LOAD build/port.o
LOAD build/startup_stm32f446xx.o
LOAD C:/arm-gnu-toolchain-15.3.rel1-mingw-w64-i686-arm-none-eabi/bin/../lib/gcc/arm-none-eabi/15.3.1/../../../../arm-none-eabi/lib/thumb/v7e-m+fp/hard\libc_nano.a
LOAD C:/arm-gnu-toolchain-15.3.rel1-mingw-w64-i686-arm-none-eabi/bin/../lib/gcc/arm-none-eabi/15.3.1/../../../../arm-none-eabi/lib/thumb/v7e-m+fp/hard\libm.a
LOAD C:/arm-gnu-toolchain-15.3.rel1-mingw-w64-i686-arm-none-eabi/bin/../lib/gcc/arm-none-eabi/15.3.1/../../../../arm-none-eabi/lib/thumb/v7e-m+fp/hard\libnosys.a
START GROUP
LOAD C:/arm-gnu-toolchain-15.3.rel1-mingw-w64-i686-arm-none-eabi/bin/../lib/gcc/arm-none-eabi/15.3.1/thumb/v7e-m+fp/hard\libgcc.a
LOAD C:/arm-gnu-toolchain-15.3.rel1-mingw-w64-i686-arm-none-eabi/bin/../lib/gcc/arm-none-eabi/15.3.1/../../../../arm-none-eabi/lib/thumb/v7e-m+fp/hard\libc_nano.a
END GROUP
START GROUP
LOAD C:/arm-gnu-toolchain-15.3.rel1-mingw-w64-i686-arm-none-eabi/bin/../lib/gcc/arm-none-eabi/15.3.1/thumb/v7e-m+fp/hard\libgcc.a
LOAD C:/arm-gnu-toolchain-15.3.rel1-mingw-w64-i686-arm-none-eabi/bin/../lib/gcc/arm-none-eabi/15.3.1/../../../../arm-none-eabi/lib/thumb/v7e-m+fp/hard\libc_nano.a
END GROUP
LOAD C:/arm-gnu-toolchain-15.3.rel1-mingw-w64-i686-arm-none-eabi/bin/../lib/gcc/arm-none-eabi/15.3.1/thumb/v7e-m+fp/hard/crtend.o
LOAD C:/arm-gnu-toolchain-15.3.rel1-mingw-w64-i686-arm-none-eabi/bin/../lib/gcc/arm-none-eabi/15.3.1/thumb/v7e-m+fp/hard/crtn.o
                0x20020000                        _estack = (ORIGIN (RAM) + LENGTH (RAM))
                0x2001fc00                        _sstack = (_estack - _Min_Stack_Size)
                0x00000200                        _Min_Heap_Size = 0x200
                0x00000400                        _Min_Stack_Size = 0x400

.isr_vector     0x08000000      0x1c4
                0x08000000                        . = ALIGN (0x4)
 *(.isr_vector)
 .isr_vector    0x08000000      0x1c4 build/startup_stm32f446xx.o
                0x08000000                g_pfnVectors
                0x080001c4                        . = ALIGN (0x4)

.text           0x080001d0     0x3e00
                0x080001d0                        . = ALIGN (0x4)
 *(.text)
 .text          0x080001d0       0x10 C:/arm-gnu-toolchain-15.3.rel1-mingw-w64-i686-arm-none-eabi/bin/../lib/gcc/arm-none-eabi/15.3.1/../../../../arm-none-eabi/lib/thumb/v7e-m+fp/hard\libc_nano.a(libc_a-strlen.o)
                0x080001d0                strlen
 .text          0x080001e0       0xa0 C:/arm-gnu-toolchain-15.3.rel1-mingw-w64-i686-arm-none-eabi/bin/../lib/gcc/arm-none-eabi/15.3.1/../../../../arm-none-eabi/lib/thumb/v7e-m+fp/hard\libc_nano.a(libc_a-memchr.o)
                0x080001e0                memchr
 .text          0x08000280       0x30 C:/arm-gnu-toolchain-15.3.rel1-mingw-w64-i686-arm-none-eabi/bin/../lib/gcc/arm-none-eabi/15.3.1/thumb/v7e-m+fp/hard\libgcc.a(_aeabi_uldivmod.o)
                0x08000280                __aeabi_uldivmod
 .text          0x080002b0        0x4 C:/arm-gnu-toolchain-15.3.rel1-mingw-w64-i686-arm-none-eabi/bin/../lib/gcc/arm-none-eabi/15.3.1/thumb/v7e-m+fp/hard\libgcc.a(_dvmd_tls.o)
                0x080002b0                __aeabi_idiv0
                0x080002b0                __aeabi_ldiv0
 *(.text*)
 .text.deregister_tm_clones
                0x080002b4       0x1c C:/arm-gnu-toolchain-15.3.rel1-mingw-w64-i686-arm-none-eabi/bin/../lib/gcc/arm-none-eabi/15.3.1/thumb/v7e-m+fp/hard/crtbegin.o
 .text.register_tm_clones
                0x080002d0       0x24 C:/arm-gnu-toolchain-15.3.rel1-mingw-w64-i686-arm-none-eabi/bin/../lib/gcc/arm-none-eabi/15.3.1/thumb/v7e-m+fp/hard/crtbegin.o
 .text.__do_global_dtors_aux
                0x080002f4       0x28 C:/arm-gnu-toolchain-15.3.rel1-mingw-w64-i686-arm-none-eabi/bin/../lib/gcc/arm-none-eabi/15.3.1/thumb/v7e-m+fp/hard/crtbegin.o
 .text.frame_dummy
                0x0800031c       0x24 C:/arm-gnu-toolchain-15.3.rel1-mingw-w64-i686-arm-none-eabi/bin/../lib/gcc/arm-none-eabi/15.3.1/thumb/v7e-m+fp/hard/crtbegin.o
 .text.UART_Print
                0x08000340       0x1c build/lab6.o
                0x08000340                UART_Print
 .text.vSensorTask
                0x0800035c       0x3c build/lab6.o
                0x0800035c                vSensorTask
 .text.vLoggerTask
                0x08000398       0x30 build/lab6.o
                0x08000398                vLoggerTask
 .text.SystemClock_Config
                0x080003c8       0x84 build/lab6.o
                0x080003c8                SystemClock_Config
 .text.main     0x0800044c       0x64 build/lab6.o
                0x0800044c                main
 .text.Error_Handler
                0x080004b0        0x4 build/lab6.o
                0x080004b0                Error_Handler
 .text.MX_GPIO_Init
                0x080004b4       0x6c build/gpio.o
                0x080004b4                MX_GPIO_Init
 .text.MX_USART2_UART_Init
                0x08000520       0x34 build/usart.o
                0x08000520                MX_USART2_UART_Init
 .text.HAL_UART_MspInit
                0x08000554       0x7c build/usart.o
                0x08000554                HAL_UART_MspInit
 .text.NMI_Handler
                0x080005d0        0x2 build/stm32f4xx_it.o
                0x080005d0                NMI_Handler
 .text.HardFault_Handler
                0x080005d2        0x2 build/stm32f4xx_it.o
                0x080005d2                HardFault_Handler
 .text.MemManage_Handler
                0x080005d4        0x2 build/stm32f4xx_it.o
                0x080005d4                MemManage_Handler
 .text.BusFault_Handler
                0x080005d6        0x2 build/stm32f4xx_it.o
                0x080005d6                BusFault_Handler
 .text.UsageFault_Handler
                0x080005d8        0x2 build/stm32f4xx_it.o
                0x080005d8                UsageFault_Handler
 .text.DebugMon_Handler
                0x080005da        0x2 build/stm32f4xx_it.o
                0x080005da                DebugMon_Handler
 .text.USART2_IRQHandler
                0x080005dc       0x10 build/stm32f4xx_it.o
                0x080005dc                USART2_IRQHandler
 .text.TIM6_DAC_IRQHandler
                0x080005ec       0x10 build/stm32f4xx_it.o
                0x080005ec                TIM6_DAC_IRQHandler
 .text.HAL_MspInit
                0x080005fc       0x38 build/stm32f4xx_hal_msp.o
                0x080005fc                HAL_MspInit
 .text.HAL_InitTick
                0x08000634       0xa8 build/stm32f4xx_hal_timebase_tim.o
                0x08000634                HAL_InitTick
 .text.HAL_TIM_Base_MspInit
                0x080006dc        0x2 build/stm32f4xx_hal_tim.o
                0x080006dc                HAL_TIM_Base_MspInit
 *fill*         0x080006de        0x2 
 .text.HAL_TIM_Base_Start_IT
                0x080006e0       0x84 build/stm32f4xx_hal_tim.o
                0x080006e0                HAL_TIM_Base_Start_IT
 .text.HAL_TIM_PeriodElapsedCallback
                0x08000764        0x2 build/stm32f4xx_hal_tim.o
                0x08000764                HAL_TIM_PeriodElapsedCallback
 .text.HAL_TIM_OC_DelayElapsedCallback
                0x08000766        0x2 build/stm32f4xx_hal_tim.o
                0x08000766                HAL_TIM_OC_DelayElapsedCallback
 .text.HAL_TIM_IC_CaptureCallback
                0x08000768        0x2 build/stm32f4xx_hal_tim.o
                0x08000768                HAL_TIM_IC_CaptureCallback
 .text.HAL_TIM_PWM_PulseFinishedCallback
                0x0800076a        0x2 build/stm32f4xx_hal_tim.o
                0x0800076a                HAL_TIM_PWM_PulseFinishedCallback
 .text.HAL_TIM_TriggerCallback
                0x0800076c        0x2 build/stm32f4xx_hal_tim.o
                0x0800076c                HAL_TIM_TriggerCallback
 .text.HAL_TIM_IRQHandler
                0x0800076e      0x15e build/stm32f4xx_hal_tim.o
                0x0800076e                HAL_TIM_IRQHandler
 .text.TIM_Base_SetConfig
                0x080008cc       0xd0 build/stm32f4xx_hal_tim.o
                0x080008cc                TIM_Base_SetConfig
 .text.HAL_TIM_Base_Init
                0x0800099c       0x58 build/stm32f4xx_hal_tim.o
                0x0800099c                HAL_TIM_Base_Init
 .text.HAL_TIMEx_CommutCallback
                0x080009f4        0x2 build/stm32f4xx_hal_tim_ex.o
                0x080009f4                HAL_TIMEx_CommutCallback
 .text.HAL_TIMEx_BreakCallback
                0x080009f6        0x2 build/stm32f4xx_hal_tim_ex.o
                0x080009f6                HAL_TIMEx_BreakCallback
 .text.UART_EndRxTransfer
                0x080009f8       0x5c build/stm32f4xx_hal_uart.o
 .text.UART_Transmit_IT
                0x08000a54       0x5e build/stm32f4xx_hal_uart.o
 *fill*         0x08000ab2        0x2 
 .text.UART_SetConfig
                0x08000ab4      0x110 build/stm32f4xx_hal_uart.o
 .text.UART_WaitOnFlagUntilTimeout
                0x08000bc4       0x84 build/stm32f4xx_hal_uart.o
 .text.HAL_UART_Init
                0x08000c48       0x60 build/stm32f4xx_hal_uart.o
                0x08000c48                HAL_UART_Init
 .text.HAL_UART_Transmit
                0x08000ca8       0xcc build/stm32f4xx_hal_uart.o
                0x08000ca8                HAL_UART_Transmit
 .text.HAL_UART_TxCpltCallback
                0x08000d74        0x2 build/stm32f4xx_hal_uart.o
                0x08000d74                HAL_UART_TxCpltCallback
 .text.UART_EndTransmit_IT
                0x08000d76       0x1a build/stm32f4xx_hal_uart.o
 .text.HAL_UART_RxCpltCallback
                0x08000d90        0x2 build/stm32f4xx_hal_uart.o
                0x08000d90                HAL_UART_RxCpltCallback
 .text.HAL_UART_ErrorCallback
                0x08000d92        0x2 build/stm32f4xx_hal_uart.o
                0x08000d92                HAL_UART_ErrorCallback
 .text.UART_DMAAbortOnError
                0x08000d94        0xe build/stm32f4xx_hal_uart.o
 .text.HAL_UARTEx_RxEventCallback
                0x08000da2        0x2 build/stm32f4xx_hal_uart.o
                0x08000da2                HAL_UARTEx_RxEventCallback
 .text.UART_Receive_IT
                0x08000da4       0xe0 build/stm32f4xx_hal_uart.o
 .text.HAL_UART_IRQHandler
                0x08000e84      0x29c build/stm32f4xx_hal_uart.o
                0x08000e84                HAL_UART_IRQHandler
 .text.HAL_RCC_ClockConfig
                0x08001120      0x160 build/stm32f4xx_hal_rcc.o
                0x08001120                HAL_RCC_ClockConfig
 .text.HAL_RCC_GetHCLKFreq
                0x08001280        0xc build/stm32f4xx_hal_rcc.o
                0x08001280                HAL_RCC_GetHCLKFreq
 .text.HAL_RCC_GetPCLK1Freq
                0x0800128c       0x20 build/stm32f4xx_hal_rcc.o
                0x0800128c                HAL_RCC_GetPCLK1Freq
 .text.HAL_RCC_GetPCLK2Freq
                0x080012ac       0x20 build/stm32f4xx_hal_rcc.o
                0x080012ac                HAL_RCC_GetPCLK2Freq
 .text.HAL_RCC_GetClockConfig
                0x080012cc       0x3c build/stm32f4xx_hal_rcc.o
                0x080012cc                HAL_RCC_GetClockConfig
 .text.HAL_RCC_GetSysClockFreq
                0x08001308      0x128 build/stm32f4xx_hal_rcc_ex.o
                0x08001308                HAL_RCC_GetSysClockFreq
 .text.HAL_RCC_OscConfig
                0x08001430      0x448 build/stm32f4xx_hal_rcc_ex.o
                0x08001430                HAL_RCC_OscConfig
 .text.HAL_GPIO_Init
                0x08001878      0x1fc build/stm32f4xx_hal_gpio.o
                0x08001878                HAL_GPIO_Init
 .text.HAL_DMA_Abort
                0x08001a74       0x94 build/stm32f4xx_hal_dma.o
                0x08001a74                HAL_DMA_Abort
 .text.HAL_DMA_Abort_IT
                0x08001b08       0x24 build/stm32f4xx_hal_dma.o
                0x08001b08                HAL_DMA_Abort_IT
 .text.__NVIC_EnableIRQ
                0x08001b2c       0x1c build/stm32f4xx_hal_cortex.o
 .text.__NVIC_SetPriority
                0x08001b48       0x28 build/stm32f4xx_hal_cortex.o
 .text.NVIC_EncodePriority
                0x08001b70       0x46 build/stm32f4xx_hal_cortex.o
 *fill*         0x08001bb6        0x2 
 .text.HAL_NVIC_SetPriorityGrouping
                0x08001bb8       0x24 build/stm32f4xx_hal_cortex.o
                0x08001bb8                HAL_NVIC_SetPriorityGrouping
 .text.HAL_NVIC_SetPriority
                0x08001bdc       0x20 build/stm32f4xx_hal_cortex.o
                0x08001bdc                HAL_NVIC_SetPriority
 .text.HAL_NVIC_EnableIRQ
                0x08001bfc        0x8 build/stm32f4xx_hal_cortex.o
                0x08001bfc                HAL_NVIC_EnableIRQ
 .text.HAL_Init
                0x08001c04       0x34 build/stm32f4xx_hal.o
                0x08001c04                HAL_Init
 .text.HAL_GetTick
                0x08001c38        0xc build/stm32f4xx_hal.o
                0x08001c38                HAL_GetTick
 .text.SystemInit
                0x08001c44       0x14 build/system_stm32f4xx.o
                0x08001c44                SystemInit
 .text._sbrk    0x08001c58       0x4c build/sysmem.o
                0x08001c58                _sbrk
 .text.vListInitialise
                0x08001ca4       0x16 build/list.o
                0x08001ca4                vListInitialise
 .text.vListInitialiseItem
                0x08001cba        0x6 build/list.o
                0x08001cba                vListInitialiseItem
 .text.vListInsert
                0x08001cc0       0x38 build/list.o
                0x08001cc0                vListInsert
 .text.uxListRemove
                0x08001cf8       0x24 build/list.o
                0x08001cf8                uxListRemove
 .text.prvIsQueueEmpty
                0x08001d1c       0x1e build/queue.o
 .text.prvCopyDataFromQueue
                0x08001d3a       0x24 build/queue.o
 .text.prvUnlockQueue
                0x08001d5e       0x6e build/queue.o
 .text.xQueueGenericReset
                0x08001dcc       0x94 build/queue.o
                0x08001dcc                xQueueGenericReset
 .text.prvInitialiseNewQueue
                0x08001e60       0x1e build/queue.o
 .text.xQueueGenericCreate
                0x08001e7e       0x54 build/queue.o
                0x08001e7e                xQueueGenericCreate
 .text.xQueueReceive
                0x08001ed2      0x110 build/queue.o
                0x08001ed2                xQueueReceive
 .text.vQueueWaitForMessageRestricted
                0x08001fe2       0x52 build/queue.o
                0x08001fe2                vQueueWaitForMessageRestricted
 .text.prvResetNextTaskUnblockTime
                0x08002034       0x28 build/tasks.o
 .text.prvDeleteTCB
                0x0800205c       0x12 build/tasks.o
 .text.prvInitialiseNewTask
                0x0800206e       0x7e build/tasks.o
 .text.prvCreateTask
                0x080020ec       0x5a build/tasks.o
 *fill*         0x08002146        0x2 
 .text.prvInitialiseTaskLists
                0x08002148       0x68 build/tasks.o
 .text.prvAddNewTaskToReadyList
                0x080021b0       0xcc build/tasks.o
 .text.prvCheckTasksWaitingTermination
                0x0800227c       0x4c build/tasks.o
 .text.prvIdleTask
                0x080022c8       0x28 build/tasks.o
 .text.prvAddCurrentTaskToDelayedList
                0x080022f0       0xa4 build/tasks.o
 .text.xTaskCreate
                0x08002394       0x22 build/tasks.o
                0x08002394                xTaskCreate
 *fill*         0x080023b6        0x2 
 .text.prvCreateIdleTasks
                0x080023b8       0x64 build/tasks.o
 .text.vTaskStartScheduler
                0x0800241c       0x54 build/tasks.o
                0x0800241c                vTaskStartScheduler
 .text.vTaskSuspendAll
                0x08002470       0x10 build/tasks.o
                0x08002470                vTaskSuspendAll
 .text.xTaskGetTickCount
                0x08002480        0xc build/tasks.o
                0x08002480                xTaskGetTickCount
 .text.xTaskIncrementTick
                0x0800248c      0x170 build/tasks.o
                0x0800248c                xTaskIncrementTick
 .text.xTaskResumeAll
                0x080025fc      0x140 build/tasks.o
                0x080025fc                xTaskResumeAll
 .text.vTaskDelay
                0x0800273c       0x32 build/tasks.o
                0x0800273c                vTaskDelay
 *fill*         0x0800276e        0x2 
 .text.vTaskSwitchContext
                0x08002770       0x84 build/tasks.o
                0x08002770                vTaskSwitchContext
 .text.vTaskPlaceOnEventList
                0x080027f4       0x1c build/tasks.o
                0x080027f4                vTaskPlaceOnEventList
 .text.vTaskPlaceOnEventListRestricted
                0x08002810       0x4c build/tasks.o
                0x08002810                vTaskPlaceOnEventListRestricted
 .text.xTaskRemoveFromEventList
                0x0800285c       0xec build/tasks.o
                0x0800285c                xTaskRemoveFromEventList
 .text.vTaskInternalSetTimeOutState
                0x08002948       0x18 build/tasks.o
                0x08002948                vTaskInternalSetTimeOutState
 .text.xTaskCheckForTimeOut
                0x08002960       0x64 build/tasks.o
                0x08002960                xTaskCheckForTimeOut
 .text.vTaskMissedYield
                0x080029c4        0xc build/tasks.o
                0x080029c4                vTaskMissedYield
 .text.xTaskGenericNotifyWait
                0x080029d0       0xe8 build/tasks.o
                0x080029d0                xTaskGenericNotifyWait
 .text.xTaskGenericNotify
                0x08002ab8      0x11c build/tasks.o
                0x08002ab8                xTaskGenericNotify
 .text.prvGetNextExpireTime
                0x08002bd4       0x20 build/timers.o
 .text.prvInsertTimerInActiveList
                0x08002bf4       0x48 build/timers.o
 .text.prvReloadTimer
                0x08002c3c       0x28 build/timers.o
 .text.prvProcessExpiredTimer
                0x08002c64       0x40 build/timers.o
 .text.prvSwitchTimerLists
                0x08002ca4       0x30 build/timers.o
 .text.prvSampleTimeNow
                0x08002cd4       0x2c build/timers.o
 .text.prvProcessTimerOrBlockTask
                0x08002d00       0x78 build/timers.o
 .text.prvProcessReceivedCommands
                0x08002d78      0x100 build/timers.o
 .text.prvTimerTask
                0x08002e78       0x16 build/timers.o
 *fill*         0x08002e8e        0x2 
 .text.prvCheckForValidListAndQueue
                0x08002e90       0x50 build/timers.o
 .text.xTimerCreateTimerTask
                0x08002ee0       0x3c build/timers.o
                0x08002ee0                xTimerCreateTimerTask
 .text.prvHeapInit
                0x08002f1c       0x58 build/heap_4.o
 .text.prvInsertBlockIntoFreeList
                0x08002f74       0x5c build/heap_4.o
 .text.pvPortMalloc
                0x08002fd0       0xe0 build/heap_4.o
                0x08002fd0                pvPortMalloc
 .text.vPortFree
                0x080030b0       0x54 build/heap_4.o
                0x080030b0                vPortFree
 .text.prvTaskExitError
                0x08003104       0x20 build/port.o
 .text.prvPortStartFirstTask
                0x08003124       0x28 build/port.o
 .text.vPortEnableVFP
                0x0800314c       0x14 build/port.o
 .text.pxPortInitialiseStack
                0x08003160       0x2c build/port.o
                0x08003160                pxPortInitialiseStack
 .text.SVC_Handler
                0x0800318c       0x20 build/port.o
                0x0800318c                SVC_Handler
 .text.vPortEnterCritical
                0x080031ac       0x20 build/port.o
                0x080031ac                vPortEnterCritical
 .text.vPortExitCritical
                0x080031cc       0x14 build/port.o
                0x080031cc                vPortExitCritical
 .text.PendSV_Handler
                0x080031e0       0x5c build/port.o
                0x080031e0                PendSV_Handler
 .text.SysTick_Handler
                0x0800323c       0x2c build/port.o
                0x0800323c                SysTick_Handler
 .text.vPortSetupTimerInterrupt
                0x08003268       0x28 build/port.o
                0x08003268                vPortSetupTimerInterrupt
 .text.xPortStartScheduler
                0x08003290       0x50 build/port.o
                0x08003290                xPortStartScheduler
 .text.Reset_Handler
                0x080032e0       0x50 build/startup_stm32f446xx.o
                0x080032e0                Reset_Handler
 .text.Default_Handler
                0x08003330        0x2 build/startup_stm32f446xx.o
                0x08003330                RTC_Alarm_IRQHandler
                0x08003330                EXTI2_IRQHandler
                0x08003330                TIM8_CC_IRQHandler
                0x08003330                FMPI2C1_EV_IRQHandler
                0x08003330                SPI4_IRQHandler
                0x08003330                TIM1_CC_IRQHandler
                0x08003330                DMA2_Stream5_IRQHandler
                0x08003330                DMA1_Stream5_IRQHandler
                0x08003330                PVD_IRQHandler
                0x08003330                SDIO_IRQHandler
                0x08003330                TAMP_STAMP_IRQHandler
                0x08003330                CAN2_RX1_IRQHandler
                0x08003330                EXTI3_IRQHandler
                0x08003330                TIM8_TRG_COM_TIM14_IRQHandler
                0x08003330                TIM1_UP_TIM10_IRQHandler
                0x08003330                TIM8_UP_TIM13_IRQHandler
                0x08003330                I2C3_ER_IRQHandler
                0x08003330                EXTI0_IRQHandler
                0x08003330                I2C2_EV_IRQHandler
                0x08003330                DMA1_Stream2_IRQHandler
                0x08003330                CAN1_RX0_IRQHandler
                0x08003330                FPU_IRQHandler
                0x08003330                OTG_HS_WKUP_IRQHandler
                0x08003330                CAN2_SCE_IRQHandler
                0x08003330                DMA2_Stream2_IRQHandler
                0x08003330                SPI1_IRQHandler
                0x08003330                TIM1_BRK_TIM9_IRQHandler
                0x08003330                DCMI_IRQHandler
                0x08003330                CAN2_RX0_IRQHandler
                0x08003330                DMA2_Stream3_IRQHandler
                0x08003330                SAI2_IRQHandler
                0x08003330                USART6_IRQHandler
                0x08003330                USART3_IRQHandler
                0x08003330                CAN1_RX1_IRQHandler
                0x08003330                UART5_IRQHandler
                0x08003330                DMA2_Stream0_IRQHandler
                0x08003330                TIM4_IRQHandler
                0x08003330                QUADSPI_IRQHandler
                0x08003330                I2C1_EV_IRQHandler
                0x08003330                DMA1_Stream6_IRQHandler
                0x08003330                DMA1_Stream1_IRQHandler
                0x08003330                UART4_IRQHandler
                0x08003330                TIM3_IRQHandler
                0x08003330                RCC_IRQHandler
                0x08003330                TIM8_BRK_TIM12_IRQHandler
                0x08003330                Default_Handler
                0x08003330                CEC_IRQHandler
                0x08003330                EXTI15_10_IRQHandler
                0x08003330                ADC_IRQHandler
                0x08003330                DMA1_Stream7_IRQHandler
                0x08003330                TIM7_IRQHandler
                0x08003330                CAN2_TX_IRQHandler
                0x08003330                TIM5_IRQHandler
                0x08003330                DMA2_Stream7_IRQHandler
                0x08003330                I2C3_EV_IRQHandler
                0x08003330                EXTI9_5_IRQHandler
                0x08003330                RTC_WKUP_IRQHandler
                0x08003330                SPDIF_RX_IRQHandler
                0x08003330                SPI2_IRQHandler
                0x08003330                OTG_HS_EP1_IN_IRQHandler
                0x08003330                DMA1_Stream0_IRQHandler
                0x08003330                CAN1_TX_IRQHandler
                0x08003330                FMPI2C1_ER_IRQHandler
                0x08003330                EXTI4_IRQHandler
                0x08003330                OTG_HS_EP1_OUT_IRQHandler
                0x08003330                WWDG_IRQHandler
                0x08003330                TIM2_IRQHandler
                0x08003330                OTG_FS_WKUP_IRQHandler
                0x08003330                TIM1_TRG_COM_TIM11_IRQHandler
                0x08003330                OTG_HS_IRQHandler
                0x08003330                EXTI1_IRQHandler
                0x08003330                I2C2_ER_IRQHandler
                0x08003330                DMA2_Stream1_IRQHandler
                0x08003330                CAN1_SCE_IRQHandler
                0x08003330                FLASH_IRQHandler
                0x08003330                DMA2_Stream4_IRQHandler
                0x08003330                USART1_IRQHandler
                0x08003330                OTG_FS_IRQHandler
                0x08003330                SPI3_IRQHandler
                0x08003330                DMA1_Stream4_IRQHandler
                0x08003330                I2C1_ER_IRQHandler
                0x08003330                FMC_IRQHandler
                0x08003330                DMA2_Stream6_IRQHandler
                0x08003330                SAI1_IRQHandler
                0x08003330                DMA1_Stream3_IRQHandler
 *fill*         0x08003332        0x2 
 .text.sprintf  0x08003334       0x44 C:/arm-gnu-toolchain-15.3.rel1-mingw-w64-i686-arm-none-eabi/bin/../lib/gcc/arm-none-eabi/15.3.1/../../../../arm-none-eabi/lib/thumb/v7e-m+fp/hard\libc_nano.a(libc_a-sprintf.o)
                0x08003334                siprintf
                0x08003334                sprintf
 .text.memset   0x08003378       0x10 C:/arm-gnu-toolchain-15.3.rel1-mingw-w64-i686-arm-none-eabi/bin/../lib/gcc/arm-none-eabi/15.3.1/../../../../arm-none-eabi/lib/thumb/v7e-m+fp/hard\libc_nano.a(libc_a-memset.o)
                0x08003378                memset
 .text.__errno  0x08003388        0xc C:/arm-gnu-toolchain-15.3.rel1-mingw-w64-i686-arm-none-eabi/bin/../lib/gcc/arm-none-eabi/15.3.1/../../../../arm-none-eabi/lib/thumb/v7e-m+fp/hard\libc_nano.a(libc_a-errno.o)
                0x08003388                __errno
 .text.__libc_init_array
                0x08003394       0x48 C:/arm-gnu-toolchain-15.3.rel1-mingw-w64-i686-arm-none-eabi/bin/../lib/gcc/arm-none-eabi/15.3.1/../../../../arm-none-eabi/lib/thumb/v7e-m+fp/hard\libc_nano.a(libc_a-init.o)
                0x08003394                __libc_init_array
 .text.__retarget_lock_acquire_recursive
                0x080033dc        0x2 C:/arm-gnu-toolchain-15.3.rel1-mingw-w64-i686-arm-none-eabi/bin/../lib/gcc/arm-none-eabi/15.3.1/../../../../arm-none-eabi/lib/thumb/v7e-m+fp/hard\libc_nano.a(libc_a-lock.o)
                0x080033dc                __retarget_lock_acquire_recursive
 .text.__retarget_lock_release_recursive
                0x080033de        0x2 C:/arm-gnu-toolchain-15.3.rel1-mingw-w64-i686-arm-none-eabi/bin/../lib/gcc/arm-none-eabi/15.3.1/../../../../arm-none-eabi/lib/thumb/v7e-m+fp/hard\libc_nano.a(libc_a-lock.o)
                0x080033de                __retarget_lock_release_recursive
 .text.memcpy   0x080033e0       0x1c C:/arm-gnu-toolchain-15.3.rel1-mingw-w64-i686-arm-none-eabi/bin/../lib/gcc/arm-none-eabi/15.3.1/../../../../arm-none-eabi/lib/thumb/v7e-m+fp/hard\libc_nano.a(libc_a-memcpy-stub.o)
                0x080033e0                memcpy
 .text._free_r  0x080033fc       0x98 C:/arm-gnu-toolchain-15.3.rel1-mingw-w64-i686-arm-none-eabi/bin/../lib/gcc/arm-none-eabi/15.3.1/../../../../arm-none-eabi/lib/thumb/v7e-m+fp/hard\libc_nano.a(libc_a-freer.o)
                0x080033fc                _free_r
 .text.sbrk_aligned
                0x08003494       0x44 C:/arm-gnu-toolchain-15.3.rel1-mingw-w64-i686-arm-none-eabi/bin/../lib/gcc/arm-none-eabi/15.3.1/../../../../arm-none-eabi/lib/thumb/v7e-m+fp/hard\libc_nano.a(libc_a-mallocr.o)
 .text._malloc_r
                0x080034d8       0xf8 C:/arm-gnu-toolchain-15.3.rel1-mingw-w64-i686-arm-none-eabi/bin/../lib/gcc/arm-none-eabi/15.3.1/../../../../arm-none-eabi/lib/thumb/v7e-m+fp/hard\libc_nano.a(libc_a-mallocr.o)
                0x080034d8                _malloc_r
 .text.__malloc_lock
                0x080035d0        0xc C:/arm-gnu-toolchain-15.3.rel1-mingw-w64-i686-arm-none-eabi/bin/../lib/gcc/arm-none-eabi/15.3.1/../../../../arm-none-eabi/lib/thumb/v7e-m+fp/hard\libc_nano.a(libc_a-mlock.o)
                0x080035d0                __malloc_lock
 .text.__malloc_unlock
                0x080035dc        0xc C:/arm-gnu-toolchain-15.3.rel1-mingw-w64-i686-arm-none-eabi/bin/../lib/gcc/arm-none-eabi/15.3.1/../../../../arm-none-eabi/lib/thumb/v7e-m+fp/hard\libc_nano.a(libc_a-mlock.o)
                0x080035dc                __malloc_unlock
 .text.__ssputs_r
                0x080035e8       0xc0 C:/arm-gnu-toolchain-15.3.rel1-mingw-w64-i686-arm-none-eabi/bin/../lib/gcc/arm-none-eabi/15.3.1/../../../../arm-none-eabi/lib/thumb/v7e-m+fp/hard\libc_nano.a(libc_a-nano-svfprintf.o)
                0x080035e8                __ssputs_r
 .text._svfprintf_r
                0x080036a8      0x1f0 C:/arm-gnu-toolchain-15.3.rel1-mingw-w64-i686-arm-none-eabi/bin/../lib/gcc/arm-none-eabi/15.3.1/../../../../arm-none-eabi/lib/thumb/v7e-m+fp/hard\libc_nano.a(libc_a-nano-svfprintf.o)
                0x080036a8                _svfiprintf_r
                0x080036a8                _svfprintf_r
 .text._printf_common
                0x08003898       0xea C:/arm-gnu-toolchain-15.3.rel1-mingw-w64-i686-arm-none-eabi/bin/../lib/gcc/arm-none-eabi/15.3.1/../../../../arm-none-eabi/lib/thumb/v7e-m+fp/hard\libc_nano.a(libc_a-nano-vfprintf_i.o)
                0x08003898                _printf_common
 *fill*         0x08003982        0x2 
 .text._printf_i
                0x08003984      0x254 C:/arm-gnu-toolchain-15.3.rel1-mingw-w64-i686-arm-none-eabi/bin/../lib/gcc/arm-none-eabi/15.3.1/../../../../arm-none-eabi/lib/thumb/v7e-m+fp/hard\libc_nano.a(libc_a-nano-vfprintf_i.o)
                0x08003984                _printf_i
 .text.memmove  0x08003bd8       0x32 C:/arm-gnu-toolchain-15.3.rel1-mingw-w64-i686-arm-none-eabi/bin/../lib/gcc/arm-none-eabi/15.3.1/../../../../arm-none-eabi/lib/thumb/v7e-m+fp/hard\libc_nano.a(libc_a-memmove.o)
                0x08003bd8                memmove
 *fill*         0x08003c0a        0x2 
 .text._sbrk_r  0x08003c0c       0x20 C:/arm-gnu-toolchain-15.3.rel1-mingw-w64-i686-arm-none-eabi/bin/../lib/gcc/arm-none-eabi/15.3.1/../../../../arm-none-eabi/lib/thumb/v7e-m+fp/hard\libc_nano.a(libc_a-sbrkr.o)
                0x08003c0c                _sbrk_r
 .text._realloc_r
                0x08003c2c       0x5c C:/arm-gnu-toolchain-15.3.rel1-mingw-w64-i686-arm-none-eabi/bin/../lib/gcc/arm-none-eabi/15.3.1/../../../../arm-none-eabi/lib/thumb/v7e-m+fp/hard\libc_nano.a(libc_a-reallocr.o)
                0x08003c2c                _realloc_r
 .text._malloc_usable_size_r
                0x08003c88       0x10 C:/arm-gnu-toolchain-15.3.rel1-mingw-w64-i686-arm-none-eabi/bin/../lib/gcc/arm-none-eabi/15.3.1/../../../../arm-none-eabi/lib/thumb/v7e-m+fp/hard\libc_nano.a(libc_a-msizer.o)
                0x08003c88                _malloc_usable_size_r
 .text.__udivmoddi4
                0x08003c98      0x320 C:/arm-gnu-toolchain-15.3.rel1-mingw-w64-i686-arm-none-eabi/bin/../lib/gcc/arm-none-eabi/15.3.1/thumb/v7e-m+fp/hard\libgcc.a(_udivmoddi4.o)
                0x08003c98                __udivmoddi4
 *(.glue_7)
 .glue_7        0x08003fb8        0x0 linker stubs
 *(.glue_7t)
 .glue_7t       0x08003fb8        0x0 linker stubs
 *(.eh_frame)
 .eh_frame      0x08003fb8        0x0 C:/arm-gnu-toolchain-15.3.rel1-mingw-w64-i686-arm-none-eabi/bin/../lib/gcc/arm-none-eabi/15.3.1/thumb/v7e-m+fp/hard/crtbegin.o
 *(.init)
 .init          0x08003fb8        0x4 C:/arm-gnu-toolchain-15.3.rel1-mingw-w64-i686-arm-none-eabi/bin/../lib/gcc/arm-none-eabi/15.3.1/thumb/v7e-m+fp/hard/crti.o
                0x08003fb8                _init
 .init          0x08003fbc        0x8 C:/arm-gnu-toolchain-15.3.rel1-mingw-w64-i686-arm-none-eabi/bin/../lib/gcc/arm-none-eabi/15.3.1/thumb/v7e-m+fp/hard/crtn.o
 *(.fini)
 .fini          0x08003fc4        0x4 C:/arm-gnu-toolchain-15.3.rel1-mingw-w64-i686-arm-none-eabi/bin/../lib/gcc/arm-none-eabi/15.3.1/thumb/v7e-m+fp/hard/crti.o
                0x08003fc4                _fini
 .fini          0x08003fc8        0x8 C:/arm-gnu-toolchain-15.3.rel1-mingw-w64-i686-arm-none-eabi/bin/../lib/gcc/arm-none-eabi/15.3.1/thumb/v7e-m+fp/hard/crtn.o
                0x08003fd0                        . = ALIGN (0x4)
                0x08003fd0                        _etext = .

.vfp11_veneer   0x08003fd0        0x0
 .vfp11_veneer  0x08003fd0        0x0 linker stubs

.v4_bx          0x08003fd0        0x0
 .v4_bx         0x08003fd0        0x0 linker stubs

.iplt           0x08003fd0        0x0
 .iplt          0x08003fd0        0x0 C:/arm-gnu-toolchain-15.3.rel1-mingw-w64-i686-arm-none-eabi/bin/../lib/gcc/arm-none-eabi/15.3.1/thumb/v7e-m+fp/hard/crtbegin.o

.rodata         0x08003fd0      0x114
                0x08003fd0                        . = ALIGN (0x4)
 *(.rodata)
 *(.rodata*)
 .rodata.vSensorTask.str1.4
                0x08003fd0       0xc4 build/lab6.o
                                 0x37 (size before relaxing)
 .rodata.vLoggerTask.str1.4
                0x08004094        0x0 build/lab6.o
                                 0x39 (size before relaxing)
 .rodata.main.str1.4
                0x08004094        0x0 build/lab6.o
                                 0x3f (size before relaxing)
 .rodata.APBPrescTable
                0x08004094        0x8 build/system_stm32f4xx.o
                0x08004094                APBPrescTable
 .rodata.AHBPrescTable
                0x0800409c       0x10 build/system_stm32f4xx.o
                0x0800409c                AHBPrescTable
 .rodata.prvCreateIdleTasks.str1.4
                0x080040ac        0x0 build/tasks.o
                                  0x5 (size before relaxing)
 .rodata.uxTopUsedPriority
                0x080040ac        0x4 build/tasks.o
 .rodata.xTimerCreateTimerTask.str1.4
                0x080040b0        0x0 build/timers.o
                                  0x8 (size before relaxing)
 .rodata._svfprintf_r.str1.1
                0x080040b0       0x33 C:/arm-gnu-toolchain-15.3.rel1-mingw-w64-i686-arm-none-eabi/bin/../lib/gcc/arm-none-eabi/15.3.1/../../../../arm-none-eabi/lib/thumb/v7e-m+fp/hard\libc_nano.a(libc_a-nano-svfprintf.o)
                                 0x11 (size before relaxing)
 .rodata._printf_i.str1.1
                0x080040e3        0x0 C:/arm-gnu-toolchain-15.3.rel1-mingw-w64-i686-arm-none-eabi/bin/../lib/gcc/arm-none-eabi/15.3.1/../../../../arm-none-eabi/lib/thumb/v7e-m+fp/hard\libc_nano.a(libc_a-nano-vfprintf_i.o)
                                 0x22 (size before relaxing)
                0x080040e4                        . = ALIGN (0x4)
 *fill*         0x080040e3        0x1 

.ARM.extab      0x080040e4        0x0
                0x080040e4                        . = ALIGN (0x4)
 *(.ARM.extab* .gnu.linkonce.armextab.*)
                0x080040e4                        . = ALIGN (0x4)

.ARM            0x080040e4        0x8
                0x080040e4                        . = ALIGN (0x4)
                0x080040e4                        __exidx_start = .
 *(.ARM.exidx*)
 .ARM.exidx     0x080040e4        0x8 C:/arm-gnu-toolchain-15.3.rel1-mingw-w64-i686-arm-none-eabi/bin/../lib/gcc/arm-none-eabi/15.3.1/../../../../arm-none-eabi/lib/thumb/v7e-m+fp/hard\libc_nano.a(libc_a-strlen.o)
 .ARM.exidx     0x080040ec        0x0 C:/arm-gnu-toolchain-15.3.rel1-mingw-w64-i686-arm-none-eabi/bin/../lib/gcc/arm-none-eabi/15.3.1/../../../../arm-none-eabi/lib/thumb/v7e-m+fp/hard\libc_nano.a(libc_a-memchr.o)
                                  0x8 (size before relaxing)
 .ARM.exidx.text.__udivmoddi4
                0x080040ec        0x0 C:/arm-gnu-toolchain-15.3.rel1-mingw-w64-i686-arm-none-eabi/bin/../lib/gcc/arm-none-eabi/15.3.1/thumb/v7e-m+fp/hard\libgcc.a(_udivmoddi4.o)
                                  0x8 (size before relaxing)
                0x080040ec                        __exidx_end = .
                0x080040ec                        . = ALIGN (0x4)

.preinit_array  0x080040ec        0x0
                0x080040ec                        . = ALIGN (0x4)
                0x080040ec                        PROVIDE (__preinit_array_start = .)
 *(.preinit_array*)
                0x080040ec                        PROVIDE (__preinit_array_end = .)
                0x080040ec                        . = ALIGN (0x4)

.init_array     0x080040ec        0x4
                0x080040ec                        . = ALIGN (0x4)
                0x080040ec                        PROVIDE (__init_array_start = .)
 *(SORT_BY_NAME(.init_array.*))
 *(.init_array*)
 .init_array    0x080040ec        0x4 C:/arm-gnu-toolchain-15.3.rel1-mingw-w64-i686-arm-none-eabi/bin/../lib/gcc/arm-none-eabi/15.3.1/thumb/v7e-m+fp/hard/crtbegin.o
                0x080040f0                        PROVIDE (__init_array_end = .)
                0x080040f0                        . = ALIGN (0x4)

.fini_array     0x080040f0        0x4
                0x080040f0                        . = ALIGN (0x4)
                [!provide]                        PROVIDE (__fini_array_start = .)
 *(SORT_BY_NAME(.fini_array.*))
 *(.fini_array*)
 .fini_array    0x080040f0        0x4 C:/arm-gnu-toolchain-15.3.rel1-mingw-w64-i686-arm-none-eabi/bin/../lib/gcc/arm-none-eabi/15.3.1/thumb/v7e-m+fp/hard/crtbegin.o
                [!provide]                        PROVIDE (__fini_array_end = .)
                0x080040f4                        . = ALIGN (0x4)
                0x080040f4                        _sidata = LOADADDR (.data)

.rel.dyn        0x080040f4        0x0
 .rel.iplt      0x080040f4        0x0 C:/arm-gnu-toolchain-15.3.rel1-mingw-w64-i686-arm-none-eabi/bin/../lib/gcc/arm-none-eabi/15.3.1/thumb/v7e-m+fp/hard/crtbegin.o

.data           0x20000000       0x5c load address 0x080040f4
                0x20000000                        . = ALIGN (0x4)
                0x20000000                        _sdata = .
 *(.data)
 *(.data*)
 .data.uwTickPrio
                0x20000000        0x4 build/stm32f4xx_hal.o
                0x20000000                uwTickPrio
 .data.SystemCoreClock
                0x20000004        0x4 build/system_stm32f4xx.o
                0x20000004                SystemCoreClock
 .data.uxCriticalNesting
                0x20000008        0x4 build/port.o
 .data._impure_ptr
                0x2000000c        0x4 C:/arm-gnu-toolchain-15.3.rel1-mingw-w64-i686-arm-none-eabi/bin/../lib/gcc/arm-none-eabi/15.3.1/../../../../arm-none-eabi/lib/thumb/v7e-m+fp/hard\libc_nano.a(libc_a-impure.o)
                0x2000000c                _impure_ptr
 .data._impure_data
                0x20000010       0x4c C:/arm-gnu-toolchain-15.3.rel1-mingw-w64-i686-arm-none-eabi/bin/../lib/gcc/arm-none-eabi/15.3.1/../../../../arm-none-eabi/lib/thumb/v7e-m+fp/hard\libc_nano.a(libc_a-impure.o)
                0x20000010                _impure_data
 *(.RamFunc)
 *(.RamFunc*)
                0x2000005c                        . = ALIGN (0x4)
                0x2000005c                        _edata = .

.tm_clone_table
                0x2000005c        0x0 load address 0x08004150
 .tm_clone_table
                0x2000005c        0x0 C:/arm-gnu-toolchain-15.3.rel1-mingw-w64-i686-arm-none-eabi/bin/../lib/gcc/arm-none-eabi/15.3.1/thumb/v7e-m+fp/hard/crtbegin.o
 .tm_clone_table
                0x2000005c        0x0 C:/arm-gnu-toolchain-15.3.rel1-mingw-w64-i686-arm-none-eabi/bin/../lib/gcc/arm-none-eabi/15.3.1/thumb/v7e-m+fp/hard/crtend.o

.igot.plt       0x2000005c        0x0 load address 0x08004150
 .igot.plt      0x2000005c        0x0 C:/arm-gnu-toolchain-15.3.rel1-mingw-w64-i686-arm-none-eabi/bin/../lib/gcc/arm-none-eabi/15.3.1/thumb/v7e-m+fp/hard/crtbegin.o
                0x2000005c                        . = ALIGN (0x4)

.bss            0x2000005c     0x3f84 load address 0x08004150
                0x2000005c                        _sbss = .
                0x2000005c                        __bss_start__ = _sbss
 *(.bss)
 *(.bss*)
 .bss.completed.1
                0x2000005c        0x1 C:/arm-gnu-toolchain-15.3.rel1-mingw-w64-i686-arm-none-eabi/bin/../lib/gcc/arm-none-eabi/15.3.1/thumb/v7e-m+fp/hard/crtbegin.o
 *fill*         0x2000005d        0x3 
 .bss.object.0  0x20000060       0x18 C:/arm-gnu-toolchain-15.3.rel1-mingw-w64-i686-arm-none-eabi/bin/../lib/gcc/arm-none-eabi/15.3.1/thumb/v7e-m+fp/hard/crtbegin.o
 .bss.xLoggerTaskHandle
                0x20000078        0x4 build/lab6.o
                0x20000078                xLoggerTaskHandle
 .bss.huart2    0x2000007c       0x48 build/usart.o
                0x2000007c                huart2
 .bss.htim6     0x200000c4       0x48 build/stm32f4xx_hal_timebase_tim.o
                0x200000c4                htim6
 .bss.uwTick    0x2000010c        0x4 build/stm32f4xx_hal.o
                0x2000010c                uwTick
 .bss.__sbrk_heap_end
                0x20000110        0x4 build/sysmem.o
 .bss.uxSchedulerSuspended
                0x20000114        0x4 build/tasks.o
 .bss.xIdleTaskHandles
                0x20000118        0x4 build/tasks.o
 .bss.xNextTaskUnblockTime
                0x2000011c        0x4 build/tasks.o
 .bss.uxTaskNumber
                0x20000120        0x4 build/tasks.o
 .bss.xNumOfOverflows
                0x20000124        0x4 build/tasks.o
 .bss.xYieldPendings
                0x20000128        0x4 build/tasks.o
 .bss.xPendedTicks
                0x2000012c        0x4 build/tasks.o
 .bss.xSchedulerRunning
                0x20000130        0x4 build/tasks.o
 .bss.uxTopReadyPriority
                0x20000134        0x4 build/tasks.o
 .bss.xTickCount
                0x20000138        0x4 build/tasks.o
 .bss.uxCurrentNumberOfTasks
                0x2000013c        0x4 build/tasks.o
 .bss.xSuspendedTaskList
                0x20000140       0x14 build/tasks.o
 .bss.uxDeletedTasksWaitingCleanUp
                0x20000154        0x4 build/tasks.o
 .bss.xTasksWaitingTermination
                0x20000158       0x14 build/tasks.o
 .bss.xPendingReadyList
                0x2000016c       0x14 build/tasks.o
 .bss.pxOverflowDelayedTaskList
                0x20000180        0x4 build/tasks.o
 .bss.pxDelayedTaskList
                0x20000184        0x4 build/tasks.o
 .bss.xDelayedTaskList2
                0x20000188       0x14 build/tasks.o
 .bss.xDelayedTaskList1
                0x2000019c       0x14 build/tasks.o
 .bss.pxReadyTasksLists
                0x200001b0       0x8c build/tasks.o
 .bss.pxCurrentTCB
                0x2000023c        0x4 build/tasks.o
                0x2000023c                pxCurrentTCB
 .bss.xLastTime.0
                0x20000240        0x4 build/timers.o
 .bss.xTimerTaskHandle
                0x20000244        0x4 build/timers.o
 .bss.xTimerQueue
                0x20000248        0x4 build/timers.o
 .bss.pxOverflowTimerList
                0x2000024c        0x4 build/timers.o
 .bss.pxCurrentTimerList
                0x20000250        0x4 build/timers.o
 .bss.xActiveTimerList2
                0x20000254       0x14 build/timers.o
 .bss.xActiveTimerList1
                0x20000268       0x14 build/timers.o
 .bss.xNumberOfSuccessfulFrees
                0x2000027c        0x4 build/heap_4.o
 .bss.xNumberOfSuccessfulAllocations
                0x20000280        0x4 build/heap_4.o
 .bss.xMinimumEverFreeBytesRemaining
                0x20000284        0x4 build/heap_4.o
 .bss.xFreeBytesRemaining
                0x20000288        0x4 build/heap_4.o
 .bss.pxEnd     0x2000028c        0x4 build/heap_4.o
 .bss.xStart    0x20000290        0x8 build/heap_4.o
 .bss.ucHeap    0x20000298     0x3c00 build/heap_4.o
 .bss.__sf      0x20003e98      0x138 C:/arm-gnu-toolchain-15.3.rel1-mingw-w64-i686-arm-none-eabi/bin/../lib/gcc/arm-none-eabi/15.3.1/../../../../arm-none-eabi/lib/thumb/v7e-m+fp/hard\libc_nano.a(libc_a-findfp.o)
                0x20003e98                __sf
 .bss.errno     0x20003fd0        0x4 C:/arm-gnu-toolchain-15.3.rel1-mingw-w64-i686-arm-none-eabi/bin/../lib/gcc/arm-none-eabi/15.3.1/../../../../arm-none-eabi/lib/thumb/v7e-m+fp/hard\libc_nano.a(libc_a-reent.o)
                0x20003fd0                errno
 .bss.__lock___malloc_recursive_mutex
                0x20003fd4        0x1 C:/arm-gnu-toolchain-15.3.rel1-mingw-w64-i686-arm-none-eabi/bin/../lib/gcc/arm-none-eabi/15.3.1/../../../../arm-none-eabi/lib/thumb/v7e-m+fp/hard\libc_nano.a(libc_a-lock.o)
                0x20003fd4                __lock___malloc_recursive_mutex
 *fill*         0x20003fd5        0x3 
 .bss.__malloc_sbrk_start
                0x20003fd8        0x4 C:/arm-gnu-toolchain-15.3.rel1-mingw-w64-i686-arm-none-eabi/bin/../lib/gcc/arm-none-eabi/15.3.1/../../../../arm-none-eabi/lib/thumb/v7e-m+fp/hard\libc_nano.a(libc_a-mallocr.o)
                0x20003fd8                __malloc_sbrk_start
 .bss.__malloc_free_list
                0x20003fdc        0x4 C:/arm-gnu-toolchain-15.3.rel1-mingw-w64-i686-arm-none-eabi/bin/../lib/gcc/arm-none-eabi/15.3.1/../../../../arm-none-eabi/lib/thumb/v7e-m+fp/hard\libc_nano.a(libc_a-mallocr.o)
                0x20003fdc                __malloc_free_list
 *(COMMON)
                0x20003fe0                        . = ALIGN (0x4)
                0x20003fe0                        _ebss = .
                0x20003fe0                        __bss_end__ = _ebss

._user_heap_stack
                0x20003fe0      0x600 load address 0x08004150
                0x20003fe0                        . = ALIGN (0x8)
                [!provide]                        PROVIDE (end = .)
                0x20003fe0                        PROVIDE (_end = .)
                0x200041e0                        . = (. + _Min_Heap_Size)
 *fill*         0x20003fe0      0x200 
                0x200045e0                        . = (. + _Min_Stack_Size)
 *fill*         0x200041e0      0x400 
                0x200045e0                        . = ALIGN (0x8)

/DISCARD/
 libc.a(*)
 libm.a(*)
 libgcc.a(*)
OUTPUT(build/STM32_1.elf elf32-littlearm)
LOAD linker stubs
LOAD C:/arm-gnu-toolchain-15.3.rel1-mingw-w64-i686-arm-none-eabi/bin/../lib/gcc/arm-none-eabi/15.3.1/../../../../arm-none-eabi/lib/thumb/v7e-m+fp/hard\libc.a
LOAD C:/arm-gnu-toolchain-15.3.rel1-mingw-w64-i686-arm-none-eabi/bin/../lib/gcc/arm-none-eabi/15.3.1/../../../../arm-none-eabi/lib/thumb/v7e-m+fp/hard\libm.a
LOAD C:/arm-gnu-toolchain-15.3.rel1-mingw-w64-i686-arm-none-eabi/bin/../lib/gcc/arm-none-eabi/15.3.1/thumb/v7e-m+fp/hard\libgcc.a

.ARM.attributes
                0x00000000       0x30
 .ARM.attributes
                0x00000000       0x22 C:/arm-gnu-toolchain-15.3.rel1-mingw-w64-i686-arm-none-eabi/bin/../lib/gcc/arm-none-eabi/15.3.1/thumb/v7e-m+fp/hard/crti.o
 .ARM.attributes
                0x00000022       0x34 C:/arm-gnu-toolchain-15.3.rel1-mingw-w64-i686-arm-none-eabi/bin/../lib/gcc/arm-none-eabi/15.3.1/thumb/v7e-m+fp/hard/crtbegin.o
 .ARM.attributes
                0x00000056       0x34 build/lab6.o
 .ARM.attributes
                0x0000008a       0x34 build/gpio.o
 .ARM.attributes
                0x000000be       0x34 build/usart.o
 .ARM.attributes
                0x000000f2       0x34 build/stm32f4xx_it.o
 .ARM.attributes
                0x00000126       0x34 build/stm32f4xx_hal_msp.o
 .ARM.attributes
                0x0000015a       0x34 build/stm32f4xx_hal_timebase_tim.o
 .ARM.attributes
                0x0000018e       0x34 build/stm32f4xx_hal_tim.o
 .ARM.attributes
                0x000001c2       0x34 build/stm32f4xx_hal_tim_ex.o
 .ARM.attributes
                0x000001f6       0x34 build/stm32f4xx_hal_uart.o
 .ARM.attributes
                0x0000022a       0x34 build/stm32f4xx_hal_rcc.o
 .ARM.attributes
                0x0000025e       0x34 build/stm32f4xx_hal_rcc_ex.o
 .ARM.attributes
                0x00000292       0x34 build/stm32f4xx_hal_gpio.o
 .ARM.attributes
                0x000002c6       0x34 build/stm32f4xx_hal_dma.o
 .ARM.attributes
                0x000002fa       0x34 build/stm32f4xx_hal_cortex.o
 .ARM.attributes
                0x0000032e       0x34 build/stm32f4xx_hal.o
 .ARM.attributes
                0x00000362       0x34 build/system_stm32f4xx.o
 .ARM.attributes
                0x00000396       0x34 build/sysmem.o
 .ARM.attributes
                0x000003ca       0x34 build/list.o
 .ARM.attributes
                0x000003fe       0x34 build/queue.o
 .ARM.attributes
                0x00000432       0x34 build/tasks.o
 .ARM.attributes
                0x00000466       0x34 build/timers.o
 .ARM.attributes
                0x0000049a       0x34 build/heap_4.o
 .ARM.attributes
                0x000004ce       0x34 build/port.o
 .ARM.attributes
                0x00000502       0x21 build/startup_stm32f446xx.o
 .ARM.attributes
                0x00000523       0x34 C:/arm-gnu-toolchain-15.3.rel1-mingw-w64-i686-arm-none-eabi/bin/../lib/gcc/arm-none-eabi/15.3.1/../../../../arm-none-eabi/lib/thumb/v7e-m+fp/hard\libc_nano.a(libc_a-findfp.o)
 .ARM.attributes
                0x00000557       0x34 C:/arm-gnu-toolchain-15.3.rel1-mingw-w64-i686-arm-none-eabi/bin/../lib/gcc/arm-none-eabi/15.3.1/../../../../arm-none-eabi/lib/thumb/v7e-m+fp/hard\libc_nano.a(libc_a-sprintf.o)
 .ARM.attributes
                0x0000058b       0x34 C:/arm-gnu-toolchain-15.3.rel1-mingw-w64-i686-arm-none-eabi/bin/../lib/gcc/arm-none-eabi/15.3.1/../../../../arm-none-eabi/lib/thumb/v7e-m+fp/hard\libc_nano.a(libc_a-memset.o)
 .ARM.attributes
                0x000005bf       0x34 C:/arm-gnu-toolchain-15.3.rel1-mingw-w64-i686-arm-none-eabi/bin/../lib/gcc/arm-none-eabi/15.3.1/../../../../arm-none-eabi/lib/thumb/v7e-m+fp/hard\libc_nano.a(libc_a-reent.o)
 .ARM.attributes
                0x000005f3       0x34 C:/arm-gnu-toolchain-15.3.rel1-mingw-w64-i686-arm-none-eabi/bin/../lib/gcc/arm-none-eabi/15.3.1/../../../../arm-none-eabi/lib/thumb/v7e-m+fp/hard\libc_nano.a(libc_a-impure.o)
 .ARM.attributes
                0x00000627       0x34 C:/arm-gnu-toolchain-15.3.rel1-mingw-w64-i686-arm-none-eabi/bin/../lib/gcc/arm-none-eabi/15.3.1/../../../../arm-none-eabi/lib/thumb/v7e-m+fp/hard\libc_nano.a(libc_a-errno.o)
 .ARM.attributes
                0x0000065b       0x34 C:/arm-gnu-toolchain-15.3.rel1-mingw-w64-i686-arm-none-eabi/bin/../lib/gcc/arm-none-eabi/15.3.1/../../../../arm-none-eabi/lib/thumb/v7e-m+fp/hard\libc_nano.a(libc_a-init.o)
 .ARM.attributes
                0x0000068f       0x34 C:/arm-gnu-toolchain-15.3.rel1-mingw-w64-i686-arm-none-eabi/bin/../lib/gcc/arm-none-eabi/15.3.1/../../../../arm-none-eabi/lib/thumb/v7e-m+fp/hard\libc_nano.a(libc_a-lock.o)
 .ARM.attributes
                0x000006c3       0x34 C:/arm-gnu-toolchain-15.3.rel1-mingw-w64-i686-arm-none-eabi/bin/../lib/gcc/arm-none-eabi/15.3.1/../../../../arm-none-eabi/lib/thumb/v7e-m+fp/hard\libc_nano.a(libc_a-memcpy-stub.o)
 .ARM.attributes
                0x000006f7       0x17 C:/arm-gnu-toolchain-15.3.rel1-mingw-w64-i686-arm-none-eabi/bin/../lib/gcc/arm-none-eabi/15.3.1/../../../../arm-none-eabi/lib/thumb/v7e-m+fp/hard\libc_nano.a(libc_a-strlen.o)
 .ARM.attributes
                0x0000070e       0x34 C:/arm-gnu-toolchain-15.3.rel1-mingw-w64-i686-arm-none-eabi/bin/../lib/gcc/arm-none-eabi/15.3.1/../../../../arm-none-eabi/lib/thumb/v7e-m+fp/hard\libc_nano.a(libc_a-freer.o)
 .ARM.attributes
                0x00000742       0x34 C:/arm-gnu-toolchain-15.3.rel1-mingw-w64-i686-arm-none-eabi/bin/../lib/gcc/arm-none-eabi/15.3.1/../../../../arm-none-eabi/lib/thumb/v7e-m+fp/hard\libc_nano.a(libc_a-mallocr.o)
 .ARM.attributes
                0x00000776       0x34 C:/arm-gnu-toolchain-15.3.rel1-mingw-w64-i686-arm-none-eabi/bin/../lib/gcc/arm-none-eabi/15.3.1/../../../../arm-none-eabi/lib/thumb/v7e-m+fp/hard\libc_nano.a(libc_a-mlock.o)
 .ARM.attributes
                0x000007aa       0x34 C:/arm-gnu-toolchain-15.3.rel1-mingw-w64-i686-arm-none-eabi/bin/../lib/gcc/arm-none-eabi/15.3.1/../../../../arm-none-eabi/lib/thumb/v7e-m+fp/hard\libc_nano.a(libc_a-nano-svfprintf.o)
 .ARM.attributes
                0x000007de       0x34 C:/arm-gnu-toolchain-15.3.rel1-mingw-w64-i686-arm-none-eabi/bin/../lib/gcc/arm-none-eabi/15.3.1/../../../../arm-none-eabi/lib/thumb/v7e-m+fp/hard\libc_nano.a(libc_a-nano-vfprintf_i.o)
 .ARM.attributes
                0x00000812       0x34 C:/arm-gnu-toolchain-15.3.rel1-mingw-w64-i686-arm-none-eabi/bin/../lib/gcc/arm-none-eabi/15.3.1/../../../../arm-none-eabi/lib/thumb/v7e-m+fp/hard\libc_nano.a(libc_a-memmove.o)
 .ARM.attributes
                0x00000846       0x34 C:/arm-gnu-toolchain-15.3.rel1-mingw-w64-i686-arm-none-eabi/bin/../lib/gcc/arm-none-eabi/15.3.1/../../../../arm-none-eabi/lib/thumb/v7e-m+fp/hard\libc_nano.a(libc_a-sbrkr.o)
 .ARM.attributes
                0x0000087a       0x1c C:/arm-gnu-toolchain-15.3.rel1-mingw-w64-i686-arm-none-eabi/bin/../lib/gcc/arm-none-eabi/15.3.1/../../../../arm-none-eabi/lib/thumb/v7e-m+fp/hard\libc_nano.a(libc_a-memchr.o)
 .ARM.attributes
                0x00000896       0x34 C:/arm-gnu-toolchain-15.3.rel1-mingw-w64-i686-arm-none-eabi/bin/../lib/gcc/arm-none-eabi/15.3.1/../../../../arm-none-eabi/lib/thumb/v7e-m+fp/hard\libc_nano.a(libc_a-reallocr.o)
 .ARM.attributes
                0x000008ca       0x34 C:/arm-gnu-toolchain-15.3.rel1-mingw-w64-i686-arm-none-eabi/bin/../lib/gcc/arm-none-eabi/15.3.1/../../../../arm-none-eabi/lib/thumb/v7e-m+fp/hard\libc_nano.a(libc_a-msizer.o)
 .ARM.attributes
                0x000008fe       0x22 C:/arm-gnu-toolchain-15.3.rel1-mingw-w64-i686-arm-none-eabi/bin/../lib/gcc/arm-none-eabi/15.3.1/thumb/v7e-m+fp/hard\libgcc.a(_aeabi_uldivmod.o)
 .ARM.attributes
                0x00000920       0x34 C:/arm-gnu-toolchain-15.3.rel1-mingw-w64-i686-arm-none-eabi/bin/../lib/gcc/arm-none-eabi/15.3.1/thumb/v7e-m+fp/hard\libgcc.a(_udivmoddi4.o)
 .ARM.attributes
                0x00000954       0x22 C:/arm-gnu-toolchain-15.3.rel1-mingw-w64-i686-arm-none-eabi/bin/../lib/gcc/arm-none-eabi/15.3.1/thumb/v7e-m+fp/hard\libgcc.a(_dvmd_tls.o)
 .ARM.attributes
                0x00000976       0x34 C:/arm-gnu-toolchain-15.3.rel1-mingw-w64-i686-arm-none-eabi/bin/../lib/gcc/arm-none-eabi/15.3.1/thumb/v7e-m+fp/hard/crtend.o
 .ARM.attributes
                0x000009aa       0x22 C:/arm-gnu-toolchain-15.3.rel1-mingw-w64-i686-arm-none-eabi/bin/../lib/gcc/arm-none-eabi/15.3.1/thumb/v7e-m+fp/hard/crtn.o

.comment        0x00000000       0x46
 .comment       0x00000000       0x46 build/lab6.o
                                 0x47 (size before relaxing)
 .comment       0x00000046        0x0 build/gpio.o
                                 0x47 (size before relaxing)
 .comment       0x00000046        0x0 build/usart.o
                                 0x47 (size before relaxing)
 .comment       0x00000046        0x0 build/stm32f4xx_it.o
                                 0x47 (size before relaxing)
 .comment       0x00000046        0x0 build/stm32f4xx_hal_msp.o
                                 0x47 (size before relaxing)
 .comment       0x00000046        0x0 build/stm32f4xx_hal_timebase_tim.o
                                 0x47 (size before relaxing)
 .comment       0x00000046        0x0 build/stm32f4xx_hal_tim.o
                                 0x47 (size before relaxing)
 .comment       0x00000046        0x0 build/stm32f4xx_hal_tim_ex.o
                                 0x47 (size before relaxing)
 .comment       0x00000046        0x0 build/stm32f4xx_hal_uart.o
                                 0x47 (size before relaxing)
 .comment       0x00000046        0x0 build/stm32f4xx_hal_rcc.o
                                 0x47 (size before relaxing)
 .comment       0x00000046        0x0 build/stm32f4xx_hal_rcc_ex.o
                                 0x47 (size before relaxing)
 .comment       0x00000046        0x0 build/stm32f4xx_hal_gpio.o
                                 0x47 (size before relaxing)
 .comment       0x00000046        0x0 build/stm32f4xx_hal_dma.o
                                 0x47 (size before relaxing)
 .comment       0x00000046        0x0 build/stm32f4xx_hal_cortex.o
                                 0x47 (size before relaxing)
 .comment       0x00000046        0x0 build/stm32f4xx_hal.o
                                 0x47 (size before relaxing)
 .comment       0x00000046        0x0 build/system_stm32f4xx.o
                                 0x47 (size before relaxing)
 .comment       0x00000046        0x0 build/sysmem.o
                                 0x47 (size before relaxing)
 .comment       0x00000046        0x0 build/list.o
                                 0x47 (size before relaxing)
 .comment       0x00000046        0x0 build/queue.o
                                 0x47 (size before relaxing)
 .comment       0x00000046        0x0 build/tasks.o
                                 0x47 (size before relaxing)
 .comment       0x00000046        0x0 build/timers.o
                                 0x47 (size before relaxing)
 .comment       0x00000046        0x0 build/heap_4.o
                                 0x47 (size before relaxing)
 .comment       0x00000046        0x0 build/port.o
                                 0x47 (size before relaxing)

.debug_info     0x00000000    0x1a243
 .debug_info    0x00000000     0x1093 build/lab6.o
 .debug_info    0x00001093      0x76f build/gpio.o
 .debug_info    0x00001802      0xe37 build/usart.o
 .debug_info    0x00002639      0xacd build/stm32f4xx_it.o
 .debug_info    0x00003106      0x32f build/stm32f4xx_hal_msp.o
 .debug_info    0x00003435      0xe46 build/stm32f4xx_hal_timebase_tim.o
 .debug_info    0x0000427b     0x4233 build/stm32f4xx_hal_tim.o
 .debug_info    0x000084ae     0x1dbe build/stm32f4xx_hal_tim_ex.o
 .debug_info    0x0000a26c     0x3ff7 build/stm32f4xx_hal_uart.o
 .debug_info    0x0000e263      0xc73 build/stm32f4xx_hal_rcc.o
 .debug_info    0x0000eed6      0xddc build/stm32f4xx_hal_rcc_ex.o
 .debug_info    0x0000fcb2      0x8b2 build/stm32f4xx_hal_gpio.o
 .debug_info    0x00010564      0xbcd build/stm32f4xx_hal_dma.o
 .debug_info    0x00011131     0x11fe build/stm32f4xx_hal_cortex.o
 .debug_info    0x0001232f      0xb57 build/stm32f4xx_hal.o
 .debug_info    0x00012e86      0x5f7 build/system_stm32f4xx.o
 .debug_info    0x0001347d      0x18c build/sysmem.o
 .debug_info    0x00013609      0x316 build/list.o
 .debug_info    0x0001391f     0x1e53 build/queue.o
 .debug_info    0x00015772     0x2cd5 build/tasks.o
 .debug_info    0x00018447     0x137e build/timers.o
 .debug_info    0x000197c5      0x662 build/heap_4.o
 .debug_info    0x00019e27      0x3ec build/port.o
 .debug_info    0x0001a213       0x30 build/startup_stm32f446xx.o

.debug_abbrev   0x00000000     0x36a3
 .debug_abbrev  0x00000000      0x2f2 build/lab6.o
 .debug_abbrev  0x000002f2      0x17e build/gpio.o
 .debug_abbrev  0x00000470      0x22d build/usart.o
 .debug_abbrev  0x0000069d      0x184 build/stm32f4xx_it.o
 .debug_abbrev  0x00000821       0xd3 build/stm32f4xx_hal_msp.o
 .debug_abbrev  0x000008f4      0x22d build/stm32f4xx_hal_timebase_tim.o
 .debug_abbrev  0x00000b21      0x2bd build/stm32f4xx_hal_tim.o
 .debug_abbrev  0x00000dde      0x2b7 build/stm32f4xx_hal_tim_ex.o
 .debug_abbrev  0x00001095      0x36a build/stm32f4xx_hal_uart.o
 .debug_abbrev  0x000013ff      0x2de build/stm32f4xx_hal_rcc.o
 .debug_abbrev  0x000016dd      0x266 build/stm32f4xx_hal_rcc_ex.o
 .debug_abbrev  0x00001943      0x23f build/stm32f4xx_hal_gpio.o
 .debug_abbrev  0x00001b82      0x2e2 build/stm32f4xx_hal_dma.o
 .debug_abbrev  0x00001e64      0x3ca build/stm32f4xx_hal_cortex.o
 .debug_abbrev  0x0000222e      0x244 build/stm32f4xx_hal.o
 .debug_abbrev  0x00002472      0x11b build/system_stm32f4xx.o
 .debug_abbrev  0x0000258d       0xeb build/sysmem.o
 .debug_abbrev  0x00002678      0x11d build/list.o
 .debug_abbrev  0x00002795      0x336 build/queue.o
 .debug_abbrev  0x00002acb      0x405 build/tasks.o
 .debug_abbrev  0x00002ed0      0x2f9 build/timers.o
 .debug_abbrev  0x000031c9      0x262 build/heap_4.o
 .debug_abbrev  0x0000342b      0x25b build/port.o
 .debug_abbrev  0x00003686       0x1d build/startup_stm32f446xx.o

.debug_loc      0x00000000    0x1742f
 .debug_loc     0x00000000      0x190 build/lab6.o
 .debug_loc     0x00000190       0x38 build/gpio.o
 .debug_loc     0x000001c8      0x120 build/usart.o
 .debug_loc     0x000002e8       0x40 build/stm32f4xx_it.o
 .debug_loc     0x00000328       0x2c build/stm32f4xx_hal_msp.o
 .debug_loc     0x00000354      0x150 build/stm32f4xx_hal_timebase_tim.o
 .debug_loc     0x000004a4     0x61b6 build/stm32f4xx_hal_tim.o
 .debug_loc     0x0000665a     0x2374 build/stm32f4xx_hal_tim_ex.o
 .debug_loc     0x000089ce     0x4715 build/stm32f4xx_hal_uart.o
 .debug_loc     0x0000d0e3      0x6de build/stm32f4xx_hal_rcc.o
 .debug_loc     0x0000d7c1     0x1269 build/stm32f4xx_hal_rcc_ex.o
 .debug_loc     0x0000ea2a      0x5d5 build/stm32f4xx_hal_gpio.o
 .debug_loc     0x0000efff      0xeb7 build/stm32f4xx_hal_dma.o
 .debug_loc     0x0000feb6      0x896 build/stm32f4xx_hal_cortex.o
 .debug_loc     0x0001074c      0x1f9 build/stm32f4xx_hal.o
 .debug_loc     0x00010945       0xb0 build/system_stm32f4xx.o
 .debug_loc     0x000109f5       0x90 build/sysmem.o
 .debug_loc     0x00010a85      0x122 build/list.o
 .debug_loc     0x00010ba7     0x1de5 build/queue.o
 .debug_loc     0x0001298c     0x30f5 build/tasks.o
 .debug_loc     0x00015a81     0x12d8 build/timers.o
 .debug_loc     0x00016d59      0x596 build/heap_4.o
 .debug_loc     0x000172ef      0x140 build/port.o

.debug_aranges  0x00000000     0x11d8
 .debug_aranges
                0x00000000       0x48 build/lab6.o
 .debug_aranges
                0x00000048       0x20 build/gpio.o
 .debug_aranges
                0x00000068       0x30 build/usart.o
 .debug_aranges
                0x00000098       0x58 build/stm32f4xx_it.o
 .debug_aranges
                0x000000f0       0x20 build/stm32f4xx_hal_msp.o
 .debug_aranges
                0x00000110       0x30 build/stm32f4xx_hal_timebase_tim.o
 .debug_aranges
                0x00000140      0x3d0 build/stm32f4xx_hal_tim.o
 .debug_aranges
                0x00000510      0x168 build/stm32f4xx_hal_tim_ex.o
 .debug_aranges
                0x00000678      0x208 build/stm32f4xx_hal_uart.o
 .debug_aranges
                0x00000880       0x88 build/stm32f4xx_hal_rcc.o
 .debug_aranges
                0x00000908       0x78 build/stm32f4xx_hal_rcc_ex.o
 .debug_aranges
                0x00000980       0x58 build/stm32f4xx_hal_gpio.o
 .debug_aranges
                0x000009d8       0x90 build/stm32f4xx_hal_dma.o
 .debug_aranges
                0x00000a68       0xf8 build/stm32f4xx_hal_cortex.o
 .debug_aranges
                0x00000b60       0xf0 build/stm32f4xx_hal.o
 .debug_aranges
                0x00000c50       0x28 build/system_stm32f4xx.o
 .debug_aranges
                0x00000c78       0x20 build/sysmem.o
 .debug_aranges
                0x00000c98       0x40 build/list.o
 .debug_aranges
                0x00000cd8      0x110 build/queue.o
 .debug_aranges
                0x00000de8      0x1f8 build/tasks.o
 .debug_aranges
                0x00000fe0       0xe8 build/timers.o
 .debug_aranges
                0x000010c8       0x70 build/heap_4.o
 .debug_aranges
                0x00001138       0x78 build/port.o
 .debug_aranges
                0x000011b0       0x28 build/startup_stm32f446xx.o

.debug_ranges   0x00000000     0x1398
 .debug_ranges  0x00000000       0x38 build/lab6.o
 .debug_ranges  0x00000038       0x10 build/gpio.o
 .debug_ranges  0x00000048       0x20 build/usart.o
 .debug_ranges  0x00000068       0x48 build/stm32f4xx_it.o
 .debug_ranges  0x000000b0       0x10 build/stm32f4xx_hal_msp.o
 .debug_ranges  0x000000c0       0x20 build/stm32f4xx_hal_timebase_tim.o
 .debug_ranges  0x000000e0      0x3c0 build/stm32f4xx_hal_tim.o
 .debug_ranges  0x000004a0      0x158 build/stm32f4xx_hal_tim_ex.o
 .debug_ranges  0x000005f8      0x1f8 build/stm32f4xx_hal_uart.o
 .debug_ranges  0x000007f0       0x90 build/stm32f4xx_hal_rcc.o
 .debug_ranges  0x00000880       0x80 build/stm32f4xx_hal_rcc_ex.o
 .debug_ranges  0x00000900       0x48 build/stm32f4xx_hal_gpio.o
 .debug_ranges  0x00000948       0x80 build/stm32f4xx_hal_dma.o
 .debug_ranges  0x000009c8       0xe8 build/stm32f4xx_hal_cortex.o
 .debug_ranges  0x00000ab0       0xe0 build/stm32f4xx_hal.o
 .debug_ranges  0x00000b90       0x18 build/system_stm32f4xx.o
 .debug_ranges  0x00000ba8       0x10 build/sysmem.o
 .debug_ranges  0x00000bb8       0x30 build/list.o
 .debug_ranges  0x00000be8      0x1a8 build/queue.o
 .debug_ranges  0x00000d90      0x448 build/tasks.o
 .debug_ranges  0x000011d8       0xd8 build/timers.o
 .debug_ranges  0x000012b0       0x60 build/heap_4.o
 .debug_ranges  0x00001310       0x68 build/port.o
 .debug_ranges  0x00001378       0x20 build/startup_stm32f446xx.o

.debug_line     0x00000000    0x1417e
 .debug_line    0x00000000      0x4b1 build/lab6.o
 .debug_line    0x000004b1      0x1ce build/gpio.o
 .debug_line    0x0000067f      0x2fc build/usart.o
 .debug_line    0x0000097b      0x286 build/stm32f4xx_it.o
 .debug_line    0x00000c01      0x16c build/stm32f4xx_hal_msp.o
 .debug_line    0x00000d6d      0x2ff build/stm32f4xx_hal_timebase_tim.o
 .debug_line    0x0000106c     0x475a build/stm32f4xx_hal_tim.o
 .debug_line    0x000057c6     0x1a56 build/stm32f4xx_hal_tim_ex.o
 .debug_line    0x0000721c     0x3414 build/stm32f4xx_hal_uart.o
 .debug_line    0x0000a630      0xbdc build/stm32f4xx_hal_rcc.o
 .debug_line    0x0000b20c     0x149d build/stm32f4xx_hal_rcc_ex.o
 .debug_line    0x0000c6a9      0x6eb build/stm32f4xx_hal_gpio.o
 .debug_line    0x0000cd94      0xe42 build/stm32f4xx_hal_dma.o
 .debug_line    0x0000dbd6      0x84f build/stm32f4xx_hal_cortex.o
 .debug_line    0x0000e425      0x57f build/stm32f4xx_hal.o
 .debug_line    0x0000e9a4      0x263 build/system_stm32f4xx.o
 .debug_line    0x0000ec07      0x1e1 build/sysmem.o
 .debug_line    0x0000ede8      0x33a build/list.o
 .debug_line    0x0000f122     0x136f build/queue.o
 .debug_line    0x00010491     0x26bf build/tasks.o
 .debug_line    0x00012b50      0xa50 build/timers.o
 .debug_line    0x000135a0      0x769 build/heap_4.o
 .debug_line    0x00013d09      0x402 build/port.o
 .debug_line    0x0001410b       0x73 build/startup_stm32f446xx.o

.debug_str      0x00000000     0x5cab
 .debug_str     0x00000000     0x5cab build/lab6.o
                                0xabb (size before relaxing)
 .debug_str     0x00005cab        0x0 build/gpio.o
                                0x8a0 (size before relaxing)
 .debug_str     0x00005cab        0x0 build/usart.o
                                0xdac (size before relaxing)
 .debug_str     0x00005cab        0x0 build/stm32f4xx_it.o
                                0x986 (size before relaxing)
 .debug_str     0x00005cab        0x0 build/stm32f4xx_hal_msp.o
                                0x2bc (size before relaxing)
 .debug_str     0x00005cab        0x0 build/stm32f4xx_hal_timebase_tim.o
                                0xeae (size before relaxing)
 .debug_str     0x00005cab        0x0 build/stm32f4xx_hal_tim.o
                               0x16db (size before relaxing)
 .debug_str     0x00005cab        0x0 build/stm32f4xx_hal_tim_ex.o
                                0xee7 (size before relaxing)
 .debug_str     0x00005cab        0x0 build/stm32f4xx_hal_uart.o
                                0xd77 (size before relaxing)
 .debug_str     0x00005cab        0x0 build/stm32f4xx_hal_rcc.o
                                0x70c (size before relaxing)
 .debug_str     0x00005cab        0x0 build/stm32f4xx_hal_rcc_ex.o
                                0x7f3 (size before relaxing)
 .debug_str     0x00005cab        0x0 build/stm32f4xx_hal_gpio.o
                                0x4e1 (size before relaxing)
 .debug_str     0x00005cab        0x0 build/stm32f4xx_hal_dma.o
                                0x752 (size before relaxing)
 .debug_str     0x00005cab        0x0 build/stm32f4xx_hal_cortex.o
                                0xc92 (size before relaxing)
 .debug_str     0x00005cab        0x0 build/stm32f4xx_hal.o
                                0xba6 (size before relaxing)
 .debug_str     0x00005cab        0x0 build/system_stm32f4xx.o
                                0x376 (size before relaxing)
 .debug_str     0x00005cab        0x0 build/sysmem.o
                                0x201 (size before relaxing)
 .debug_str     0x00005cab        0x0 build/list.o
                                0x2c3 (size before relaxing)
 .debug_str     0x00005cab        0x0 build/queue.o
                                0xa74 (size before relaxing)
 .debug_str     0x00005cab        0x0 build/tasks.o
                               0x10d1 (size before relaxing)
 .debug_str     0x00005cab        0x0 build/timers.o
                                0x8eb (size before relaxing)
 .debug_str     0x00005cab        0x0 build/heap_4.o
                                0x534 (size before relaxing)
 .debug_str     0x00005cab        0x0 build/port.o
                                0x375 (size before relaxing)
 .debug_str     0x00005cab        0x0 build/startup_stm32f446xx.o
                                 0x5e (size before relaxing)

.debug_frame    0x00000000     0x34a4
 .debug_frame   0x00000000       0xa8 build/lab6.o
 .debug_frame   0x000000a8       0x30 build/gpio.o
 .debug_frame   0x000000d8       0x60 build/usart.o
 .debug_frame   0x00000138       0xa0 build/stm32f4xx_it.o
 .debug_frame   0x000001d8       0x28 build/stm32f4xx_hal_msp.o
 .debug_frame   0x00000200       0x54 build/stm32f4xx_hal_timebase_tim.o
 .debug_frame   0x00000254      0xab0 build/stm32f4xx_hal_tim.o
 .debug_frame   0x00000d04      0x3e8 build/stm32f4xx_hal_tim_ex.o
 .debug_frame   0x000010ec      0x5dc build/stm32f4xx_hal_uart.o
 .debug_frame   0x000016c8      0x16c build/stm32f4xx_hal_rcc.o
 .debug_frame   0x00001834      0x14c build/stm32f4xx_hal_rcc_ex.o
 .debug_frame   0x00001980       0xd0 build/stm32f4xx_hal_gpio.o
 .debug_frame   0x00001a50      0x170 build/stm32f4xx_hal_dma.o
 .debug_frame   0x00001bc0      0x214 build/stm32f4xx_hal_cortex.o
 .debug_frame   0x00001dd4      0x1ec build/stm32f4xx_hal.o
 .debug_frame   0x00001fc0       0x30 build/system_stm32f4xx.o
 .debug_frame   0x00001ff0       0x28 build/sysmem.o
 .debug_frame   0x00002018       0x6c build/list.o
 .debug_frame   0x00002084      0x358 build/queue.o
 .debug_frame   0x000023dc      0x5cc build/tasks.o
 .debug_frame   0x000029a8      0x2ac build/timers.o
 .debug_frame   0x00002c54       0xfc build/heap_4.o
 .debug_frame   0x00002d50       0xec build/port.o
 .debug_frame   0x00002e3c      0x144 C:/arm-gnu-toolchain-15.3.rel1-mingw-w64-i686-arm-none-eabi/bin/../lib/gcc/arm-none-eabi/15.3.1/../../../../arm-none-eabi/lib/thumb/v7e-m+fp/hard\libc_nano.a(libc_a-findfp.o)
 .debug_frame   0x00002f80       0x74 C:/arm-gnu-toolchain-15.3.rel1-mingw-w64-i686-arm-none-eabi/bin/../lib/gcc/arm-none-eabi/15.3.1/../../../../arm-none-eabi/lib/thumb/v7e-m+fp/hard\libc_nano.a(libc_a-sprintf.o)
 .debug_frame   0x00002ff4       0x20 C:/arm-gnu-toolchain-15.3.rel1-mingw-w64-i686-arm-none-eabi/bin/../lib/gcc/arm-none-eabi/15.3.1/../../../../arm-none-eabi/lib/thumb/v7e-m+fp/hard\libc_nano.a(libc_a-memset.o)
 .debug_frame   0x00003014       0x38 C:/arm-gnu-toolchain-15.3.rel1-mingw-w64-i686-arm-none-eabi/bin/../lib/gcc/arm-none-eabi/15.3.1/../../../../arm-none-eabi/lib/thumb/v7e-m+fp/hard\libc_nano.a(libc_a-reent.o)
 .debug_frame   0x0000304c       0x20 C:/arm-gnu-toolchain-15.3.rel1-mingw-w64-i686-arm-none-eabi/bin/../lib/gcc/arm-none-eabi/15.3.1/../../../../arm-none-eabi/lib/thumb/v7e-m+fp/hard\libc_nano.a(libc_a-errno.o)
 .debug_frame   0x0000306c       0x2c C:/arm-gnu-toolchain-15.3.rel1-mingw-w64-i686-arm-none-eabi/bin/../lib/gcc/arm-none-eabi/15.3.1/../../../../arm-none-eabi/lib/thumb/v7e-m+fp/hard\libc_nano.a(libc_a-init.o)
 .debug_frame   0x00003098       0xb0 C:/arm-gnu-toolchain-15.3.rel1-mingw-w64-i686-arm-none-eabi/bin/../lib/gcc/arm-none-eabi/15.3.1/../../../../arm-none-eabi/lib/thumb/v7e-m+fp/hard\libc_nano.a(libc_a-lock.o)
 .debug_frame   0x00003148       0x28 C:/arm-gnu-toolchain-15.3.rel1-mingw-w64-i686-arm-none-eabi/bin/../lib/gcc/arm-none-eabi/15.3.1/../../../../arm-none-eabi/lib/thumb/v7e-m+fp/hard\libc_nano.a(libc_a-memcpy-stub.o)
 .debug_frame   0x00003170       0x20 C:/arm-gnu-toolchain-15.3.rel1-mingw-w64-i686-arm-none-eabi/bin/../lib/gcc/arm-none-eabi/15.3.1/../../../../arm-none-eabi/lib/thumb/v7e-m+fp/hard\libc_nano.a(libc_a-strlen.o)
 .debug_frame   0x00003190       0x38 C:/arm-gnu-toolchain-15.3.rel1-mingw-w64-i686-arm-none-eabi/bin/../lib/gcc/arm-none-eabi/15.3.1/../../../../arm-none-eabi/lib/thumb/v7e-m+fp/hard\libc_nano.a(libc_a-freer.o)
 .debug_frame   0x000031c8       0x50 C:/arm-gnu-toolchain-15.3.rel1-mingw-w64-i686-arm-none-eabi/bin/../lib/gcc/arm-none-eabi/15.3.1/../../../../arm-none-eabi/lib/thumb/v7e-m+fp/hard\libc_nano.a(libc_a-mallocr.o)
 .debug_frame   0x00003218       0x30 C:/arm-gnu-toolchain-15.3.rel1-mingw-w64-i686-arm-none-eabi/bin/../lib/gcc/arm-none-eabi/15.3.1/../../../../arm-none-eabi/lib/thumb/v7e-m+fp/hard\libc_nano.a(libc_a-mlock.o)
 .debug_frame   0x00003248       0x90 C:/arm-gnu-toolchain-15.3.rel1-mingw-w64-i686-arm-none-eabi/bin/../lib/gcc/arm-none-eabi/15.3.1/../../../../arm-none-eabi/lib/thumb/v7e-m+fp/hard\libc_nano.a(libc_a-nano-svfprintf.o)
 .debug_frame   0x000032d8       0x60 C:/arm-gnu-toolchain-15.3.rel1-mingw-w64-i686-arm-none-eabi/bin/../lib/gcc/arm-none-eabi/15.3.1/../../../../arm-none-eabi/lib/thumb/v7e-m+fp/hard\libc_nano.a(libc_a-nano-vfprintf_i.o)
 .debug_frame   0x00003338       0x28 C:/arm-gnu-toolchain-15.3.rel1-mingw-w64-i686-arm-none-eabi/bin/../lib/gcc/arm-none-eabi/15.3.1/../../../../arm-none-eabi/lib/thumb/v7e-m+fp/hard\libc_nano.a(libc_a-memmove.o)
 .debug_frame   0x00003360       0x2c C:/arm-gnu-toolchain-15.3.rel1-mingw-w64-i686-arm-none-eabi/bin/../lib/gcc/arm-none-eabi/15.3.1/../../../../arm-none-eabi/lib/thumb/v7e-m+fp/hard\libc_nano.a(libc_a-sbrkr.o)
 .debug_frame   0x0000338c       0x4c C:/arm-gnu-toolchain-15.3.rel1-mingw-w64-i686-arm-none-eabi/bin/../lib/gcc/arm-none-eabi/15.3.1/../../../../arm-none-eabi/lib/thumb/v7e-m+fp/hard\libc_nano.a(libc_a-memchr.o)
 .debug_frame   0x000033d8       0x3c C:/arm-gnu-toolchain-15.3.rel1-mingw-w64-i686-arm-none-eabi/bin/../lib/gcc/arm-none-eabi/15.3.1/../../../../arm-none-eabi/lib/thumb/v7e-m+fp/hard\libc_nano.a(libc_a-reallocr.o)
 .debug_frame   0x00003414       0x20 C:/arm-gnu-toolchain-15.3.rel1-mingw-w64-i686-arm-none-eabi/bin/../lib/gcc/arm-none-eabi/15.3.1/../../../../arm-none-eabi/lib/thumb/v7e-m+fp/hard\libc_nano.a(libc_a-msizer.o)
 .debug_frame   0x00003434       0x2c C:/arm-gnu-toolchain-15.3.rel1-mingw-w64-i686-arm-none-eabi/bin/../lib/gcc/arm-none-eabi/15.3.1/thumb/v7e-m+fp/hard\libgcc.a(_aeabi_uldivmod.o)
 .debug_frame   0x00003460       0x44 C:/arm-gnu-toolchain-15.3.rel1-mingw-w64-i686-arm-none-eabi/bin/../lib/gcc/arm-none-eabi/15.3.1/thumb/v7e-m+fp/hard\libgcc.a(_udivmoddi4.o)

.debug_line_str
                0x00000000      0x205
 .debug_line_str
                0x00000000      0x205 C:/arm-gnu-toolchain-15.3.rel1-mingw-w64-i686-arm-none-eabi/bin/../lib/gcc/arm-none-eabi/15.3.1/../../../../arm-none-eabi/lib/thumb/v7e-m+fp/hard\libc_nano.a(libc_a-strlen.o)
                                0x109 (size before relaxing)
 .debug_line_str
                0x00000205        0x0 C:/arm-gnu-toolchain-15.3.rel1-mingw-w64-i686-arm-none-eabi/bin/../lib/gcc/arm-none-eabi/15.3.1/../../../../arm-none-eabi/lib/thumb/v7e-m+fp/hard\libc_nano.a(libc_a-memchr.o)
                                 0xff (size before relaxing)
 .debug_line_str
                0x00000205        0x0 C:/arm-gnu-toolchain-15.3.rel1-mingw-w64-i686-arm-none-eabi/bin/../lib/gcc/arm-none-eabi/15.3.1/thumb/v7e-m+fp/hard\libgcc.a(_aeabi_uldivmod.o)
                                 0xe7 (size before relaxing)
 .debug_line_str
                0x00000205        0x0 C:/arm-gnu-toolchain-15.3.rel1-mingw-w64-i686-arm-none-eabi/bin/../lib/gcc/arm-none-eabi/15.3.1/thumb/v7e-m+fp/hard\libgcc.a(_dvmd_tls.o)
                                 0xeb (size before relaxing)

Cross Reference Table

Symbol                                            File
ADC_IRQHandler                                    build/startup_stm32f446xx.o
AHBPrescTable                                     build/system_stm32f4xx.o
                                                  build/stm32f4xx_hal_rcc.o
APBPrescTable                                     build/system_stm32f4xx.o
                                                  build/stm32f4xx_hal_rcc.o
Action_Read_And_Save                              build/app_logger.o
                                                  build/cli_task.o
BusFault_Handler                                  build/stm32f4xx_it.o
CAN1_RX0_IRQHandler                               build/startup_stm32f446xx.o
CAN1_RX1_IRQHandler                               build/startup_stm32f446xx.o
CAN1_SCE_IRQHandler                               build/startup_stm32f446xx.o
CAN1_TX_IRQHandler                                build/startup_stm32f446xx.o
CAN2_RX0_IRQHandler                               build/startup_stm32f446xx.o
CAN2_RX1_IRQHandler                               build/startup_stm32f446xx.o
CAN2_SCE_IRQHandler                               build/startup_stm32f446xx.o
CAN2_TX_IRQHandler                                build/startup_stm32f446xx.o
CEC_IRQHandler                                    build/startup_stm32f446xx.o
CLI_Init                                          build/cli_task.o
CLI_PortLogCount                                  build/app_logger.o
                                                  build/cli_task.o
CLI_PortLogRead                                   build/app_logger.o
                                                  build/cli_task.o
CLI_Printf                                        build/cli_task.o
CLI_Update                                        build/cli_task.o
CLI_Write                                         build/bsp_w25q64.o
                                                  build/cli_task.o
                                                  build/app_logger.o
DCMI_IRQHandler                                   build/startup_stm32f446xx.o
DMA1_Stream0_IRQHandler                           build/startup_stm32f446xx.o
DMA1_Stream1_IRQHandler                           build/startup_stm32f446xx.o
DMA1_Stream2_IRQHandler                           build/startup_stm32f446xx.o
DMA1_Stream3_IRQHandler                           build/startup_stm32f446xx.o
DMA1_Stream4_IRQHandler                           build/startup_stm32f446xx.o
DMA1_Stream5_IRQHandler                           build/startup_stm32f446xx.o
DMA1_Stream6_IRQHandler                           build/startup_stm32f446xx.o
DMA1_Stream7_IRQHandler                           build/startup_stm32f446xx.o
DMA2_Stream0_IRQHandler                           build/startup_stm32f446xx.o
DMA2_Stream1_IRQHandler                           build/startup_stm32f446xx.o
DMA2_Stream2_IRQHandler                           build/startup_stm32f446xx.o
DMA2_Stream3_IRQHandler                           build/startup_stm32f446xx.o
DMA2_Stream4_IRQHandler                           build/startup_stm32f446xx.o
DMA2_Stream5_IRQHandler                           build/startup_stm32f446xx.o
DMA2_Stream6_IRQHandler                           build/startup_stm32f446xx.o
DMA2_Stream7_IRQHandler                           build/startup_stm32f446xx.o
DebugMon_Handler                                  build/stm32f4xx_it.o
Default_Handler                                   build/startup_stm32f446xx.o
EXTI0_IRQHandler                                  build/startup_stm32f446xx.o
EXTI15_10_IRQHandler                              build/startup_stm32f446xx.o
EXTI1_IRQHandler                                  build/startup_stm32f446xx.o
EXTI2_IRQHandler                                  build/startup_stm32f446xx.o
EXTI3_IRQHandler                                  build/startup_stm32f446xx.o
EXTI4_IRQHandler                                  build/startup_stm32f446xx.o
EXTI9_5_IRQHandler                                build/startup_stm32f446xx.o
Error_Handler                                     build/lab6.o
                                                  build/usart.o
FLASH_Erase_Sector                                build/stm32f4xx_hal_flash_ex.o
                                                  build/stm32f4xx_hal_flash.o
FLASH_FlushCaches                                 build/stm32f4xx_hal_flash_ex.o
                                                  build/stm32f4xx_hal_flash.o
FLASH_IRQHandler                                  build/startup_stm32f446xx.o
FLASH_WaitForLastOperation                        build/stm32f4xx_hal_flash.o
                                                  build/stm32f4xx_hal_flash_ex.o
FMC_IRQHandler                                    build/startup_stm32f446xx.o
FMPI2C1_ER_IRQHandler                             build/startup_stm32f446xx.o
FMPI2C1_EV_IRQHandler                             build/startup_stm32f446xx.o
FPU_IRQHandler                                    build/startup_stm32f446xx.o
HAL_CORTEX_ClearEvent                             build/stm32f4xx_hal_cortex.o
HAL_DBGMCU_DisableDBGSleepMode                    build/stm32f4xx_hal.o
HAL_DBGMCU_DisableDBGStandbyMode                  build/stm32f4xx_hal.o
HAL_DBGMCU_DisableDBGStopMode                     build/stm32f4xx_hal.o
HAL_DBGMCU_EnableDBGSleepMode                     build/stm32f4xx_hal.o
HAL_DBGMCU_EnableDBGStandbyMode                   build/stm32f4xx_hal.o
HAL_DBGMCU_EnableDBGStopMode                      build/stm32f4xx_hal.o
HAL_DMAEx_ChangeMemory                            build/stm32f4xx_hal_dma_ex.o
HAL_DMAEx_MultiBufferStart                        build/stm32f4xx_hal_dma_ex.o
HAL_DMAEx_MultiBufferStart_IT                     build/stm32f4xx_hal_dma_ex.o
HAL_DMA_Abort                                     build/stm32f4xx_hal_dma.o
                                                  build/stm32f4xx_hal_uart.o
HAL_DMA_Abort_IT                                  build/stm32f4xx_hal_dma.o
                                                  build/stm32f4xx_hal_uart.o
                                                  build/stm32f4xx_hal_tim_ex.o
                                                  build/stm32f4xx_hal_tim.o
HAL_DMA_DeInit                                    build/stm32f4xx_hal_dma.o
HAL_DMA_GetError                                  build/stm32f4xx_hal_dma.o
                                                  build/stm32f4xx_hal_uart.o
HAL_DMA_GetState                                  build/stm32f4xx_hal_dma.o
HAL_DMA_IRQHandler                                build/stm32f4xx_hal_dma.o
HAL_DMA_Init                                      build/stm32f4xx_hal_dma.o
HAL_DMA_PollForTransfer                           build/stm32f4xx_hal_dma.o
HAL_DMA_RegisterCallback                          build/stm32f4xx_hal_dma.o
HAL_DMA_Start                                     build/stm32f4xx_hal_dma.o
HAL_DMA_Start_IT                                  build/stm32f4xx_hal_dma.o
                                                  build/stm32f4xx_hal_uart.o
                                                  build/stm32f4xx_hal_tim_ex.o
                                                  build/stm32f4xx_hal_tim.o
HAL_DMA_UnRegisterCallback                        build/stm32f4xx_hal_dma.o
HAL_DeInit                                        build/stm32f4xx_hal.o
HAL_Delay                                         build/stm32f4xx_hal.o
                                                  build/bsp_i2c.o
HAL_DisableCompensationCell                       build/stm32f4xx_hal.o
HAL_EXTI_ClearConfigLine                          build/stm32f4xx_hal_exti.o
HAL_EXTI_ClearPending                             build/stm32f4xx_hal_exti.o
HAL_EXTI_GenerateSWI                              build/stm32f4xx_hal_exti.o
HAL_EXTI_GetConfigLine                            build/stm32f4xx_hal_exti.o
HAL_EXTI_GetHandle                                build/stm32f4xx_hal_exti.o
HAL_EXTI_GetPending                               build/stm32f4xx_hal_exti.o
HAL_EXTI_IRQHandler                               build/stm32f4xx_hal_exti.o
HAL_EXTI_RegisterCallback                         build/stm32f4xx_hal_exti.o
HAL_EXTI_SetConfigLine                            build/stm32f4xx_hal_exti.o
HAL_EnableCompensationCell                        build/stm32f4xx_hal.o
HAL_FLASHEx_AdvOBGetConfig                        build/stm32f4xx_hal_flash_ex.o
HAL_FLASHEx_AdvOBProgram                          build/stm32f4xx_hal_flash_ex.o
HAL_FLASHEx_DisableFlashSleepMode                 build/stm32f4xx_hal_flash_ramfunc.o
HAL_FLASHEx_EnableFlashSleepMode                  build/stm32f4xx_hal_flash_ramfunc.o
HAL_FLASHEx_Erase                                 build/stm32f4xx_hal_flash_ex.o
HAL_FLASHEx_Erase_IT                              build/stm32f4xx_hal_flash_ex.o
HAL_FLASHEx_OBGetConfig                           build/stm32f4xx_hal_flash_ex.o
HAL_FLASHEx_OBProgram                             build/stm32f4xx_hal_flash_ex.o
HAL_FLASHEx_OB_DeSelectPCROP                      build/stm32f4xx_hal_flash_ex.o
HAL_FLASHEx_OB_SelectPCROP                        build/stm32f4xx_hal_flash_ex.o
HAL_FLASHEx_StartFlashInterfaceClk                build/stm32f4xx_hal_flash_ramfunc.o
HAL_FLASHEx_StopFlashInterfaceClk                 build/stm32f4xx_hal_flash_ramfunc.o
HAL_FLASH_EndOfOperationCallback                  build/stm32f4xx_hal_flash.o
HAL_FLASH_GetError                                build/stm32f4xx_hal_flash.o
HAL_FLASH_IRQHandler                              build/stm32f4xx_hal_flash.o
HAL_FLASH_Lock                                    build/stm32f4xx_hal_flash.o
HAL_FLASH_OB_Launch                               build/stm32f4xx_hal_flash.o
HAL_FLASH_OB_Lock                                 build/stm32f4xx_hal_flash.o
HAL_FLASH_OB_Unlock                               build/stm32f4xx_hal_flash.o
HAL_FLASH_OperationErrorCallback                  build/stm32f4xx_hal_flash.o
HAL_FLASH_Program                                 build/stm32f4xx_hal_flash.o
HAL_FLASH_Program_IT                              build/stm32f4xx_hal_flash.o
HAL_FLASH_Unlock                                  build/stm32f4xx_hal_flash.o
HAL_GPIO_DeInit                                   build/stm32f4xx_hal_gpio.o
                                                  build/usart.o
HAL_GPIO_EXTI_Callback                            build/stm32f4xx_hal_gpio.o
HAL_GPIO_EXTI_IRQHandler                          build/stm32f4xx_hal_gpio.o
HAL_GPIO_Init                                     build/stm32f4xx_hal_gpio.o
                                                  build/stm32f4xx_hal_rcc.o
                                                  build/usart.o
                                                  build/gpio.o
HAL_GPIO_LockPin                                  build/stm32f4xx_hal_gpio.o
HAL_GPIO_ReadPin                                  build/stm32f4xx_hal_gpio.o
HAL_GPIO_TogglePin                                build/stm32f4xx_hal_gpio.o
HAL_GPIO_WritePin                                 build/stm32f4xx_hal_gpio.o
HAL_GetDEVID                                      build/stm32f4xx_hal.o
HAL_GetHalVersion                                 build/stm32f4xx_hal.o
HAL_GetREVID                                      build/stm32f4xx_hal.o
HAL_GetTick                                       build/stm32f4xx_hal.o
                                                  build/stm32f4xx_hal_pwr_ex.o
                                                  build/stm32f4xx_hal_dma.o
                                                  build/stm32f4xx_hal_flash.o
                                                  build/stm32f4xx_hal_rcc_ex.o
                                                  build/stm32f4xx_hal_rcc.o
                                                  build/stm32f4xx_hal_uart.o
HAL_GetTickFreq                                   build/stm32f4xx_hal.o
HAL_GetTickPrio                                   build/stm32f4xx_hal.o
HAL_GetUIDw0                                      build/stm32f4xx_hal.o
HAL_GetUIDw1                                      build/stm32f4xx_hal.o
HAL_GetUIDw2                                      build/stm32f4xx_hal.o
HAL_HalfDuplex_EnableReceiver                     build/stm32f4xx_hal_uart.o
HAL_HalfDuplex_EnableTransmitter                  build/stm32f4xx_hal_uart.o
HAL_HalfDuplex_Init                               build/stm32f4xx_hal_uart.o
HAL_IncTick                                       build/stm32f4xx_hal.o
HAL_Init                                          build/stm32f4xx_hal.o
                                                  build/lab6.o
HAL_InitTick                                      build/stm32f4xx_hal_timebase_tim.o
                                                  build/stm32f4xx_hal_rcc_ex.o
                                                  build/stm32f4xx_hal_rcc.o
HAL_LIN_Init                                      build/stm32f4xx_hal_uart.o
HAL_LIN_SendBreak                                 build/stm32f4xx_hal_uart.o
HAL_MPU_ConfigRegion                              build/stm32f4xx_hal_cortex.o
HAL_MPU_Disable                                   build/stm32f4xx_hal_cortex.o
HAL_MPU_DisableRegion                             build/stm32f4xx_hal_cortex.o
HAL_MPU_Enable                                    build/stm32f4xx_hal_cortex.o
HAL_MPU_EnableRegion                              build/stm32f4xx_hal_cortex.o
HAL_MspDeInit                                     build/stm32f4xx_hal.o
HAL_MspInit                                       build/stm32f4xx_hal_msp.o
HAL_MultiProcessor_EnterMuteMode                  build/stm32f4xx_hal_uart.o
HAL_MultiProcessor_ExitMuteMode                   build/stm32f4xx_hal_uart.o
HAL_MultiProcessor_Init                           build/stm32f4xx_hal_uart.o
HAL_NVIC_ClearPendingIRQ                          build/stm32f4xx_hal_cortex.o
HAL_NVIC_DisableIRQ                               build/stm32f4xx_hal_cortex.o
                                                  build/usart.o
HAL_NVIC_EnableIRQ                                build/stm32f4xx_hal_cortex.o
                                                  build/stm32f4xx_hal_timebase_tim.o
                                                  build/usart.o
                                                  build/gpio.o
HAL_NVIC_GetActive                                build/stm32f4xx_hal_cortex.o
HAL_NVIC_GetPendingIRQ                            build/stm32f4xx_hal_cortex.o
HAL_NVIC_GetPriority                              build/stm32f4xx_hal_cortex.o
HAL_NVIC_GetPriorityGrouping                      build/stm32f4xx_hal_cortex.o
HAL_NVIC_SetPendingIRQ                            build/stm32f4xx_hal_cortex.o
HAL_NVIC_SetPriority                              build/stm32f4xx_hal_cortex.o
                                                  build/stm32f4xx_hal.o
                                                  build/stm32f4xx_hal_timebase_tim.o
                                                  build/usart.o
                                                  build/gpio.o
HAL_NVIC_SetPriorityGrouping                      build/stm32f4xx_hal_cortex.o
                                                  build/stm32f4xx_hal.o
HAL_NVIC_SystemReset                              build/stm32f4xx_hal_cortex.o
HAL_PWREx_ControlVoltageScaling                   build/stm32f4xx_hal_pwr_ex.o
HAL_PWREx_DisableBkUpReg                          build/stm32f4xx_hal_pwr_ex.o
HAL_PWREx_DisableFlashPowerDown                   build/stm32f4xx_hal_pwr_ex.o
HAL_PWREx_DisableOverDrive                        build/stm32f4xx_hal_pwr_ex.o
HAL_PWREx_EnableBkUpReg                           build/stm32f4xx_hal_pwr_ex.o
HAL_PWREx_EnableFlashPowerDown                    build/stm32f4xx_hal_pwr_ex.o
HAL_PWREx_EnableOverDrive                         build/stm32f4xx_hal_pwr_ex.o
HAL_PWREx_EnterUnderDriveSTOPMode                 build/stm32f4xx_hal_pwr_ex.o
HAL_PWREx_GetVoltageRange                         build/stm32f4xx_hal_pwr_ex.o
HAL_PWR_ConfigPVD                                 build/stm32f4xx_hal_pwr.o
HAL_PWR_DeInit                                    build/stm32f4xx_hal_pwr.o